<?xml version="1.0" encoding="ISO-8859-1" ?>
<link_info>
   <banner>TI ARM Linker PC v20.2.7.LTS</banner>
   <copyright>Copyright (c) 1996-2018 Texas Instruments Incorporated</copyright>
   <link_time>0x65d71946</link_time>
   <link_errors>0x0</link_errors>
   <output_file>prog_kenny_17_02_24.out</output_file>
   <entry_point>
      <name>_c_int00_noargs</name>
      <address>0x898d</address>
   </entry_point>
   <input_file_list>
      <input_file id="fl-2">
         <path>.\</path>
         <kind>object</kind>
         <file>main.obj</file>
         <name>main.obj</name>
      </input_file>
      <input_file id="fl-3">
         <path>.\</path>
         <kind>object</kind>
         <file>startup_msp432p401r_ccs.obj</file>
         <name>startup_msp432p401r_ccs.obj</name>
      </input_file>
      <input_file id="fl-4">
         <path>.\</path>
         <kind>object</kind>
         <file>system_msp432p401r.obj</file>
         <name>system_msp432p401r.obj</name>
      </input_file>
      <input_file id="fl-5">
         <path>.\Hardware\Graphics\</path>
         <kind>object</kind>
         <file>menu_graphics.obj</file>
         <name>menu_graphics.obj</name>
      </input_file>
      <input_file id="fl-6">
         <path>.\Hardware\HumTempDriver\</path>
         <kind>object</kind>
         <file>HAL_DHT20.obj</file>
         <name>HAL_DHT20.obj</name>
      </input_file>
      <input_file id="fl-7">
         <path>.\Hardware\I2cDriver\</path>
         <kind>object</kind>
         <file>HAL_I2C.obj</file>
         <name>HAL_I2C.obj</name>
      </input_file>
      <input_file id="fl-8">
         <path>.\Hardware\LcdDriver\</path>
         <kind>object</kind>
         <file>Crystalfontz128x128_ST7735.obj</file>
         <name>Crystalfontz128x128_ST7735.obj</name>
      </input_file>
      <input_file id="fl-9">
         <path>.\Hardware\LcdDriver\</path>
         <kind>object</kind>
         <file>HAL_MSP_EXP432P401R_Crystalfontz128x128_ST7735.obj</file>
         <name>HAL_MSP_EXP432P401R_Crystalfontz128x128_ST7735.obj</name>
      </input_file>
      <input_file id="fl-a">
         <path>.\Hardware\LuxDriver\</path>
         <kind>object</kind>
         <file>HAL_OPT3001.obj</file>
         <name>HAL_OPT3001.obj</name>
      </input_file>
      <input_file id="fl-b">
         <path>.\Hardware\PowerDriver\</path>
         <kind>object</kind>
         <file>HAL_INA219.obj</file>
         <name>HAL_INA219.obj</name>
      </input_file>
      <input_file id="fl-c">
         <path>.\Hardware\</path>
         <kind>object</kind>
         <file>hardware_init.obj</file>
         <name>hardware_init.obj</name>
      </input_file>
      <input_file id="fl-d">
         <path>.\Hardware\</path>
         <kind>object</kind>
         <file>status.obj</file>
         <name>status.obj</name>
      </input_file>
      <input_file id="fl-13">
         <kind>object</kind>
         <file>&lt;internal&gt;</file>
         <name>&lt;internal&gt;</name>
      </input_file>
      <input_file id="fl-c9">
         <path>C:\ti\ccs1260\ccs\tools\compiler\ti-cgt-arm_20.2.7.LTS\lib\</path>
         <kind>archive</kind>
         <file>rtsv7M4_T_le_v4SPD16_eabi.lib</file>
         <name>printf.c.obj</name>
      </input_file>
      <input_file id="fl-ca">
         <path>C:\ti\ccs1260\ccs\tools\compiler\ti-cgt-arm_20.2.7.LTS\lib\</path>
         <kind>archive</kind>
         <file>rtsv7M4_T_le_v4SPD16_eabi.lib</file>
         <name>_printfi.c.obj</name>
      </input_file>
      <input_file id="fl-cb">
         <path>C:\ti\ccs1260\ccs\tools\compiler\ti-cgt-arm_20.2.7.LTS\lib\</path>
         <kind>archive</kind>
         <file>rtsv7M4_T_le_v4SPD16_eabi.lib</file>
         <name>sprintf.c.obj</name>
      </input_file>
      <input_file id="fl-cc">
         <path>C:\ti\ccs1260\ccs\tools\compiler\ti-cgt-arm_20.2.7.LTS\lib\</path>
         <kind>archive</kind>
         <file>rtsv7M4_T_le_v4SPD16_eabi.lib</file>
         <name>sscanf.c.obj</name>
      </input_file>
      <input_file id="fl-cd">
         <path>C:\ti\ccs1260\ccs\tools\compiler\ti-cgt-arm_20.2.7.LTS\lib\</path>
         <kind>archive</kind>
         <file>rtsv7M4_T_le_v4SPD16_eabi.lib</file>
         <name>fputc.c.obj</name>
      </input_file>
      <input_file id="fl-ce">
         <path>C:\ti\ccs1260\ccs\tools\compiler\ti-cgt-arm_20.2.7.LTS\lib\</path>
         <kind>archive</kind>
         <file>rtsv7M4_T_le_v4SPD16_eabi.lib</file>
         <name>fputs.c.obj</name>
      </input_file>
      <input_file id="fl-cf">
         <path>C:\ti\ccs1260\ccs\tools\compiler\ti-cgt-arm_20.2.7.LTS\lib\</path>
         <kind>archive</kind>
         <file>rtsv7M4_T_le_v4SPD16_eabi.lib</file>
         <name>_io_perm.c.obj</name>
      </input_file>
      <input_file id="fl-d0">
         <path>C:\ti\ccs1260\ccs\tools\compiler\ti-cgt-arm_20.2.7.LTS\lib\</path>
         <kind>archive</kind>
         <file>rtsv7M4_T_le_v4SPD16_eabi.lib</file>
         <name>setvbuf.c.obj</name>
      </input_file>
      <input_file id="fl-d1">
         <path>C:\ti\ccs1260\ccs\tools\compiler\ti-cgt-arm_20.2.7.LTS\lib\</path>
         <kind>archive</kind>
         <file>rtsv7M4_T_le_v4SPD16_eabi.lib</file>
         <name>fd_add_t2.asm.obj</name>
      </input_file>
      <input_file id="fl-d2">
         <path>C:\ti\ccs1260\ccs\tools\compiler\ti-cgt-arm_20.2.7.LTS\lib\</path>
         <kind>archive</kind>
         <file>rtsv7M4_T_le_v4SPD16_eabi.lib</file>
         <name>fd_cmp_t2.asm.obj</name>
      </input_file>
      <input_file id="fl-d3">
         <path>C:\ti\ccs1260\ccs\tools\compiler\ti-cgt-arm_20.2.7.LTS\lib\</path>
         <kind>archive</kind>
         <file>rtsv7M4_T_le_v4SPD16_eabi.lib</file>
         <name>fd_div_t2.asm.obj</name>
      </input_file>
      <input_file id="fl-d4">
         <path>C:\ti\ccs1260\ccs\tools\compiler\ti-cgt-arm_20.2.7.LTS\lib\</path>
         <kind>archive</kind>
         <file>rtsv7M4_T_le_v4SPD16_eabi.lib</file>
         <name>fd_mul_t2.asm.obj</name>
      </input_file>
      <input_file id="fl-d5">
         <path>C:\ti\ccs1260\ccs\tools\compiler\ti-cgt-arm_20.2.7.LTS\lib\</path>
         <kind>archive</kind>
         <file>rtsv7M4_T_le_v4SPD16_eabi.lib</file>
         <name>fd_toi_t2.asm.obj</name>
      </input_file>
      <input_file id="fl-d6">
         <path>C:\ti\ccs1260\ccs\tools\compiler\ti-cgt-arm_20.2.7.LTS\lib\</path>
         <kind>archive</kind>
         <file>rtsv7M4_T_le_v4SPD16_eabi.lib</file>
         <name>i_tofd_t2.asm.obj</name>
      </input_file>
      <input_file id="fl-d7">
         <path>C:\ti\ccs1260\ccs\tools\compiler\ti-cgt-arm_20.2.7.LTS\lib\</path>
         <kind>archive</kind>
         <file>rtsv7M4_T_le_v4SPD16_eabi.lib</file>
         <name>memcpy_t2.asm.obj</name>
      </input_file>
      <input_file id="fl-d8">
         <path>C:\ti\ccs1260\ccs\tools\compiler\ti-cgt-arm_20.2.7.LTS\lib\</path>
         <kind>archive</kind>
         <file>rtsv7M4_T_le_v4SPD16_eabi.lib</file>
         <name>memset_t2.asm.obj</name>
      </input_file>
      <input_file id="fl-d9">
         <path>C:\ti\ccs1260\ccs\tools\compiler\ti-cgt-arm_20.2.7.LTS\lib\</path>
         <kind>archive</kind>
         <file>rtsv7M4_T_le_v4SPD16_eabi.lib</file>
         <name>i_divt2.asm.obj</name>
      </input_file>
      <input_file id="fl-da">
         <path>C:\ti\ccs1260\ccs\tools\compiler\ti-cgt-arm_20.2.7.LTS\lib\</path>
         <kind>archive</kind>
         <file>rtsv7M4_T_le_v4SPD16_eabi.lib</file>
         <name>ull_div_t2.asm.obj</name>
      </input_file>
      <input_file id="fl-db">
         <path>C:\ti\ccs1260\ccs\tools\compiler\ti-cgt-arm_20.2.7.LTS\lib\</path>
         <kind>archive</kind>
         <file>rtsv7M4_T_le_v4SPD16_eabi.lib</file>
         <name>copy_zero_init.c.obj</name>
      </input_file>
      <input_file id="fl-dc">
         <path>C:\ti\ccs1260\ccs\tools\compiler\ti-cgt-arm_20.2.7.LTS\lib\</path>
         <kind>archive</kind>
         <file>rtsv7M4_T_le_v4SPD16_eabi.lib</file>
         <name>copy_decompress_none.c.obj</name>
      </input_file>
      <input_file id="fl-dd">
         <path>C:\ti\ccs1260\ccs\tools\compiler\ti-cgt-arm_20.2.7.LTS\lib\</path>
         <kind>archive</kind>
         <file>rtsv7M4_T_le_v4SPD16_eabi.lib</file>
         <name>copy_decompress_lzss.c.obj</name>
      </input_file>
      <input_file id="fl-de">
         <path>C:\ti\ccs1260\ccs\tools\compiler\ti-cgt-arm_20.2.7.LTS\lib\</path>
         <kind>archive</kind>
         <file>rtsv7M4_T_le_v4SPD16_eabi.lib</file>
         <name>exit.c.obj</name>
      </input_file>
      <input_file id="fl-df">
         <path>C:\ti\ccs1260\ccs\tools\compiler\ti-cgt-arm_20.2.7.LTS\lib\</path>
         <kind>archive</kind>
         <file>rtsv7M4_T_le_v4SPD16_eabi.lib</file>
         <name>_lock.c.obj</name>
      </input_file>
      <input_file id="fl-e0">
         <path>C:\ti\ccs1260\ccs\tools\compiler\ti-cgt-arm_20.2.7.LTS\lib\</path>
         <kind>archive</kind>
         <file>rtsv7M4_T_le_v4SPD16_eabi.lib</file>
         <name>_ltoa.c.obj</name>
      </input_file>
      <input_file id="fl-e1">
         <path>C:\ti\ccs1260\ccs\tools\compiler\ti-cgt-arm_20.2.7.LTS\lib\</path>
         <kind>archive</kind>
         <file>rtsv7M4_T_le_v4SPD16_eabi.lib</file>
         <name>atoi.c.obj</name>
      </input_file>
      <input_file id="fl-e2">
         <path>C:\ti\ccs1260\ccs\tools\compiler\ti-cgt-arm_20.2.7.LTS\lib\</path>
         <kind>archive</kind>
         <file>rtsv7M4_T_le_v4SPD16_eabi.lib</file>
         <name>ctype.c.obj</name>
      </input_file>
      <input_file id="fl-e3">
         <path>C:\ti\ccs1260\ccs\tools\compiler\ti-cgt-arm_20.2.7.LTS\lib\</path>
         <kind>archive</kind>
         <file>rtsv7M4_T_le_v4SPD16_eabi.lib</file>
         <name>defs.c.obj</name>
      </input_file>
      <input_file id="fl-e4">
         <path>C:\ti\ccs1260\ccs\tools\compiler\ti-cgt-arm_20.2.7.LTS\lib\</path>
         <kind>archive</kind>
         <file>rtsv7M4_T_le_v4SPD16_eabi.lib</file>
         <name>memccpy.c.obj</name>
      </input_file>
      <input_file id="fl-e5">
         <path>C:\ti\ccs1260\ccs\tools\compiler\ti-cgt-arm_20.2.7.LTS\lib\</path>
         <kind>archive</kind>
         <file>rtsv7M4_T_le_v4SPD16_eabi.lib</file>
         <name>memchr.c.obj</name>
      </input_file>
      <input_file id="fl-e6">
         <path>C:\ti\ccs1260\ccs\tools\compiler\ti-cgt-arm_20.2.7.LTS\lib\</path>
         <kind>archive</kind>
         <file>rtsv7M4_T_le_v4SPD16_eabi.lib</file>
         <name>memory.c.obj</name>
      </input_file>
      <input_file id="fl-e7">
         <path>C:\ti\ccs1260\ccs\tools\compiler\ti-cgt-arm_20.2.7.LTS\lib\</path>
         <kind>archive</kind>
         <file>rtsv7M4_T_le_v4SPD16_eabi.lib</file>
         <name>strchr.c.obj</name>
      </input_file>
      <input_file id="fl-e8">
         <path>C:\ti\ccs1260\ccs\tools\compiler\ti-cgt-arm_20.2.7.LTS\lib\</path>
         <kind>archive</kind>
         <file>rtsv7M4_T_le_v4SPD16_eabi.lib</file>
         <name>strcmp.c.obj</name>
      </input_file>
      <input_file id="fl-e9">
         <path>C:\ti\ccs1260\ccs\tools\compiler\ti-cgt-arm_20.2.7.LTS\lib\</path>
         <kind>archive</kind>
         <file>rtsv7M4_T_le_v4SPD16_eabi.lib</file>
         <name>strlen.c.obj</name>
      </input_file>
      <input_file id="fl-ea">
         <path>C:\ti\ccs1260\ccs\tools\compiler\ti-cgt-arm_20.2.7.LTS\lib\</path>
         <kind>archive</kind>
         <file>rtsv7M4_T_le_v4SPD16_eabi.lib</file>
         <name>strncmp.c.obj</name>
      </input_file>
      <input_file id="fl-eb">
         <path>C:\ti\ccs1260\ccs\tools\compiler\ti-cgt-arm_20.2.7.LTS\lib\</path>
         <kind>archive</kind>
         <file>rtsv7M4_T_le_v4SPD16_eabi.lib</file>
         <name>boot_cortex_m.c.obj</name>
      </input_file>
      <input_file id="fl-ec">
         <path>C:\ti\ccs1260\ccs\tools\compiler\ti-cgt-arm_20.2.7.LTS\lib\</path>
         <kind>archive</kind>
         <file>rtsv7M4_T_le_v4SPD16_eabi.lib</file>
         <name>write.c.obj</name>
      </input_file>
      <input_file id="fl-ed">
         <path>C:\ti\ccs1260\ccs\tools\compiler\ti-cgt-arm_20.2.7.LTS\lib\</path>
         <kind>archive</kind>
         <file>rtsv7M4_T_le_v4SPD16_eabi.lib</file>
         <name>host_device.c.obj</name>
      </input_file>
      <input_file id="fl-ee">
         <path>C:\ti\ccs1260\ccs\tools\compiler\ti-cgt-arm_20.2.7.LTS\lib\</path>
         <kind>archive</kind>
         <file>rtsv7M4_T_le_v4SPD16_eabi.lib</file>
         <name>errno.c.obj</name>
      </input_file>
      <input_file id="fl-ef">
         <path>C:\ti\ccs1260\ccs\tools\compiler\ti-cgt-arm_20.2.7.LTS\lib\</path>
         <kind>archive</kind>
         <file>rtsv7M4_T_le_v4SPD16_eabi.lib</file>
         <name>wcslen.c.obj</name>
      </input_file>
      <input_file id="fl-f0">
         <path>C:\ti\ccs1260\ccs\tools\compiler\ti-cgt-arm_20.2.7.LTS\lib\</path>
         <kind>archive</kind>
         <file>rtsv7M4_T_le_v4SPD16_eabi.lib</file>
         <name>s_frexp.c.obj</name>
      </input_file>
      <input_file id="fl-f1">
         <path>C:\ti\ccs1260\ccs\tools\compiler\ti-cgt-arm_20.2.7.LTS\lib\</path>
         <kind>archive</kind>
         <file>rtsv7M4_T_le_v4SPD16_eabi.lib</file>
         <name>s_scalbn.c.obj</name>
      </input_file>
      <input_file id="fl-f2">
         <path>C:\ti\ccs1260\ccs\tools\compiler\ti-cgt-arm_20.2.7.LTS\lib\</path>
         <kind>archive</kind>
         <file>rtsv7M4_T_le_v4SPD16_eabi.lib</file>
         <name>_scanfi.c.obj</name>
      </input_file>
      <input_file id="fl-f3">
         <path>C:\ti\ccs1260\ccs\tools\compiler\ti-cgt-arm_20.2.7.LTS\lib\</path>
         <kind>archive</kind>
         <file>rtsv7M4_T_le_v4SPD16_eabi.lib</file>
         <name>fflush.c.obj</name>
      </input_file>
      <input_file id="fl-f4">
         <path>C:\ti\ccs1260\ccs\tools\compiler\ti-cgt-arm_20.2.7.LTS\lib\</path>
         <kind>archive</kind>
         <file>rtsv7M4_T_le_v4SPD16_eabi.lib</file>
         <name>fopen.c.obj</name>
      </input_file>
      <input_file id="fl-f5">
         <path>C:\ti\ccs1260\ccs\tools\compiler\ti-cgt-arm_20.2.7.LTS\lib\</path>
         <kind>archive</kind>
         <file>rtsv7M4_T_le_v4SPD16_eabi.lib</file>
         <name>fseek.c.obj</name>
      </input_file>
      <input_file id="fl-f6">
         <path>C:\ti\ccs1260\ccs\tools\compiler\ti-cgt-arm_20.2.7.LTS\lib\</path>
         <kind>archive</kind>
         <file>rtsv7M4_T_le_v4SPD16_eabi.lib</file>
         <name>div0.asm.obj</name>
      </input_file>
      <input_file id="fl-f7">
         <path>C:\ti\ccs1260\ccs\tools\compiler\ti-cgt-arm_20.2.7.LTS\lib\</path>
         <kind>archive</kind>
         <file>rtsv7M4_T_le_v4SPD16_eabi.lib</file>
         <name>fd_tos_t2.asm.obj</name>
      </input_file>
      <input_file id="fl-f8">
         <path>C:\ti\ccs1260\ccs\tools\compiler\ti-cgt-arm_20.2.7.LTS\lib\</path>
         <kind>archive</kind>
         <file>rtsv7M4_T_le_v4SPD16_eabi.lib</file>
         <name>autoinit.c.obj</name>
      </input_file>
      <input_file id="fl-f9">
         <path>C:\ti\ccs1260\ccs\tools\compiler\ti-cgt-arm_20.2.7.LTS\lib\</path>
         <kind>archive</kind>
         <file>rtsv7M4_T_le_v4SPD16_eabi.lib</file>
         <name>pre_init.c.obj</name>
      </input_file>
      <input_file id="fl-fa">
         <path>C:\ti\ccs1260\ccs\tools\compiler\ti-cgt-arm_20.2.7.LTS\lib\</path>
         <kind>archive</kind>
         <file>rtsv7M4_T_le_v4SPD16_eabi.lib</file>
         <name>cpy_tbl.c.obj</name>
      </input_file>
      <input_file id="fl-fb">
         <path>C:\ti\ccs1260\ccs\tools\compiler\ti-cgt-arm_20.2.7.LTS\lib\</path>
         <kind>archive</kind>
         <file>rtsv7M4_T_le_v4SPD16_eabi.lib</file>
         <name>args_main.c.obj</name>
      </input_file>
      <input_file id="fl-fc">
         <path>C:\ti\ccs1260\ccs\tools\compiler\ti-cgt-arm_20.2.7.LTS\lib\</path>
         <kind>archive</kind>
         <file>rtsv7M4_T_le_v4SPD16_eabi.lib</file>
         <name>strcpy.c.obj</name>
      </input_file>
      <input_file id="fl-fd">
         <path>C:\ti\ccs1260\ccs\tools\compiler\ti-cgt-arm_20.2.7.LTS\lib\</path>
         <kind>archive</kind>
         <file>rtsv7M4_T_le_v4SPD16_eabi.lib</file>
         <name>strrchr.c.obj</name>
      </input_file>
      <input_file id="fl-fe">
         <path>C:\ti\ccs1260\ccs\tools\compiler\ti-cgt-arm_20.2.7.LTS\lib\</path>
         <kind>archive</kind>
         <file>rtsv7M4_T_le_v4SPD16_eabi.lib</file>
         <name>strtod.c.obj</name>
      </input_file>
      <input_file id="fl-ff">
         <path>C:\ti\ccs1260\ccs\tools\compiler\ti-cgt-arm_20.2.7.LTS\lib\</path>
         <kind>archive</kind>
         <file>rtsv7M4_T_le_v4SPD16_eabi.lib</file>
         <name>strtol.c.obj</name>
      </input_file>
      <input_file id="fl-100">
         <path>C:\ti\ccs1260\ccs\tools\compiler\ti-cgt-arm_20.2.7.LTS\lib\</path>
         <kind>archive</kind>
         <file>rtsv7M4_T_le_v4SPD16_eabi.lib</file>
         <name>strtoll.c.obj</name>
      </input_file>
      <input_file id="fl-101">
         <path>C:\ti\ccs1260\ccs\tools\compiler\ti-cgt-arm_20.2.7.LTS\lib\</path>
         <kind>archive</kind>
         <file>rtsv7M4_T_le_v4SPD16_eabi.lib</file>
         <name>strtoul.c.obj</name>
      </input_file>
      <input_file id="fl-102">
         <path>C:\ti\ccs1260\ccs\tools\compiler\ti-cgt-arm_20.2.7.LTS\lib\</path>
         <kind>archive</kind>
         <file>rtsv7M4_T_le_v4SPD16_eabi.lib</file>
         <name>strtoull.c.obj</name>
      </input_file>
      <input_file id="fl-103">
         <path>C:\ti\ccs1260\ccs\tools\compiler\ti-cgt-arm_20.2.7.LTS\lib\</path>
         <kind>archive</kind>
         <file>rtsv7M4_T_le_v4SPD16_eabi.lib</file>
         <name>hostclose.c.obj</name>
      </input_file>
      <input_file id="fl-104">
         <path>C:\ti\ccs1260\ccs\tools\compiler\ti-cgt-arm_20.2.7.LTS\lib\</path>
         <kind>archive</kind>
         <file>rtsv7M4_T_le_v4SPD16_eabi.lib</file>
         <name>hostlseek.c.obj</name>
      </input_file>
      <input_file id="fl-105">
         <path>C:\ti\ccs1260\ccs\tools\compiler\ti-cgt-arm_20.2.7.LTS\lib\</path>
         <kind>archive</kind>
         <file>rtsv7M4_T_le_v4SPD16_eabi.lib</file>
         <name>hostopen.c.obj</name>
      </input_file>
      <input_file id="fl-106">
         <path>C:\ti\ccs1260\ccs\tools\compiler\ti-cgt-arm_20.2.7.LTS\lib\</path>
         <kind>archive</kind>
         <file>rtsv7M4_T_le_v4SPD16_eabi.lib</file>
         <name>hostread.c.obj</name>
      </input_file>
      <input_file id="fl-107">
         <path>C:\ti\ccs1260\ccs\tools\compiler\ti-cgt-arm_20.2.7.LTS\lib\</path>
         <kind>archive</kind>
         <file>rtsv7M4_T_le_v4SPD16_eabi.lib</file>
         <name>hostrename.c.obj</name>
      </input_file>
      <input_file id="fl-108">
         <path>C:\ti\ccs1260\ccs\tools\compiler\ti-cgt-arm_20.2.7.LTS\lib\</path>
         <kind>archive</kind>
         <file>rtsv7M4_T_le_v4SPD16_eabi.lib</file>
         <name>hostunlink.c.obj</name>
      </input_file>
      <input_file id="fl-109">
         <path>C:\ti\ccs1260\ccs\tools\compiler\ti-cgt-arm_20.2.7.LTS\lib\</path>
         <kind>archive</kind>
         <file>rtsv7M4_T_le_v4SPD16_eabi.lib</file>
         <name>hostwrite.c.obj</name>
      </input_file>
      <input_file id="fl-10a">
         <path>C:\ti\ccs1260\ccs\tools\compiler\ti-cgt-arm_20.2.7.LTS\lib\</path>
         <kind>archive</kind>
         <file>rtsv7M4_T_le_v4SPD16_eabi.lib</file>
         <name>trgmsg.c.obj</name>
      </input_file>
      <input_file id="fl-10b">
         <path>C:\ti\ccs1260\ccs\tools\compiler\ti-cgt-arm_20.2.7.LTS\lib\</path>
         <kind>archive</kind>
         <file>rtsv7M4_T_le_v4SPD16_eabi.lib</file>
         <name>open.c.obj</name>
      </input_file>
      <input_file id="fl-10c">
         <path>C:\ti\ccs1260\ccs\tools\compiler\ti-cgt-arm_20.2.7.LTS\lib\</path>
         <kind>archive</kind>
         <file>rtsv7M4_T_le_v4SPD16_eabi.lib</file>
         <name>lseek.c.obj</name>
      </input_file>
      <input_file id="fl-10d">
         <path>C:\ti\ccs1260\ccs\tools\compiler\ti-cgt-arm_20.2.7.LTS\lib\</path>
         <kind>archive</kind>
         <file>rtsv7M4_T_le_v4SPD16_eabi.lib</file>
         <name>s_copysign.c.obj</name>
      </input_file>
      <input_file id="fl-10e">
         <path>C:\ti\ccs1260\ccs\tools\compiler\ti-cgt-arm_20.2.7.LTS\lib\</path>
         <kind>archive</kind>
         <file>rtsv7M4_T_le_v4SPD16_eabi.lib</file>
         <name>fclose.c.obj</name>
      </input_file>
      <input_file id="fl-10f">
         <path>C:\ti\ccs1260\ccs\tools\compiler\ti-cgt-arm_20.2.7.LTS\lib\</path>
         <kind>archive</kind>
         <file>rtsv7M4_T_le_v4SPD16_eabi.lib</file>
         <name>getdevice.c.obj</name>
      </input_file>
      <input_file id="fl-110">
         <path>C:\ti\ccs1260\ccs\tools\compiler\ti-cgt-arm_20.2.7.LTS\lib\</path>
         <kind>archive</kind>
         <file>rtsv7M4_T_le_v4SPD16_eabi.lib</file>
         <name>ll_mul_t2.asm.obj</name>
      </input_file>
      <input_file id="fl-111">
         <path>C:\ti\ccs1260\ccs\tools\compiler\ti-cgt-arm_20.2.7.LTS\lib\</path>
         <kind>archive</kind>
         <file>rtsv7M4_T_le_v4SPD16_eabi.lib</file>
         <name>strncpy.c.obj</name>
      </input_file>
      <input_file id="fl-112">
         <path>C:\ti\ccs1260\ccs\tools\compiler\ti-cgt-arm_20.2.7.LTS\lib\</path>
         <kind>archive</kind>
         <file>rtsv7M4_T_le_v4SPD16_eabi.lib</file>
         <name>remove.c.obj</name>
      </input_file>
      <input_file id="fl-113">
         <path>C:\ti\ccs1260\ccs\tools\compiler\ti-cgt-arm_20.2.7.LTS\lib\</path>
         <kind>archive</kind>
         <file>rtsv7M4_T_le_v4SPD16_eabi.lib</file>
         <name>close.c.obj</name>
      </input_file>
      <input_file id="fl-114">
         <path>C:\ti\ccs1260\ccs\tools\compiler\ti-cgt-arm_20.2.7.LTS\lib\</path>
         <kind>archive</kind>
         <file>rtsv7M4_T_le_v4SPD16_eabi.lib</file>
         <name>unlink.c.obj</name>
      </input_file>
      <input_file id="fl-115">
         <path>C:\ti\simplelink_msp432p4_sdk_3_40_01_02\simplelink_msp432p4_sdk_3_40_01_02\source\ti\grlib\lib\ccs\m4\</path>
         <kind>archive</kind>
         <file>grlib.a</file>
         <name>context.obj</name>
      </input_file>
      <input_file id="fl-116">
         <path>C:\ti\simplelink_msp432p4_sdk_3_40_01_02\simplelink_msp432p4_sdk_3_40_01_02\source\ti\grlib\lib\ccs\m4\</path>
         <kind>archive</kind>
         <file>grlib.a</file>
         <name>display.obj</name>
      </input_file>
      <input_file id="fl-117">
         <path>C:\ti\simplelink_msp432p4_sdk_3_40_01_02\simplelink_msp432p4_sdk_3_40_01_02\source\ti\grlib\lib\ccs\m4\</path>
         <kind>archive</kind>
         <file>grlib.a</file>
         <name>fontfixed6x8.obj</name>
      </input_file>
      <input_file id="fl-118">
         <path>C:\ti\simplelink_msp432p4_sdk_3_40_01_02\simplelink_msp432p4_sdk_3_40_01_02\source\ti\grlib\lib\ccs\m4\</path>
         <kind>archive</kind>
         <file>grlib.a</file>
         <name>image.obj</name>
      </input_file>
      <input_file id="fl-119">
         <path>C:\ti\simplelink_msp432p4_sdk_3_40_01_02\simplelink_msp432p4_sdk_3_40_01_02\source\ti\grlib\lib\ccs\m4\</path>
         <kind>archive</kind>
         <file>grlib.a</file>
         <name>line.obj</name>
      </input_file>
      <input_file id="fl-11a">
         <path>C:\ti\simplelink_msp432p4_sdk_3_40_01_02\simplelink_msp432p4_sdk_3_40_01_02\source\ti\grlib\lib\ccs\m4\</path>
         <kind>archive</kind>
         <file>grlib.a</file>
         <name>rectangle.obj</name>
      </input_file>
      <input_file id="fl-11b">
         <path>C:\ti\simplelink_msp432p4_sdk_3_40_01_02\simplelink_msp432p4_sdk_3_40_01_02\source\ti\grlib\lib\ccs\m4\</path>
         <kind>archive</kind>
         <file>grlib.a</file>
         <name>string.obj</name>
      </input_file>
      <input_file id="fl-11c">
         <path>C:\ti\simplelink_msp432p4_sdk_3_40_01_02\simplelink_msp432p4_sdk_3_40_01_02\source\ti\devices\msp432p4xx\driverlib\ccs\</path>
         <kind>archive</kind>
         <file>msp432p4xx_driverlib.lib</file>
         <name>adc14.o</name>
      </input_file>
      <input_file id="fl-11d">
         <path>C:\ti\simplelink_msp432p4_sdk_3_40_01_02\simplelink_msp432p4_sdk_3_40_01_02\source\ti\devices\msp432p4xx\driverlib\ccs\</path>
         <kind>archive</kind>
         <file>msp432p4xx_driverlib.lib</file>
         <name>cs.o</name>
      </input_file>
      <input_file id="fl-11e">
         <path>C:\ti\simplelink_msp432p4_sdk_3_40_01_02\simplelink_msp432p4_sdk_3_40_01_02\source\ti\devices\msp432p4xx\driverlib\ccs\</path>
         <kind>archive</kind>
         <file>msp432p4xx_driverlib.lib</file>
         <name>flash.o</name>
      </input_file>
      <input_file id="fl-11f">
         <path>C:\ti\simplelink_msp432p4_sdk_3_40_01_02\simplelink_msp432p4_sdk_3_40_01_02\source\ti\devices\msp432p4xx\driverlib\ccs\</path>
         <kind>archive</kind>
         <file>msp432p4xx_driverlib.lib</file>
         <name>gpio.o</name>
      </input_file>
      <input_file id="fl-120">
         <path>C:\ti\simplelink_msp432p4_sdk_3_40_01_02\simplelink_msp432p4_sdk_3_40_01_02\source\ti\devices\msp432p4xx\driverlib\ccs\</path>
         <kind>archive</kind>
         <file>msp432p4xx_driverlib.lib</file>
         <name>i2c.o</name>
      </input_file>
      <input_file id="fl-121">
         <path>C:\ti\simplelink_msp432p4_sdk_3_40_01_02\simplelink_msp432p4_sdk_3_40_01_02\source\ti\devices\msp432p4xx\driverlib\ccs\</path>
         <kind>archive</kind>
         <file>msp432p4xx_driverlib.lib</file>
         <name>interrupt.o</name>
      </input_file>
      <input_file id="fl-122">
         <path>C:\ti\simplelink_msp432p4_sdk_3_40_01_02\simplelink_msp432p4_sdk_3_40_01_02\source\ti\devices\msp432p4xx\driverlib\ccs\</path>
         <kind>archive</kind>
         <file>msp432p4xx_driverlib.lib</file>
         <name>pcm.o</name>
      </input_file>
      <input_file id="fl-123">
         <path>C:\ti\simplelink_msp432p4_sdk_3_40_01_02\simplelink_msp432p4_sdk_3_40_01_02\source\ti\devices\msp432p4xx\driverlib\ccs\</path>
         <kind>archive</kind>
         <file>msp432p4xx_driverlib.lib</file>
         <name>rtc_c.o</name>
      </input_file>
      <input_file id="fl-124">
         <path>C:\ti\simplelink_msp432p4_sdk_3_40_01_02\simplelink_msp432p4_sdk_3_40_01_02\source\ti\devices\msp432p4xx\driverlib\ccs\</path>
         <kind>archive</kind>
         <file>msp432p4xx_driverlib.lib</file>
         <name>spi.o</name>
      </input_file>
      <input_file id="fl-125">
         <path>C:\ti\simplelink_msp432p4_sdk_3_40_01_02\simplelink_msp432p4_sdk_3_40_01_02\source\ti\devices\msp432p4xx\driverlib\ccs\</path>
         <kind>archive</kind>
         <file>msp432p4xx_driverlib.lib</file>
         <name>sysctl.o</name>
      </input_file>
      <input_file id="fl-126">
         <path>C:\ti\simplelink_msp432p4_sdk_3_40_01_02\simplelink_msp432p4_sdk_3_40_01_02\source\ti\devices\msp432p4xx\driverlib\ccs\</path>
         <kind>archive</kind>
         <file>msp432p4xx_driverlib.lib</file>
         <name>sysctl_a.o</name>
      </input_file>
      <input_file id="fl-127">
         <path>C:\ti\simplelink_msp432p4_sdk_3_40_01_02\simplelink_msp432p4_sdk_3_40_01_02\source\ti\devices\msp432p4xx\driverlib\ccs\</path>
         <kind>archive</kind>
         <file>msp432p4xx_driverlib.lib</file>
         <name>timer_a.o</name>
      </input_file>
      <input_file id="fl-128">
         <path>C:\ti\simplelink_msp432p4_sdk_3_40_01_02\simplelink_msp432p4_sdk_3_40_01_02\source\ti\devices\msp432p4xx\driverlib\ccs\</path>
         <kind>archive</kind>
         <file>msp432p4xx_driverlib.lib</file>
         <name>uart.o</name>
      </input_file>
      <input_file id="fl-129">
         <path>C:\ti\simplelink_msp432p4_sdk_3_40_01_02\simplelink_msp432p4_sdk_3_40_01_02\source\ti\devices\msp432p4xx\driverlib\ccs\</path>
         <kind>archive</kind>
         <file>msp432p4xx_driverlib.lib</file>
         <name>wdt_a.o</name>
      </input_file>
      <input_file id="fl-12a">
         <path>C:\ti\simplelink_msp432p4_sdk_3_40_01_02\simplelink_msp432p4_sdk_3_40_01_02\source\ti\devices\msp432p4xx\driverlib\ccs\</path>
         <kind>archive</kind>
         <file>msp432p4xx_driverlib.lib</file>
         <name>cpu.o</name>
      </input_file>
   </input_file_list>
   <object_component_list>
      <object_component id="oc-26">
         <name>.intvecs:retain</name>
         <load_address>0x0</load_address>
         <run_address>0x0</run_address>
         <size>0xe4</size>
         <input_file_ref idref="fl-3"/>
      </object_component>
      <object_component id="oc-70">
         <name>.text</name>
         <load_address>0xe4</load_address>
         <run_address>0xe4</run_address>
         <size>0xea8</size>
         <input_file_ref idref="fl-2"/>
      </object_component>
      <object_component id="oc-373">
         <name>.text:__TI_scanfi</name>
         <load_address>0xf8c</load_address>
         <run_address>0xf8c</run_address>
         <size>0xb14</size>
         <input_file_ref idref="fl-f2"/>
      </object_component>
      <object_component id="oc-b3">
         <name>.text</name>
         <load_address>0x1aa0</load_address>
         <run_address>0x1aa0</run_address>
         <size>0xa98</size>
         <input_file_ref idref="fl-5"/>
      </object_component>
      <object_component id="oc-350">
         <name>.text:__TI_printfi</name>
         <load_address>0x2538</load_address>
         <run_address>0x2538</run_address>
         <size>0xa4e</size>
         <input_file_ref idref="fl-ca"/>
      </object_component>
      <object_component id="oc-59e">
         <name>.text:_nop</name>
         <load_address>0x2f86</load_address>
         <run_address>0x2f86</run_address>
         <size>0x2</size>
         <input_file_ref idref="fl-df"/>
      </object_component>
      <object_component id="oc-2b5">
         <name>.text</name>
         <load_address>0x2f88</load_address>
         <run_address>0x2f88</run_address>
         <size>0x680</size>
         <input_file_ref idref="fl-8"/>
      </object_component>
      <object_component id="oc-446">
         <name>.text:Graphics_drawString</name>
         <load_address>0x3608</load_address>
         <run_address>0x3608</run_address>
         <size>0x47e</size>
         <input_file_ref idref="fl-11b"/>
      </object_component>
      <object_component id="oc-2fc">
         <name>.text</name>
         <load_address>0x3a86</load_address>
         <run_address>0x3a86</run_address>
         <size>0x2</size>
         <input_file_ref idref="fl-f6"/>
      </object_component>
      <object_component id="oc-5d7">
         <name>.text:strtod</name>
         <load_address>0x3a88</load_address>
         <run_address>0x3a88</run_address>
         <size>0x460</size>
         <input_file_ref idref="fl-fe"/>
      </object_component>
      <object_component id="oc-1db">
         <name>.text:Graphics_drawImage</name>
         <load_address>0x3ee8</load_address>
         <run_address>0x3ee8</run_address>
         <size>0x390</size>
         <input_file_ref idref="fl-118"/>
      </object_component>
      <object_component id="oc-ac">
         <name>.text</name>
         <load_address>0x4278</load_address>
         <run_address>0x4278</run_address>
         <size>0x334</size>
         <input_file_ref idref="fl-4"/>
      </object_component>
      <object_component id="oc-57a">
         <name>.text:_pconv_a</name>
         <load_address>0x45ac</load_address>
         <run_address>0x45ac</run_address>
         <size>0x270</size>
         <input_file_ref idref="fl-ca"/>
      </object_component>
      <object_component id="oc-bf">
         <name>.text</name>
         <load_address>0x481c</load_address>
         <run_address>0x481c</run_address>
         <size>0x238</size>
         <input_file_ref idref="fl-c"/>
      </object_component>
      <object_component id="oc-124">
         <name>.text</name>
         <load_address>0x4a54</load_address>
         <run_address>0x4a54</run_address>
         <size>0x208</size>
         <input_file_ref idref="fl-6"/>
      </object_component>
      <object_component id="oc-5e8">
         <name>.text:strtoll</name>
         <load_address>0x4c5c</load_address>
         <run_address>0x4c5c</run_address>
         <size>0x1dc</size>
         <input_file_ref idref="fl-100"/>
      </object_component>
      <object_component id="oc-568">
         <name>.text:_pconv_g</name>
         <load_address>0x4e38</load_address>
         <run_address>0x4e38</run_address>
         <size>0x1d0</size>
         <input_file_ref idref="fl-ca"/>
      </object_component>
      <object_component id="oc-70f">
         <name>.text</name>
         <load_address>0x5008</load_address>
         <run_address>0x5008</run_address>
         <size>0x1b6</size>
         <input_file_ref idref="fl-d1"/>
      </object_component>
      <object_component id="oc-3e3">
         <name>.text:_getIndexForMemRegister</name>
         <load_address>0x51c0</load_address>
         <run_address>0x51c0</run_address>
         <size>0x160</size>
         <input_file_ref idref="fl-11c"/>
      </object_component>
      <object_component id="oc-7ae">
         <name>.text:__PCM_setPowerModeAdvanced</name>
         <load_address>0x5320</load_address>
         <run_address>0x5320</run_address>
         <size>0x15c</size>
         <input_file_ref idref="fl-122"/>
      </object_component>
      <object_component id="oc-5cb">
         <name>.text:strtoull</name>
         <load_address>0x547c</load_address>
         <run_address>0x547c</run_address>
         <size>0x15c</size>
         <input_file_ref idref="fl-102"/>
      </object_component>
      <object_component id="oc-4bb">
         <name>.text:privateTimer_AProcessClockSourceDivider</name>
         <load_address>0x55d8</load_address>
         <run_address>0x55d8</run_address>
         <size>0x144</size>
         <input_file_ref idref="fl-127"/>
      </object_component>
      <object_component id="oc-12a">
         <name>.text</name>
         <load_address>0x571c</load_address>
         <run_address>0x571c</run_address>
         <size>0x13c</size>
         <input_file_ref idref="fl-a"/>
      </object_component>
      <object_component id="oc-574">
         <name>.text:_pconv_e</name>
         <load_address>0x5858</load_address>
         <run_address>0x5858</run_address>
         <size>0x13c</size>
         <input_file_ref idref="fl-ca"/>
      </object_component>
      <object_component id="oc-6f5">
         <name>.text</name>
         <load_address>0x5994</load_address>
         <run_address>0x5994</run_address>
         <size>0x136</size>
         <input_file_ref idref="fl-d3"/>
      </object_component>
      <object_component id="oc-255">
         <name>.text:CS_initClockSignal</name>
         <load_address>0x5acc</load_address>
         <run_address>0x5acc</run_address>
         <size>0x130</size>
         <input_file_ref idref="fl-11d"/>
      </object_component>
      <object_component id="oc-5e2">
         <name>.text:strtol</name>
         <load_address>0x5bfc</load_address>
         <run_address>0x5bfc</run_address>
         <size>0x130</size>
         <input_file_ref idref="fl-ff"/>
      </object_component>
      <object_component id="oc-721">
         <name>.text:fcvt</name>
         <load_address>0x5d2c</load_address>
         <run_address>0x5d2c</run_address>
         <size>0x124</size>
         <input_file_ref idref="fl-ca"/>
      </object_component>
      <object_component id="oc-2cd">
         <name>.text:UART_initModule</name>
         <load_address>0x5e50</load_address>
         <run_address>0x5e50</run_address>
         <size>0x11c</size>
         <input_file_ref idref="fl-128"/>
      </object_component>
      <object_component id="oc-2c7">
         <name>.text</name>
         <load_address>0x5f6c</load_address>
         <run_address>0x5f6c</run_address>
         <size>0x118</size>
         <input_file_ref idref="fl-7"/>
      </object_component>
      <object_component id="oc-5ac">
         <name>.text:fputs</name>
         <load_address>0x6084</load_address>
         <run_address>0x6084</run_address>
         <size>0x114</size>
         <input_file_ref idref="fl-ce"/>
      </object_component>
      <object_component id="oc-735">
         <name>.text:scalbn</name>
         <load_address>0x6198</load_address>
         <run_address>0x6198</run_address>
         <size>0x110</size>
         <input_file_ref idref="fl-f1"/>
      </object_component>
      <object_component id="oc-5d1">
         <name>.text:strtoul</name>
         <load_address>0x62a8</load_address>
         <run_address>0x62a8</run_address>
         <size>0x110</size>
         <input_file_ref idref="fl-101"/>
      </object_component>
      <object_component id="oc-4b1">
         <name>.text:__PCM_setCoreVoltageLevelAdvanced</name>
         <load_address>0x63b8</load_address>
         <run_address>0x63b8</run_address>
         <size>0x108</size>
         <input_file_ref idref="fl-122"/>
      </object_component>
      <object_component id="oc-8a2">
         <name>.text:aligned_alloc</name>
         <load_address>0x64c0</load_address>
         <run_address>0x64c0</run_address>
         <size>0x100</size>
         <input_file_ref idref="fl-e6"/>
      </object_component>
      <object_component id="oc-6f0">
         <name>.text</name>
         <load_address>0x65c0</load_address>
         <run_address>0x65c0</run_address>
         <size>0xfc</size>
         <input_file_ref idref="fl-d4"/>
      </object_component>
      <object_component id="oc-440">
         <name>.text:Graphics_getStringWidth</name>
         <load_address>0x66bc</load_address>
         <run_address>0x66bc</run_address>
         <size>0xfa</size>
         <input_file_ref idref="fl-11b"/>
      </object_component>
      <object_component id="oc-130">
         <name>.text</name>
         <load_address>0x67b8</load_address>
         <run_address>0x67b8</run_address>
         <size>0xec</size>
         <input_file_ref idref="fl-b"/>
      </object_component>
      <object_component id="oc-860">
         <name>.text:free</name>
         <load_address>0x68a4</load_address>
         <run_address>0x68a4</run_address>
         <size>0xe4</size>
         <input_file_ref idref="fl-e6"/>
      </object_component>
      <object_component id="oc-815">
         <name>.text:setvbuf</name>
         <load_address>0x6988</load_address>
         <run_address>0x6988</run_address>
         <size>0xdc</size>
         <input_file_ref idref="fl-d0"/>
      </object_component>
      <object_component id="oc-4db">
         <name>.text</name>
         <load_address>0x6a64</load_address>
         <run_address>0x6a64</run_address>
         <size>0xcc</size>
         <input_file_ref idref="fl-9"/>
      </object_component>
      <object_component id="oc-28b">
         <name>.text:ADC14_configureConversionMemory</name>
         <load_address>0x6b30</load_address>
         <run_address>0x6b30</run_address>
         <size>0xb4</size>
         <input_file_ref idref="fl-11c"/>
      </object_component>
      <object_component id="oc-285">
         <name>.text:ADC14_configureMultiSequenceMode</name>
         <load_address>0x6be4</load_address>
         <run_address>0x6be4</run_address>
         <size>0xb4</size>
         <input_file_ref idref="fl-11c"/>
      </object_component>
      <object_component id="oc-55d">
         <name>.text:_ltostr</name>
         <load_address>0x6c98</load_address>
         <run_address>0x6c98</run_address>
         <size>0xb1</size>
         <input_file_ref idref="fl-ca"/>
      </object_component>
      <object_component id="oc-6ab">
         <name>.text:SPI_initMaster</name>
         <load_address>0x6d4a</load_address>
         <run_address>0x6d4a</run_address>
         <size>0xb0</size>
         <input_file_ref idref="fl-124"/>
      </object_component>
      <object_component id="oc-1d5">
         <name>.text:Graphics_drawRectangle</name>
         <load_address>0x6dfa</load_address>
         <run_address>0x6dfa</run_address>
         <size>0xa2</size>
         <input_file_ref idref="fl-11a"/>
      </object_component>
      <object_component id="oc-41b">
         <name>.text:Graphics_drawLineH</name>
         <load_address>0x6e9c</load_address>
         <run_address>0x6e9c</run_address>
         <size>0x9c</size>
         <input_file_ref idref="fl-119"/>
      </object_component>
      <object_component id="oc-1ff">
         <name>.text:Graphics_drawLineV</name>
         <load_address>0x6f38</load_address>
         <run_address>0x6f38</run_address>
         <size>0x9c</size>
         <input_file_ref idref="fl-119"/>
      </object_component>
      <object_component id="oc-3a">
         <name>.text</name>
         <load_address>0x6fd4</load_address>
         <run_address>0x6fd4</run_address>
         <size>0x9c</size>
         <input_file_ref idref="fl-d7"/>
      </object_component>
      <object_component id="oc-6e9">
         <name>.text</name>
         <load_address>0x7070</load_address>
         <run_address>0x7070</run_address>
         <size>0x96</size>
         <input_file_ref idref="fl-da"/>
      </object_component>
      <object_component id="oc-5b3">
         <name>.text:fputc</name>
         <load_address>0x7108</load_address>
         <run_address>0x7108</run_address>
         <size>0x8c</size>
         <input_file_ref idref="fl-cd"/>
      </object_component>
      <object_component id="oc-27f">
         <name>.text:GPIO_setAsPeripheralModuleFunctionInputPin</name>
         <load_address>0x7194</load_address>
         <run_address>0x7194</run_address>
         <size>0x88</size>
         <input_file_ref idref="fl-11f"/>
      </object_component>
      <object_component id="oc-4f0">
         <name>.text:GPIO_setAsPeripheralModuleFunctionOutputPin</name>
         <load_address>0x721c</load_address>
         <run_address>0x721c</run_address>
         <size>0x88</size>
         <input_file_ref idref="fl-11f"/>
      </object_component>
      <object_component id="oc-563">
         <name>.text:__aeabi_cdcmple</name>
         <load_address>0x72a4</load_address>
         <run_address>0x72a4</run_address>
         <size>0x86</size>
         <input_file_ref idref="fl-d2"/>
      </object_component>
      <object_component id="oc-6fa">
         <name>.text:__aeabi_cdrcmple</name>
         <load_address>0x732a</load_address>
         <run_address>0x732a</run_address>
         <size>0x86</size>
         <input_file_ref idref="fl-d2"/>
      </object_component>
      <object_component id="oc-153">
         <name>.text:GPIO_getEnabledInterruptStatus</name>
         <load_address>0x73b0</load_address>
         <run_address>0x73b0</run_address>
         <size>0x84</size>
         <input_file_ref idref="fl-11f"/>
      </object_component>
      <object_component id="oc-3c5">
         <name>.text:I2C_masterSendSingleByte</name>
         <load_address>0x7434</load_address>
         <run_address>0x7434</run_address>
         <size>0x84</size>
         <input_file_ref idref="fl-120"/>
      </object_component>
      <object_component id="oc-261">
         <name>.text:Interrupt_enableInterrupt</name>
         <load_address>0x74b8</load_address>
         <run_address>0x74b8</run_address>
         <size>0x80</size>
         <input_file_ref idref="fl-121"/>
      </object_component>
      <object_component id="oc-94">
         <name>.text</name>
         <load_address>0x7538</load_address>
         <run_address>0x7538</run_address>
         <size>0x7a</size>
         <input_file_ref idref="fl-d8"/>
      </object_component>
      <object_component id="oc-8a9">
         <name>.text:__TI_closefile</name>
         <load_address>0x75b4</load_address>
         <run_address>0x75b4</run_address>
         <size>0x74</size>
         <input_file_ref idref="fl-10e"/>
      </object_component>
      <object_component id="oc-3cb">
         <name>.text:I2C_masterReceiveSingleByte</name>
         <load_address>0x7628</load_address>
         <run_address>0x7628</run_address>
         <size>0x70</size>
         <input_file_ref idref="fl-120"/>
      </object_component>
      <object_component id="oc-8ea">
         <name>.text:split</name>
         <load_address>0x7698</load_address>
         <run_address>0x7698</run_address>
         <size>0x70</size>
         <input_file_ref idref="fl-e6"/>
      </object_component>
      <object_component id="oc-71a">
         <name>.text:_mcpy</name>
         <load_address>0x7708</load_address>
         <run_address>0x7708</run_address>
         <size>0x6e</size>
         <input_file_ref idref="fl-ca"/>
      </object_component>
      <object_component id="oc-5dd">
         <name>.text</name>
         <load_address>0x7776</load_address>
         <run_address>0x7776</run_address>
         <size>0x6e</size>
         <input_file_ref idref="fl-f7"/>
      </object_component>
      <object_component id="oc-423">
         <name>.text:Graphics_convertPalette</name>
         <load_address>0x77e4</load_address>
         <run_address>0x77e4</run_address>
         <size>0x6c</size>
         <input_file_ref idref="fl-118"/>
      </object_component>
      <object_component id="oc-8d9">
         <name>.text:HOSTrename</name>
         <load_address>0x7850</load_address>
         <run_address>0x7850</run_address>
         <size>0x6c</size>
         <input_file_ref idref="fl-107"/>
      </object_component>
      <object_component id="oc-3a1">
         <name>.text:I2C_masterSendMultiByteFinish</name>
         <load_address>0x78bc</load_address>
         <run_address>0x78bc</run_address>
         <size>0x6c</size>
         <input_file_ref idref="fl-120"/>
      </object_component>
      <object_component id="oc-8cd">
         <name>.text:HOSTlseek</name>
         <load_address>0x7928</load_address>
         <run_address>0x7928</run_address>
         <size>0x68</size>
         <input_file_ref idref="fl-104"/>
      </object_component>
      <object_component id="oc-395">
         <name>.text:I2C_masterSendMultiByteStart</name>
         <load_address>0x7990</load_address>
         <run_address>0x7990</run_address>
         <size>0x68</size>
         <input_file_ref idref="fl-120"/>
      </object_component>
      <object_component id="oc-25b">
         <name>.text:Timer_A_configureUpMode</name>
         <load_address>0x79f8</load_address>
         <run_address>0x79f8</run_address>
         <size>0x68</size>
         <input_file_ref idref="fl-127"/>
      </object_component>
      <object_component id="oc-385">
         <name>.text:_chkmbc</name>
         <load_address>0x7a60</load_address>
         <run_address>0x7a60</run_address>
         <size>0x68</size>
         <input_file_ref idref="fl-cc"/>
      </object_component>
      <object_component id="oc-17">
         <name>.text:decompress:lzss:__TI_decompress_lzss</name>
         <load_address>0x7ac8</load_address>
         <run_address>0x7ac8</run_address>
         <size>0x68</size>
         <input_file_ref idref="fl-dd"/>
      </object_component>
      <object_component id="oc-ff">
         <name>.text:printf</name>
         <load_address>0x7b30</load_address>
         <run_address>0x7b30</run_address>
         <size>0x68</size>
         <input_file_ref idref="fl-c9"/>
      </object_component>
      <object_component id="oc-f0">
         <name>.text:UART_getEnabledInterruptStatus</name>
         <load_address>0x7b98</load_address>
         <run_address>0x7b98</run_address>
         <size>0x64</size>
         <input_file_ref idref="fl-128"/>
      </object_component>
      <object_component id="oc-72f">
         <name>.text:frexp</name>
         <load_address>0x7bfc</load_address>
         <run_address>0x7bfc</run_address>
         <size>0x64</size>
         <input_file_ref idref="fl-f0"/>
      </object_component>
      <object_component id="oc-80f">
         <name>.text:fseek</name>
         <load_address>0x7c60</load_address>
         <run_address>0x7c60</run_address>
         <size>0x64</size>
         <input_file_ref idref="fl-f5"/>
      </object_component>
      <object_component id="oc-4f6">
         <name>.text:I2C_initMaster</name>
         <load_address>0x7cc4</load_address>
         <run_address>0x7cc4</run_address>
         <size>0x62</size>
         <input_file_ref idref="fl-120"/>
      </object_component>
      <object_component id="oc-760">
         <name>.text:__TI_wrt_ok</name>
         <load_address>0x7d26</load_address>
         <run_address>0x7d26</run_address>
         <size>0x62</size>
         <input_file_ref idref="fl-cf"/>
      </object_component>
      <object_component id="oc-8b5">
         <name>.text:HOSTopen</name>
         <load_address>0x7d88</load_address>
         <run_address>0x7d88</run_address>
         <size>0x60</size>
         <input_file_ref idref="fl-105"/>
      </object_component>
      <object_component id="oc-680">
         <name>.text:PCM_getCoreVoltageLevel</name>
         <load_address>0x7de8</load_address>
         <run_address>0x7de8</run_address>
         <size>0x5e</size>
         <input_file_ref idref="fl-122"/>
      </object_component>
      <object_component id="oc-cb">
         <name>.text</name>
         <load_address>0x7e46</load_address>
         <run_address>0x7e46</run_address>
         <size>0x5e</size>
         <input_file_ref idref="fl-d9"/>
      </object_component>
      <object_component id="oc-8f1">
         <name>.text:close</name>
         <load_address>0x7ea4</load_address>
         <run_address>0x7ea4</run_address>
         <size>0x5c</size>
         <input_file_ref idref="fl-113"/>
      </object_component>
      <object_component id="oc-67a">
         <name>.text:PCM_getPowerMode</name>
         <load_address>0x7f00</load_address>
         <run_address>0x7f00</run_address>
         <size>0x5a</size>
         <input_file_ref idref="fl-122"/>
      </object_component>
      <object_component id="oc-273">
         <name>.text:GPIO_setAsInputPinWithPullUpResistor</name>
         <load_address>0x7f5c</load_address>
         <run_address>0x7f5c</run_address>
         <size>0x58</size>
         <input_file_ref idref="fl-11f"/>
      </object_component>
      <object_component id="oc-8c1">
         <name>.text:HOSTread</name>
         <load_address>0x7fb4</load_address>
         <run_address>0x7fb4</run_address>
         <size>0x58</size>
         <input_file_ref idref="fl-106"/>
      </object_component>
      <object_component id="oc-8c7">
         <name>.text:HOSTwrite</name>
         <load_address>0x800c</load_address>
         <run_address>0x800c</run_address>
         <size>0x58</size>
         <input_file_ref idref="fl-109"/>
      </object_component>
      <object_component id="oc-56e">
         <name>.text:_pconv_f</name>
         <load_address>0x8064</load_address>
         <run_address>0x8064</run_address>
         <size>0x56</size>
         <input_file_ref idref="fl-ca"/>
      </object_component>
      <object_component id="oc-29d">
         <name>.text:ADC14_initModule</name>
         <load_address>0x80bc</load_address>
         <run_address>0x80bc</run_address>
         <size>0x54</size>
         <input_file_ref idref="fl-11c"/>
      </object_component>
      <object_component id="oc-704">
         <name>.text:__TI_ltoa</name>
         <load_address>0x8110</load_address>
         <run_address>0x8110</run_address>
         <size>0x54</size>
         <input_file_ref idref="fl-e0"/>
      </object_component>
      <object_component id="oc-2bb">
         <name>.text:Graphics_initContext</name>
         <load_address>0x8164</load_address>
         <run_address>0x8164</run_address>
         <size>0x52</size>
         <input_file_ref idref="fl-115"/>
      </object_component>
      <object_component id="oc-714">
         <name>.text:_ecpy</name>
         <load_address>0x81b6</load_address>
         <run_address>0x81b6</run_address>
         <size>0x52</size>
         <input_file_ref idref="fl-ca"/>
      </object_component>
      <object_component id="oc-76c">
         <name>.text:__TI_doflush</name>
         <load_address>0x8208</load_address>
         <run_address>0x8208</run_address>
         <size>0x4c</size>
         <input_file_ref idref="fl-f3"/>
      </object_component>
      <object_component id="oc-557">
         <name>.text:atoi</name>
         <load_address>0x8254</load_address>
         <run_address>0x8254</run_address>
         <size>0x4c</size>
         <input_file_ref idref="fl-e1"/>
      </object_component>
      <object_component id="oc-249">
         <name>.text:FlashCtl_setWaitState</name>
         <load_address>0x82a0</load_address>
         <run_address>0x82a0</run_address>
         <size>0x48</size>
         <input_file_ref idref="fl-11e"/>
      </object_component>
      <object_component id="oc-1ea">
         <name>.text:Graphics_drawStringCentered</name>
         <load_address>0x82e8</load_address>
         <run_address>0x82e8</run_address>
         <size>0x48</size>
         <input_file_ref idref="fl-11b"/>
      </object_component>
      <object_component id="oc-199">
         <name>.text:exit</name>
         <load_address>0x8330</load_address>
         <run_address>0x8330</run_address>
         <size>0x48</size>
         <input_file_ref idref="fl-de"/>
      </object_component>
      <object_component id="oc-6ff">
         <name>.text</name>
         <load_address>0x8378</load_address>
         <run_address>0x8378</run_address>
         <size>0x48</size>
         <input_file_ref idref="fl-d5"/>
      </object_component>
      <object_component id="oc-429">
         <name>.text:Graphics_drawMultiplePixelsOnDisplay</name>
         <load_address>0x83c0</load_address>
         <run_address>0x83c0</run_address>
         <size>0x46</size>
         <input_file_ref idref="fl-116"/>
      </object_component>
      <object_component id="oc-8bb">
         <name>.text:HOSTclose</name>
         <load_address>0x8408</load_address>
         <run_address>0x8408</run_address>
         <size>0x44</size>
         <input_file_ref idref="fl-103"/>
      </object_component>
      <object_component id="oc-8d3">
         <name>.text:HOSTunlink</name>
         <load_address>0x844c</load_address>
         <run_address>0x844c</run_address>
         <size>0x44</size>
         <input_file_ref idref="fl-108"/>
      </object_component>
      <object_component id="oc-19f">
         <name>.text:__TI_auto_init_nobinit_nopinit:__TI_auto_init_nobinit_nopinit</name>
         <load_address>0x8490</load_address>
         <run_address>0x8490</run_address>
         <size>0x44</size>
         <input_file_ref idref="fl-f8"/>
      </object_component>
      <object_component id="oc-923">
         <name>.text:getdevice</name>
         <load_address>0x84d4</load_address>
         <run_address>0x84d4</run_address>
         <size>0x44</size>
         <input_file_ref idref="fl-10f"/>
      </object_component>
      <object_component id="oc-26d">
         <name>.text:GPIO_setAsOutputPin</name>
         <load_address>0x8518</load_address>
         <run_address>0x8518</run_address>
         <size>0x40</size>
         <input_file_ref idref="fl-11f"/>
      </object_component>
      <object_component id="oc-64d">
         <name>.text:Graphics_getNumberOfLeadingZeros</name>
         <load_address>0x8558</load_address>
         <run_address>0x8558</run_address>
         <size>0x40</size>
         <input_file_ref idref="fl-11b"/>
      </object_component>
      <object_component id="oc-3bf">
         <name>.text:I2C_masterReceiveMultiByteFinish</name>
         <load_address>0x8598</load_address>
         <run_address>0x8598</run_address>
         <size>0x40</size>
         <input_file_ref idref="fl-120"/>
      </object_component>
      <object_component id="oc-7b7">
         <name>.text:is_A_Module</name>
         <load_address>0x85d8</load_address>
         <run_address>0x85d8</run_address>
         <size>0x40</size>
         <input_file_ref idref="fl-124"/>
      </object_component>
      <object_component id="oc-1f9">
         <name>.text:sprintf</name>
         <load_address>0x8618</load_address>
         <run_address>0x8618</run_address>
         <size>0x40</size>
         <input_file_ref idref="fl-cb"/>
      </object_component>
      <object_component id="oc-727">
         <name>.text:_fcpy</name>
         <load_address>0x8658</load_address>
         <run_address>0x8658</run_address>
         <size>0x3e</size>
         <input_file_ref idref="fl-ca"/>
      </object_component>
      <object_component id="oc-13c">
         <name>.text:ADC14_getEnabledInterruptStatus</name>
         <load_address>0x8698</load_address>
         <run_address>0x8698</run_address>
         <size>0x38</size>
         <input_file_ref idref="fl-11c"/>
      </object_component>
      <object_component id="oc-50e">
         <name>.text:I2C_masterSendMultiByteStop</name>
         <load_address>0x86d0</load_address>
         <run_address>0x86d0</run_address>
         <size>0x38</size>
         <input_file_ref idref="fl-120"/>
      </object_component>
      <object_component id="oc-902">
         <name>.text:__TI_writemsg</name>
         <load_address>0x8708</load_address>
         <run_address>0x8708</run_address>
         <size>0x38</size>
         <input_file_ref idref="fl-10a"/>
      </object_component>
      <object_component id="oc-111">
         <name>.text:sscanf</name>
         <load_address>0x8740</load_address>
         <run_address>0x8740</run_address>
         <size>0x38</size>
         <input_file_ref idref="fl-cc"/>
      </object_component>
      <object_component id="oc-136">
         <name>.text</name>
         <load_address>0x8778</load_address>
         <run_address>0x8778</run_address>
         <size>0x38</size>
         <input_file_ref idref="fl-d"/>
      </object_component>
      <object_component id="oc-63a">
         <name>.text:Graphics_drawHorizontalLineOnDisplay</name>
         <load_address>0x87b0</load_address>
         <run_address>0x87b0</run_address>
         <size>0x36</size>
         <input_file_ref idref="fl-116"/>
      </object_component>
      <object_component id="oc-474">
         <name>.text:Graphics_drawVerticalLineOnDisplay</name>
         <load_address>0x87e6</load_address>
         <run_address>0x87e6</run_address>
         <size>0x36</size>
         <input_file_ref idref="fl-116"/>
      </object_component>
      <object_component id="oc-943">
         <name>.text:strncpy</name>
         <load_address>0x881c</load_address>
         <run_address>0x881c</run_address>
         <size>0x36</size>
         <input_file_ref idref="fl-111"/>
      </object_component>
      <object_component id="oc-2a3">
         <name>.text:ADC14_enableSampleTimer</name>
         <load_address>0x8854</load_address>
         <run_address>0x8854</run_address>
         <size>0x34</size>
         <input_file_ref idref="fl-11c"/>
      </object_component>
      <object_component id="oc-24f">
         <name>.text:CS_setDCOCenteredFrequency</name>
         <load_address>0x8888</load_address>
         <run_address>0x8888</run_address>
         <size>0x34</size>
         <input_file_ref idref="fl-11d"/>
      </object_component>
      <object_component id="oc-39b">
         <name>.text:I2C_masterSendMultiByteNext</name>
         <load_address>0x88bc</load_address>
         <run_address>0x88bc</run_address>
         <size>0x34</size>
         <input_file_ref idref="fl-120"/>
      </object_component>
      <object_component id="oc-b9">
         <name>.text:UART_transmitData</name>
         <load_address>0x88f0</load_address>
         <run_address>0x88f0</run_address>
         <size>0x34</size>
         <input_file_ref idref="fl-128"/>
      </object_component>
      <object_component id="oc-86c">
         <name>.text:__TI_cleanup</name>
         <load_address>0x8924</load_address>
         <run_address>0x8924</run_address>
         <size>0x34</size>
         <input_file_ref idref="fl-f4"/>
      </object_component>
      <object_component id="oc-908">
         <name>.text:__TI_readmsg</name>
         <load_address>0x8958</load_address>
         <run_address>0x8958</run_address>
         <size>0x34</size>
         <input_file_ref idref="fl-10a"/>
      </object_component>
      <object_component id="oc-58">
         <name>.text:_c_int00_noargs:_c_int00_noargs</name>
         <load_address>0x898c</load_address>
         <run_address>0x898c</run_address>
         <size>0x34</size>
         <input_file_ref idref="fl-eb"/>
      </object_component>
      <object_component id="oc-142">
         <name>.text:ADC14_clearInterruptFlag</name>
         <load_address>0x89c0</load_address>
         <run_address>0x89c0</run_address>
         <size>0x30</size>
         <input_file_ref idref="fl-11c"/>
      </object_component>
      <object_component id="oc-291">
         <name>.text:ADC14_enableInterrupt</name>
         <load_address>0x89f0</load_address>
         <run_address>0x89f0</run_address>
         <size>0x30</size>
         <input_file_ref idref="fl-11c"/>
      </object_component>
      <object_component id="oc-2d9">
         <name>.text:UART_enableInterrupt</name>
         <load_address>0x8a20</load_address>
         <run_address>0x8a20</run_address>
         <size>0x30</size>
         <input_file_ref idref="fl-128"/>
      </object_component>
      <object_component id="oc-f6">
         <name>.text:UART_receiveData</name>
         <load_address>0x8a50</load_address>
         <run_address>0x8a50</run_address>
         <size>0x30</size>
         <input_file_ref idref="fl-128"/>
      </object_component>
      <object_component id="oc-949">
         <name>.text:finddevice</name>
         <load_address>0x8a80</load_address>
         <run_address>0x8a80</run_address>
         <size>0x30</size>
         <input_file_ref idref="fl-10f"/>
      </object_component>
      <object_component id="oc-70a">
         <name>.text</name>
         <load_address>0x8ab0</load_address>
         <run_address>0x8ab0</run_address>
         <size>0x2e</size>
         <input_file_ref idref="fl-d6"/>
      </object_component>
      <object_component id="oc-3db">
         <name>.text:ADC14_getInterruptStatus</name>
         <load_address>0x8ae0</load_address>
         <run_address>0x8ae0</run_address>
         <size>0x2c</size>
         <input_file_ref idref="fl-11c"/>
      </object_component>
      <object_component id="oc-2af">
         <name>.text:ADC14_toggleConversionTrigger</name>
         <load_address>0x8b0c</load_address>
         <run_address>0x8b0c</run_address>
         <size>0x2c</size>
         <input_file_ref idref="fl-11c"/>
      </object_component>
      <object_component id="oc-42f">
         <name>.text:Graphics_drawPixelOnDisplay</name>
         <load_address>0x8b38</load_address>
         <run_address>0x8b38</run_address>
         <size>0x2c</size>
         <input_file_ref idref="fl-116"/>
      </object_component>
      <object_component id="oc-10b">
         <name>.text:strncmp</name>
         <load_address>0x8b64</load_address>
         <run_address>0x8b64</run_address>
         <size>0x2c</size>
         <input_file_ref idref="fl-ea"/>
      </object_component>
      <object_component id="oc-8f7">
         <name>.text:unlink</name>
         <load_address>0x8b90</load_address>
         <run_address>0x8b90</run_address>
         <size>0x2c</size>
         <input_file_ref idref="fl-114"/>
      </object_component>
      <object_component id="oc-2a9">
         <name>.text:ADC14_enableConversion</name>
         <load_address>0x8bbc</load_address>
         <run_address>0x8bbc</run_address>
         <size>0x28</size>
         <input_file_ref idref="fl-11c"/>
      </object_component>
      <object_component id="oc-148">
         <name>.text:ADC14_getResult</name>
         <load_address>0x8be4</load_address>
         <run_address>0x8be4</run_address>
         <size>0x28</size>
         <input_file_ref idref="fl-11c"/>
      </object_component>
      <object_component id="oc-159">
         <name>.text:GPIO_clearInterruptFlag</name>
         <load_address>0x8c0c</load_address>
         <run_address>0x8c0c</run_address>
         <size>0x28</size>
         <input_file_ref idref="fl-11f"/>
      </object_component>
      <object_component id="oc-279">
         <name>.text:GPIO_enableInterrupt</name>
         <load_address>0x8c34</load_address>
         <run_address>0x8c34</run_address>
         <size>0x28</size>
         <input_file_ref idref="fl-11f"/>
      </object_component>
      <object_component id="oc-dc">
         <name>.text:GPIO_setOutputHighOnPin</name>
         <load_address>0x8c5c</load_address>
         <run_address>0x8c5c</run_address>
         <size>0x28</size>
         <input_file_ref idref="fl-11f"/>
      </object_component>
      <object_component id="oc-d6">
         <name>.text:GPIO_setOutputLowOnPin</name>
         <load_address>0x8c84</load_address>
         <run_address>0x8c84</run_address>
         <size>0x28</size>
         <input_file_ref idref="fl-11f"/>
      </object_component>
      <object_component id="oc-2ef">
         <name>.text:PCM_gotoLPM0</name>
         <load_address>0x8cac</load_address>
         <run_address>0x8cac</run_address>
         <size>0x28</size>
         <input_file_ref idref="fl-122"/>
      </object_component>
      <object_component id="oc-89b">
         <name>.text:free_list_insert</name>
         <load_address>0x8cd4</load_address>
         <run_address>0x8cd4</run_address>
         <size>0x28</size>
         <input_file_ref idref="fl-e6"/>
      </object_component>
      <object_component id="oc-858">
         <name>.text:lseek</name>
         <load_address>0x8cfc</load_address>
         <run_address>0x8cfc</run_address>
         <size>0x28</size>
         <input_file_ref idref="fl-10c"/>
      </object_component>
      <object_component id="oc-772">
         <name>.text:write</name>
         <load_address>0x8d24</load_address>
         <run_address>0x8d24</run_address>
         <size>0x28</size>
         <input_file_ref idref="fl-ec"/>
      </object_component>
      <object_component id="oc-3ef">
         <name>.text:GPIO_getInterruptStatus</name>
         <load_address>0x8d4c</load_address>
         <run_address>0x8d4c</run_address>
         <size>0x24</size>
         <input_file_ref idref="fl-11f"/>
      </object_component>
      <object_component id="oc-231">
         <name>.text:WDT_A_holdTimer</name>
         <load_address>0x8d70</load_address>
         <run_address>0x8d70</run_address>
         <size>0x24</size>
         <input_file_ref idref="fl-129"/>
      </object_component>
      <object_component id="oc-766">
         <name>.text:memchr</name>
         <load_address>0x8d94</load_address>
         <run_address>0x8d94</run_address>
         <size>0x20</size>
         <input_file_ref idref="fl-e5"/>
      </object_component>
      <object_component id="oc-38f">
         <name>.text:I2C_setMode</name>
         <load_address>0x8db4</load_address>
         <run_address>0x8db4</run_address>
         <size>0x1c</size>
         <input_file_ref idref="fl-120"/>
      </object_component>
      <object_component id="oc-c5">
         <name>.text:PCM_gotoLPM0InterruptSafe</name>
         <load_address>0x8dd0</load_address>
         <run_address>0x8dd0</run_address>
         <size>0x1c</size>
         <input_file_ref idref="fl-122"/>
      </object_component>
      <object_component id="oc-6b1">
         <name>.text:SPI_enableModule</name>
         <load_address>0x8dec</load_address>
         <run_address>0x8dec</run_address>
         <size>0x1c</size>
         <input_file_ref idref="fl-124"/>
      </object_component>
      <object_component id="oc-895">
         <name>.text:free_list_remove</name>
         <load_address>0x8e08</load_address>
         <run_address>0x8e08</run_address>
         <size>0x1c</size>
         <input_file_ref idref="fl-e6"/>
      </object_component>
      <object_component id="oc-580">
         <name>.text:memccpy</name>
         <load_address>0x8e24</load_address>
         <run_address>0x8e24</run_address>
         <size>0x1c</size>
         <input_file_ref idref="fl-e4"/>
      </object_component>
      <object_component id="oc-302">
         <name>.text:Graphics_clearDisplayOnDisplay</name>
         <load_address>0x8e40</load_address>
         <run_address>0x8e40</run_address>
         <size>0x1a</size>
         <input_file_ref idref="fl-116"/>
      </object_component>
      <object_component id="oc-211">
         <name>.text:Graphics_setBackgroundColor</name>
         <load_address>0x8e5a</load_address>
         <run_address>0x8e5a</run_address>
         <size>0x1a</size>
         <input_file_ref idref="fl-115"/>
      </object_component>
      <object_component id="oc-2c1">
         <name>.text:Graphics_setFont</name>
         <load_address>0x8e74</load_address>
         <run_address>0x8e74</run_address>
         <size>0x1a</size>
         <input_file_ref idref="fl-115"/>
      </object_component>
      <object_component id="oc-3ad">
         <name>.text:I2C_masterReceiveStart</name>
         <load_address>0x8e8e</load_address>
         <run_address>0x8e8e</run_address>
         <size>0x1a</size>
         <input_file_ref idref="fl-120"/>
      </object_component>
      <object_component id="oc-7f5">
         <name>.text:copysign</name>
         <load_address>0x8ea8</load_address>
         <run_address>0x8ea8</run_address>
         <size>0x1a</size>
         <input_file_ref idref="fl-10d"/>
      </object_component>
      <object_component id="oc-3b3">
         <name>.text:I2C_getInterruptStatus</name>
         <load_address>0x8ec2</load_address>
         <run_address>0x8ec2</run_address>
         <size>0x18</size>
         <input_file_ref idref="fl-120"/>
      </object_component>
      <object_component id="oc-3a7">
         <name>.text:I2C_isBusBusy</name>
         <load_address>0x8edc</load_address>
         <run_address>0x8edc</run_address>
         <size>0x18</size>
         <input_file_ref idref="fl-120"/>
      </object_component>
      <object_component id="oc-346">
         <name>.text:UART_getInterruptStatus</name>
         <load_address>0x8ef4</load_address>
         <run_address>0x8ef4</run_address>
         <size>0x18</size>
         <input_file_ref idref="fl-128"/>
      </object_component>
      <object_component id="oc-466">
         <name>.text:_outs</name>
         <load_address>0x8f0c</load_address>
         <run_address>0x8f0c</run_address>
         <size>0x18</size>
         <input_file_ref idref="fl-cb"/>
      </object_component>
      <object_component id="oc-77e">
         <name>.text</name>
         <load_address>0x8f24</load_address>
         <run_address>0x8f24</run_address>
         <size>0x18</size>
         <input_file_ref idref="fl-110"/>
      </object_component>
      <object_component id="oc-105">
         <name>.text:strcmp</name>
         <load_address>0x8f3c</load_address>
         <run_address>0x8f3c</run_address>
         <size>0x18</size>
         <input_file_ref idref="fl-e8"/>
      </object_component>
      <object_component id="oc-5f1">
         <name>.text:strrchr</name>
         <load_address>0x8f54</load_address>
         <run_address>0x8f54</run_address>
         <size>0x18</size>
         <input_file_ref idref="fl-fd"/>
      </object_component>
      <object_component id="oc-7bf">
         <name>.text:EUSCI_A_SPI_enable</name>
         <load_address>0x8f6c</load_address>
         <run_address>0x8f6c</run_address>
         <size>0x16</size>
         <input_file_ref idref="fl-124"/>
      </object_component>
      <object_component id="oc-7c5">
         <name>.text:EUSCI_B_SPI_enable</name>
         <load_address>0x8f82</load_address>
         <run_address>0x8f82</run_address>
         <size>0x16</size>
         <input_file_ref idref="fl-124"/>
      </object_component>
      <object_component id="oc-1e4">
         <name>.text:Graphics_setForegroundColor</name>
         <load_address>0x8f98</load_address>
         <run_address>0x8f98</run_address>
         <size>0x16</size>
         <input_file_ref idref="fl-115"/>
      </object_component>
      <object_component id="oc-439">
         <name>.text:Graphics_translateColorOnDisplay</name>
         <load_address>0x8fae</load_address>
         <run_address>0x8fae</run_address>
         <size>0x16</size>
         <input_file_ref idref="fl-116"/>
      </object_component>
      <object_component id="oc-508">
         <name>.text:I2C_clearInterruptFlag</name>
         <load_address>0x8fc4</load_address>
         <run_address>0x8fc4</run_address>
         <size>0x16</size>
         <input_file_ref idref="fl-120"/>
      </object_component>
      <object_component id="oc-4fc">
         <name>.text:I2C_disableModule</name>
         <load_address>0x8fda</load_address>
         <run_address>0x8fda</run_address>
         <size>0x16</size>
         <input_file_ref idref="fl-120"/>
      </object_component>
      <object_component id="oc-502">
         <name>.text:I2C_enableModule</name>
         <load_address>0x8ff0</load_address>
         <run_address>0x8ff0</run_address>
         <size>0x16</size>
         <input_file_ref idref="fl-120"/>
      </object_component>
      <object_component id="oc-11e">
         <name>.text:Timer_A_clearInterruptFlag</name>
         <load_address>0x9006</load_address>
         <run_address>0x9006</run_address>
         <size>0x16</size>
         <input_file_ref idref="fl-127"/>
      </object_component>
      <object_component id="oc-267">
         <name>.text:Timer_A_startCounter</name>
         <load_address>0x901c</load_address>
         <run_address>0x901c</run_address>
         <size>0x16</size>
         <input_file_ref idref="fl-127"/>
      </object_component>
      <object_component id="oc-2d3">
         <name>.text:UART_enableModule</name>
         <load_address>0x9032</load_address>
         <run_address>0x9032</run_address>
         <size>0x16</size>
         <input_file_ref idref="fl-128"/>
      </object_component>
      <object_component id="oc-5f7">
         <name>.text:strchr</name>
         <load_address>0x9048</load_address>
         <run_address>0x9048</run_address>
         <size>0x16</size>
         <input_file_ref idref="fl-e7"/>
      </object_component>
      <object_component id="oc-3b9">
         <name>.text:I2C_masterReceiveMultiByteNext</name>
         <load_address>0x905e</load_address>
         <run_address>0x905e</run_address>
         <size>0x14</size>
         <input_file_ref idref="fl-120"/>
      </object_component>
      <object_component id="oc-514">
         <name>.text:I2C_setSlaveAddress</name>
         <load_address>0x9072</load_address>
         <run_address>0x9072</run_address>
         <size>0x14</size>
         <input_file_ref idref="fl-120"/>
      </object_component>
      <object_component id="oc-686">
         <name>.text:PCM_getPowerState</name>
         <load_address>0x9088</load_address>
         <run_address>0x9088</run_address>
         <size>0x14</size>
         <input_file_ref idref="fl-122"/>
      </object_component>
      <object_component id="oc-5c5">
         <name>.text:strcpy</name>
         <load_address>0x909c</load_address>
         <run_address>0x909c</run_address>
         <size>0x14</size>
         <input_file_ref idref="fl-fc"/>
      </object_component>
      <object_component id="oc-551">
         <name>.text:strlen</name>
         <load_address>0x90b0</load_address>
         <run_address>0x90b0</run_address>
         <size>0x14</size>
         <input_file_ref idref="fl-e9"/>
      </object_component>
      <object_component id="oc-d0">
         <name>.text:Graphics_clearDisplay</name>
         <load_address>0x90c4</load_address>
         <run_address>0x90c4</run_address>
         <size>0x12</size>
         <input_file_ref idref="fl-115"/>
      </object_component>
      <object_component id="oc-379">
         <name>.text:_inpchar</name>
         <load_address>0x90d6</load_address>
         <run_address>0x90d6</run_address>
         <size>0x12</size>
         <input_file_ref idref="fl-cc"/>
      </object_component>
      <object_component id="oc-586">
         <name>.text:wcslen</name>
         <load_address>0x90e8</load_address>
         <run_address>0x90e8</run_address>
         <size>0x12</size>
         <input_file_ref idref="fl-ef"/>
      </object_component>
      <object_component id="oc-4cc">
         <name>.text:ADCIsConversionRunning</name>
         <load_address>0x90fc</load_address>
         <run_address>0x90fc</run_address>
         <size>0x10</size>
         <input_file_ref idref="fl-11c"/>
      </object_component>
      <object_component id="oc-237">
         <name>.text:Interrupt_disableMaster</name>
         <load_address>0x910c</load_address>
         <run_address>0x910c</run_address>
         <size>0x10</size>
         <input_file_ref idref="fl-121"/>
      </object_component>
      <object_component id="oc-117">
         <name>.text:Interrupt_disableSleepOnIsrExit</name>
         <load_address>0x911c</load_address>
         <run_address>0x911c</run_address>
         <size>0x10</size>
         <input_file_ref idref="fl-121"/>
      </object_component>
      <object_component id="oc-2f5">
         <name>.text:Interrupt_enableMaster</name>
         <load_address>0x912c</load_address>
         <run_address>0x912c</run_address>
         <size>0x10</size>
         <input_file_ref idref="fl-121"/>
      </object_component>
      <object_component id="oc-23d">
         <name>.text:Interrupt_enableSleepOnIsrExit</name>
         <load_address>0x913c</load_address>
         <run_address>0x913c</run_address>
[...]
         <object_component_ref idref="oc-1db"/>
      </symbol>
      <symbol id="sm-f08">
         <name>Graphics_drawLineH</name>
         <value>0x6e9d</value>
         <object_component_ref idref="oc-41b"/>
      </symbol>
      <symbol id="sm-f09">
         <name>Graphics_drawLineV</name>
         <value>0x6f39</value>
         <object_component_ref idref="oc-1ff"/>
      </symbol>
      <symbol id="sm-f17">
         <name>Graphics_drawRectangle</name>
         <value>0x6dfb</value>
         <object_component_ref idref="oc-1d5"/>
      </symbol>
      <symbol id="sm-f6f">
         <name>Graphics_drawStringCentered</name>
         <value>0x82e9</value>
         <object_component_ref idref="oc-1ea"/>
      </symbol>
      <symbol id="sm-f70">
         <name>Graphics_drawString</name>
         <value>0x3609</value>
         <object_component_ref idref="oc-446"/>
      </symbol>
      <symbol id="sm-f71">
         <name>Graphics_getStringWidth</name>
         <value>0x66bd</value>
         <object_component_ref idref="oc-440"/>
      </symbol>
      <symbol id="sm-1068">
         <name>ADC14_enableInterrupt</name>
         <value>0x89f1</value>
         <object_component_ref idref="oc-291"/>
      </symbol>
      <symbol id="sm-1069">
         <name>ADC14_getInterruptStatus</name>
         <value>0x8ae1</value>
         <object_component_ref idref="oc-3db"/>
      </symbol>
      <symbol id="sm-106a">
         <name>ADC14_enableSampleTimer</name>
         <value>0x8855</value>
         <object_component_ref idref="oc-2a3"/>
      </symbol>
      <symbol id="sm-106b">
         <name>ADC14_enableConversion</name>
         <value>0x8bbd</value>
         <object_component_ref idref="oc-2a9"/>
      </symbol>
      <symbol id="sm-106c">
         <name>ADC14_toggleConversionTrigger</name>
         <value>0x8b0d</value>
         <object_component_ref idref="oc-2af"/>
      </symbol>
      <symbol id="sm-106d">
         <name>ADC14_getEnabledInterruptStatus</name>
         <value>0x8699</value>
         <object_component_ref idref="oc-13c"/>
      </symbol>
      <symbol id="sm-106e">
         <name>ADC14_initModule</name>
         <value>0x80bd</value>
         <object_component_ref idref="oc-29d"/>
      </symbol>
      <symbol id="sm-106f">
         <name>ADC14_configureMultiSequenceMode</name>
         <value>0x6be5</value>
         <object_component_ref idref="oc-285"/>
      </symbol>
      <symbol id="sm-1070">
         <name>ADC14_clearInterruptFlag</name>
         <value>0x89c1</value>
         <object_component_ref idref="oc-142"/>
      </symbol>
      <symbol id="sm-1071">
         <name>ADC14_configureConversionMemory</name>
         <value>0x6b31</value>
         <object_component_ref idref="oc-28b"/>
      </symbol>
      <symbol id="sm-1072">
         <name>ADC14_enableModule</name>
         <value>0x9189</value>
         <object_component_ref idref="oc-297"/>
      </symbol>
      <symbol id="sm-1073">
         <name>ADC14_getResult</name>
         <value>0x8be5</value>
         <object_component_ref idref="oc-148"/>
      </symbol>
      <symbol id="sm-10a2">
         <name>CS_setDCOCenteredFrequency</name>
         <value>0x8889</value>
         <object_component_ref idref="oc-24f"/>
      </symbol>
      <symbol id="sm-10a3">
         <name>CS_initClockSignal</name>
         <value>0x5acd</value>
         <object_component_ref idref="oc-255"/>
      </symbol>
      <symbol id="sm-10b2">
         <name>FlashCtl_setWaitState</name>
         <value>0x82a1</value>
         <object_component_ref idref="oc-249"/>
      </symbol>
      <symbol id="sm-1135">
         <name>GPIO_setOutputHighOnPin</name>
         <value>0x8c5d</value>
         <object_component_ref idref="oc-dc"/>
      </symbol>
      <symbol id="sm-1136">
         <name>GPIO_setAsInputPinWithPullUpResistor</name>
         <value>0x7f5d</value>
         <object_component_ref idref="oc-273"/>
      </symbol>
      <symbol id="sm-1137">
         <name>GPIO_getInterruptStatus</name>
         <value>0x8d4d</value>
         <object_component_ref idref="oc-3ef"/>
      </symbol>
      <symbol id="sm-1138">
         <name>GPIO_enableInterrupt</name>
         <value>0x8c35</value>
         <object_component_ref idref="oc-279"/>
      </symbol>
      <symbol id="sm-1139">
         <name>GPIO_getEnabledInterruptStatus</name>
         <value>0x73b1</value>
         <object_component_ref idref="oc-153"/>
      </symbol>
      <symbol id="sm-113a">
         <name>GPIO_setAsOutputPin</name>
         <value>0x8519</value>
         <object_component_ref idref="oc-26d"/>
      </symbol>
      <symbol id="sm-113b">
         <name>GPIO_setOutputLowOnPin</name>
         <value>0x8c85</value>
         <object_component_ref idref="oc-d6"/>
      </symbol>
      <symbol id="sm-113c">
         <name>GPIO_clearInterruptFlag</name>
         <value>0x8c0d</value>
         <object_component_ref idref="oc-159"/>
      </symbol>
      <symbol id="sm-113d">
         <name>GPIO_setAsPeripheralModuleFunctionOutputPin</name>
         <value>0x721d</value>
         <object_component_ref idref="oc-4f0"/>
      </symbol>
      <symbol id="sm-113e">
         <name>GPIO_setAsPeripheralModuleFunctionInputPin</name>
         <value>0x7195</value>
         <object_component_ref idref="oc-27f"/>
      </symbol>
      <symbol id="sm-11fd">
         <name>I2C_masterSendMultiByteStop</name>
         <value>0x86d1</value>
         <object_component_ref idref="oc-50e"/>
      </symbol>
      <symbol id="sm-11fe">
         <name>I2C_masterSendMultiByteFinish</name>
         <value>0x78bd</value>
         <object_component_ref idref="oc-3a1"/>
      </symbol>
      <symbol id="sm-11ff">
         <name>I2C_masterSendMultiByteNext</name>
         <value>0x88bd</value>
         <object_component_ref idref="oc-39b"/>
      </symbol>
      <symbol id="sm-1200">
         <name>I2C_masterSendMultiByteStart</name>
         <value>0x7991</value>
         <object_component_ref idref="oc-395"/>
      </symbol>
      <symbol id="sm-1201">
         <name>I2C_masterSendSingleByte</name>
         <value>0x7435</value>
         <object_component_ref idref="oc-3c5"/>
      </symbol>
      <symbol id="sm-1202">
         <name>I2C_masterReceiveMultiByteNext</name>
         <value>0x905f</value>
         <object_component_ref idref="oc-3b9"/>
      </symbol>
      <symbol id="sm-1203">
         <name>I2C_getInterruptStatus</name>
         <value>0x8ec3</value>
         <object_component_ref idref="oc-3b3"/>
      </symbol>
      <symbol id="sm-1204">
         <name>I2C_setMode</name>
         <value>0x8db5</value>
         <object_component_ref idref="oc-38f"/>
      </symbol>
      <symbol id="sm-1205">
         <name>I2C_isBusBusy</name>
         <value>0x8edd</value>
         <object_component_ref idref="oc-3a7"/>
      </symbol>
      <symbol id="sm-1206">
         <name>I2C_masterReceiveMultiByteFinish</name>
         <value>0x8599</value>
         <object_component_ref idref="oc-3bf"/>
      </symbol>
      <symbol id="sm-1207">
         <name>I2C_enableModule</name>
         <value>0x8ff1</value>
         <object_component_ref idref="oc-502"/>
      </symbol>
      <symbol id="sm-1208">
         <name>I2C_masterReceiveStart</name>
         <value>0x8e8f</value>
         <object_component_ref idref="oc-3ad"/>
      </symbol>
      <symbol id="sm-1209">
         <name>I2C_clearInterruptFlag</name>
         <value>0x8fc5</value>
         <object_component_ref idref="oc-508"/>
      </symbol>
      <symbol id="sm-120a">
         <name>I2C_setSlaveAddress</name>
         <value>0x9073</value>
         <object_component_ref idref="oc-514"/>
      </symbol>
      <symbol id="sm-120b">
         <name>I2C_initMaster</name>
         <value>0x7cc5</value>
         <object_component_ref idref="oc-4f6"/>
      </symbol>
      <symbol id="sm-120c">
         <name>I2C_masterReceiveSingleByte</name>
         <value>0x7629</value>
         <object_component_ref idref="oc-3cb"/>
      </symbol>
      <symbol id="sm-120d">
         <name>I2C_disableModule</name>
         <value>0x8fdb</value>
         <object_component_ref idref="oc-4fc"/>
      </symbol>
      <symbol id="sm-1250">
         <name>Interrupt_disableMaster</name>
         <value>0x910d</value>
         <object_component_ref idref="oc-237"/>
      </symbol>
      <symbol id="sm-1251">
         <name>Interrupt_enableSleepOnIsrExit</name>
         <value>0x913d</value>
         <object_component_ref idref="oc-23d"/>
      </symbol>
      <symbol id="sm-1252">
         <name>Interrupt_enableMaster</name>
         <value>0x912d</value>
         <object_component_ref idref="oc-2f5"/>
      </symbol>
      <symbol id="sm-1253">
         <name>Interrupt_enableInterrupt</name>
         <value>0x74b9</value>
         <object_component_ref idref="oc-261"/>
      </symbol>
      <symbol id="sm-1254">
         <name>Interrupt_disableSleepOnIsrExit</name>
         <value>0x911d</value>
         <object_component_ref idref="oc-117"/>
      </symbol>
      <symbol id="sm-12e7">
         <name>PCM_setCoreVoltageLevel</name>
         <value>0x914d</value>
         <object_component_ref idref="oc-243"/>
      </symbol>
      <symbol id="sm-12e8">
         <name>PCM_getCoreVoltageLevel</name>
         <value>0x7de9</value>
         <object_component_ref idref="oc-680"/>
      </symbol>
      <symbol id="sm-12e9">
         <name>PCM_gotoLPM0InterruptSafe</name>
         <value>0x8dd1</value>
         <object_component_ref idref="oc-c5"/>
      </symbol>
      <symbol id="sm-12ea">
         <name>PCM_getPowerMode</name>
         <value>0x7f01</value>
         <object_component_ref idref="oc-67a"/>
      </symbol>
      <symbol id="sm-12eb">
         <name>PCM_getPowerState</name>
         <value>0x9089</value>
         <object_component_ref idref="oc-686"/>
      </symbol>
      <symbol id="sm-12ec">
         <name>PCM_gotoLPM0</name>
         <value>0x8cad</value>
         <object_component_ref idref="oc-2ef"/>
      </symbol>
      <symbol id="sm-12ed">
         <name>PCM_setPowerMode</name>
         <value>0x915d</value>
         <object_component_ref idref="oc-68c"/>
      </symbol>
      <symbol id="sm-132d">
         <name>EUSCI_B_SPI_enable</name>
         <value>0x8f83</value>
         <object_component_ref idref="oc-7c5"/>
      </symbol>
      <symbol id="sm-132e">
         <name>SPI_enableModule</name>
         <value>0x8ded</value>
         <object_component_ref idref="oc-6b1"/>
      </symbol>
      <symbol id="sm-132f">
         <name>EUSCI_A_SPI_enable</name>
         <value>0x8f6d</value>
         <object_component_ref idref="oc-7bf"/>
      </symbol>
      <symbol id="sm-1330">
         <name>SPI_initMaster</name>
         <value>0x6d4b</value>
         <object_component_ref idref="oc-6ab"/>
      </symbol>
      <symbol id="sm-1370">
         <name>Timer_A_startCounter</name>
         <value>0x901d</value>
         <object_component_ref idref="oc-267"/>
      </symbol>
      <symbol id="sm-1371">
         <name>Timer_A_clearInterruptFlag</name>
         <value>0x9007</value>
         <object_component_ref idref="oc-11e"/>
      </symbol>
      <symbol id="sm-1372">
         <name>Timer_A_configureUpMode</name>
         <value>0x79f9</value>
         <object_component_ref idref="oc-25b"/>
      </symbol>
      <symbol id="sm-13d4">
         <name>UART_enableInterrupt</name>
         <value>0x8a21</value>
         <object_component_ref idref="oc-2d9"/>
      </symbol>
      <symbol id="sm-13d5">
         <name>UART_receiveData</name>
         <value>0x8a51</value>
         <object_component_ref idref="oc-f6"/>
      </symbol>
      <symbol id="sm-13d6">
         <name>UART_enableModule</name>
         <value>0x9033</value>
         <object_component_ref idref="oc-2d3"/>
      </symbol>
      <symbol id="sm-13d7">
         <name>UART_getEnabledInterruptStatus</name>
         <value>0x7b99</value>
         <object_component_ref idref="oc-f0"/>
      </symbol>
      <symbol id="sm-13d8">
         <name>UART_transmitData</name>
         <value>0x88f1</value>
         <object_component_ref idref="oc-b9"/>
      </symbol>
      <symbol id="sm-13d9">
         <name>UART_getInterruptStatus</name>
         <value>0x8ef5</value>
         <object_component_ref idref="oc-346"/>
      </symbol>
      <symbol id="sm-13da">
         <name>UART_initModule</name>
         <value>0x5e51</value>
         <object_component_ref idref="oc-2cd"/>
      </symbol>
      <symbol id="sm-13e6">
         <name>WDT_A_holdTimer</name>
         <value>0x8d71</value>
         <object_component_ref idref="oc-231"/>
      </symbol>
      <symbol id="sm-1400">
         <name>CPU_wfi</name>
         <value>0x91dd</value>
         <object_component_ref idref="oc-530"/>
      </symbol>
      <symbol id="sm-1401">
         <name>CPU_cpsie</name>
         <value>0x91a1</value>
         <object_component_ref idref="oc-537"/>
      </symbol>
      <symbol id="sm-1402">
         <name>CPU_cpsid</name>
         <value>0x9195</value>
         <object_component_ref idref="oc-4a9"/>
      </symbol>
      <symbol id="sm-1403">
         <name>__TI_static_base__</name>
         <value>0x0</value>
      </symbol>
      <symbol id="sm-1406">
         <name>__mpu_init</name>
         <value>0x0</value>
      </symbol>
      <symbol id="sm-1407">
         <name>_system_post_cinit</name>
         <value>0x0</value>
      </symbol>
      <symbol id="sm-1408">
         <name>NMI_Handler</name>
         <value>0x9187</value>
      </symbol>
      <symbol id="sm-1409">
         <name>HardFault_Handler</name>
         <value>0x9187</value>
      </symbol>
      <symbol id="sm-140a">
         <name>MemManage_Handler</name>
         <value>0x9187</value>
      </symbol>
      <symbol id="sm-140b">
         <name>BusFault_Handler</name>
         <value>0x9187</value>
      </symbol>
      <symbol id="sm-140c">
         <name>UsageFault_Handler</name>
         <value>0x9187</value>
      </symbol>
      <symbol id="sm-140d">
         <name>SVC_Handler</name>
         <value>0x9187</value>
      </symbol>
      <symbol id="sm-140e">
         <name>DebugMon_Handler</name>
         <value>0x9187</value>
      </symbol>
      <symbol id="sm-140f">
         <name>PendSV_Handler</name>
         <value>0x9187</value>
      </symbol>
      <symbol id="sm-1410">
         <name>SysTick_Handler</name>
         <value>0x9187</value>
      </symbol>
      <symbol id="sm-1411">
         <name>PSS_IRQHandler</name>
         <value>0x9187</value>
      </symbol>
      <symbol id="sm-1412">
         <name>CS_IRQHandler</name>
         <value>0x9187</value>
      </symbol>
      <symbol id="sm-1413">
         <name>PCM_IRQHandler</name>
         <value>0x9187</value>
      </symbol>
      <symbol id="sm-1414">
         <name>WDT_A_IRQHandler</name>
         <value>0x9187</value>
      </symbol>
      <symbol id="sm-1415">
         <name>FPU_IRQHandler</name>
         <value>0x9187</value>
      </symbol>
      <symbol id="sm-1416">
         <name>FLCTL_IRQHandler</name>
         <value>0x9187</value>
      </symbol>
      <symbol id="sm-1417">
         <name>COMP_E0_IRQHandler</name>
         <value>0x9187</value>
      </symbol>
      <symbol id="sm-1418">
         <name>COMP_E1_IRQHandler</name>
         <value>0x9187</value>
      </symbol>
      <symbol id="sm-1419">
         <name>TA0_0_IRQHandler</name>
         <value>0x9187</value>
      </symbol>
      <symbol id="sm-141a">
         <name>TA0_N_IRQHandler</name>
         <value>0x779</value>
      </symbol>
      <symbol id="sm-141b">
         <name>TA1_0_IRQHandler</name>
         <value>0x9187</value>
      </symbol>
      <symbol id="sm-141c">
         <name>TA1_N_IRQHandler</name>
         <value>0x9187</value>
      </symbol>
      <symbol id="sm-141d">
         <name>TA2_0_IRQHandler</name>
         <value>0x9187</value>
      </symbol>
      <symbol id="sm-141e">
         <name>TA2_N_IRQHandler</name>
         <value>0x9187</value>
      </symbol>
      <symbol id="sm-141f">
         <name>TA3_0_IRQHandler</name>
         <value>0x9187</value>
      </symbol>
      <symbol id="sm-1420">
         <name>TA3_N_IRQHandler</name>
         <value>0x9187</value>
      </symbol>
      <symbol id="sm-1421">
         <name>EUSCIA0_IRQHandler</name>
         <value>0x9187</value>
      </symbol>
      <symbol id="sm-1422">
         <name>EUSCIA1_IRQHandler</name>
         <value>0x9187</value>
      </symbol>
      <symbol id="sm-1423">
         <name>EUSCIA2_IRQHandler</name>
         <value>0x43d</value>
      </symbol>
      <symbol id="sm-1424">
         <name>EUSCIA3_IRQHandler</name>
         <value>0x9187</value>
      </symbol>
      <symbol id="sm-1425">
         <name>EUSCIB0_IRQHandler</name>
         <value>0x9187</value>
      </symbol>
      <symbol id="sm-1426">
         <name>EUSCIB1_IRQHandler</name>
         <value>0x9187</value>
      </symbol>
      <symbol id="sm-1427">
         <name>EUSCIB2_IRQHandler</name>
         <value>0x9187</value>
      </symbol>
      <symbol id="sm-1428">
         <name>EUSCIB3_IRQHandler</name>
         <value>0x9187</value>
      </symbol>
      <symbol id="sm-1429">
         <name>ADC14_IRQHandler</name>
         <value>0x929</value>
      </symbol>
      <symbol id="sm-142a">
         <name>T32_INT1_IRQHandler</name>
         <value>0x9187</value>
      </symbol>
      <symbol id="sm-142b">
         <name>T32_INT2_IRQHandler</name>
         <value>0x9187</value>
      </symbol>
      <symbol id="sm-142c">
         <name>T32_INTC_IRQHandler</name>
         <value>0x9187</value>
      </symbol>
      <symbol id="sm-142d">
         <name>AES256_IRQHandler</name>
         <value>0x9187</value>
      </symbol>
      <symbol id="sm-142e">
         <name>RTC_C_IRQHandler</name>
         <value>0x9187</value>
      </symbol>
      <symbol id="sm-142f">
         <name>DMA_ERR_IRQHandler</name>
         <value>0x9187</value>
      </symbol>
      <symbol id="sm-1430">
         <name>DMA_INT3_IRQHandler</name>
         <value>0x9187</value>
      </symbol>
      <symbol id="sm-1431">
         <name>DMA_INT2_IRQHandler</name>
         <value>0x9187</value>
      </symbol>
      <symbol id="sm-1432">
         <name>DMA_INT1_IRQHandler</name>
         <value>0x9187</value>
      </symbol>
      <symbol id="sm-1433">
         <name>DMA_INT0_IRQHandler</name>
         <value>0x9187</value>
      </symbol>
      <symbol id="sm-1434">
         <name>PORT1_IRQHandler</name>
         <value>0xf11</value>
      </symbol>
      <symbol id="sm-1435">
         <name>PORT2_IRQHandler</name>
         <value>0x9187</value>
      </symbol>
      <symbol id="sm-1436">
         <name>PORT3_IRQHandler</name>
         <value>0xa4d</value>
      </symbol>
      <symbol id="sm-1437">
         <name>PORT4_IRQHandler</name>
         <value>0xba5</value>
      </symbol>
      <symbol id="sm-1438">
         <name>PORT5_IRQHandler</name>
         <value>0xdb9</value>
      </symbol>
      <symbol id="sm-1439">
         <name>PORT6_IRQHandler</name>
         <value>0x9187</value>
      </symbol>
      <symbol id="sm-143a">
         <name>remove</name>
         <value>0x8b91</value>
      </symbol>
   </symbol_table>
   <title>Link successful</title>
</link_info>
