******************************************************************************
                  TI ARM Linker PC v20.2.7                     
******************************************************************************
>> Linked Thu Feb 22 10:52:06 2024

OUTPUT FILE NAME:   <prog_kenny_17_02_24.out>
ENTRY POINT SYMBOL: "_c_int00_noargs"  address: 0000898d


MEMORY CONFIGURATION

         name            origin    length      used     unused   attr    fill
----------------------  --------  ---------  --------  --------  ----  --------
  MAIN                  00000000   00040000  00009c84  0003637c  R  X
  INFO                  00200000   00004000  00000000  00004000  R  X
  SRAM_CODE             01000000   00010000  00000ea2  0000f15e  RW X
  SRAM_DATA             20000000   00010000  00000ea2  0000f15e  RW  


SEGMENT ALLOCATION MAP

run origin  load origin   length   init length attrs members
----------  ----------- ---------- ----------- ----- -------
00000000    00000000    00009c88   00009c88    r-x
  00000000    00000000    000000e4   000000e4    r-- .intvecs
  000000e4    000000e4    0000910c   0000910c    r-x .text
  000091f0    000091f0    000009e4   000009e4    r-- .const
  00009bd8    00009bd8    000000b0   000000b0    r-- .cinit
20000000    20000000    00000ca4   00000000    rw-
  20000000    20000000    00000636   00000000    rw- .bss
  20000638    20000638    00000400   00000000    rw- .sysmem
  20000a38    20000a38    0000026c   00000000    rw- .data
2000fe00    2000fe00    00000200   00000000    rw-
  2000fe00    2000fe00    00000200   00000000    rw- .stack


SECTION ALLOCATION MAP

 output                                  attributes/
section   page    origin      length       input sections
--------  ----  ----------  ----------   ----------------
.intvecs   0    00000000    000000e4     
                  00000000    000000e4     startup_msp432p401r_ccs.obj (.intvecs:retain)

.text      0    000000e4    0000910c     
                  000000e4    00000ea8     main.obj (.text)
                  00000f8c    00000b14     rtsv7M4_T_le_v4SPD16_eabi.lib : _scanfi.c.obj (.text:__TI_scanfi)
                  00001aa0    00000a98     menu_graphics.obj (.text)
                  00002538    00000a4e     rtsv7M4_T_le_v4SPD16_eabi.lib : _printfi.c.obj (.text:__TI_printfi)
                  00002f86    00000002                                   : _lock.c.obj (.text:_nop)
                  00002f88    00000680     Crystalfontz128x128_ST7735.obj (.text)
                  00003608    0000047e     grlib.a : string.obj (.text:Graphics_drawString)
                  00003a86    00000002     rtsv7M4_T_le_v4SPD16_eabi.lib : div0.asm.obj (.text)
                  00003a88    00000460                                   : strtod.c.obj (.text:strtod)
                  00003ee8    00000390     grlib.a : image.obj (.text:Graphics_drawImage)
                  00004278    00000334     system_msp432p401r.obj (.text)
                  000045ac    00000270     rtsv7M4_T_le_v4SPD16_eabi.lib : _printfi.c.obj (.text:_pconv_a)
                  0000481c    00000238     hardware_init.obj (.text)
                  00004a54    00000208     HAL_DHT20.obj (.text)
                  00004c5c    000001dc     rtsv7M4_T_le_v4SPD16_eabi.lib : strtoll.c.obj (.text:strtoll)
                  00004e38    000001d0                                   : _printfi.c.obj (.text:_pconv_g)
                  00005008    000001b6                                   : fd_add_t2.asm.obj (.text)
                  000051be    00000002     --HOLE-- [fill = 0]
                  000051c0    00000160     msp432p4xx_driverlib.lib : adc14.o (.text:_getIndexForMemRegister)
                  00005320    0000015c                              : pcm.o (.text:__PCM_setPowerModeAdvanced)
                  0000547c    0000015c     rtsv7M4_T_le_v4SPD16_eabi.lib : strtoull.c.obj (.text:strtoull)
                  000055d8    00000144     msp432p4xx_driverlib.lib : timer_a.o (.text:privateTimer_AProcessClockSourceDivider)
                  0000571c    0000013c     HAL_OPT3001.obj (.text)
                  00005858    0000013c     rtsv7M4_T_le_v4SPD16_eabi.lib : _printfi.c.obj (.text:_pconv_e)
                  00005994    00000136                                   : fd_div_t2.asm.obj (.text)
                  00005aca    00000002     --HOLE-- [fill = 0]
                  00005acc    00000130     msp432p4xx_driverlib.lib : cs.o (.text:CS_initClockSignal)
                  00005bfc    00000130     rtsv7M4_T_le_v4SPD16_eabi.lib : strtol.c.obj (.text:strtol)
                  00005d2c    00000124                                   : _printfi.c.obj (.text:fcvt)
                  00005e50    0000011c     msp432p4xx_driverlib.lib : uart.o (.text:UART_initModule)
                  00005f6c    00000118     HAL_I2C.obj (.text)
                  00006084    00000114     rtsv7M4_T_le_v4SPD16_eabi.lib : fputs.c.obj (.text:fputs)
                  00006198    00000110                                   : s_scalbn.c.obj (.text:scalbn)
                  000062a8    00000110                                   : strtoul.c.obj (.text:strtoul)
                  000063b8    00000108     msp432p4xx_driverlib.lib : pcm.o (.text:__PCM_setCoreVoltageLevelAdvanced)
                  000064c0    00000100     rtsv7M4_T_le_v4SPD16_eabi.lib : memory.c.obj (.text:aligned_alloc)
                  000065c0    000000fc                                   : fd_mul_t2.asm.obj (.text)
                  000066bc    000000fa     grlib.a : string.obj (.text:Graphics_getStringWidth)
                  000067b6    00000002     --HOLE-- [fill = 0]
                  000067b8    000000ec     HAL_INA219.obj (.text)
                  000068a4    000000e4     rtsv7M4_T_le_v4SPD16_eabi.lib : memory.c.obj (.text:free)
                  00006988    000000dc                                   : setvbuf.c.obj (.text:setvbuf)
                  00006a64    000000cc     HAL_MSP_EXP432P401R_Crystalfontz128x128_ST7735.obj (.text)
                  00006b30    000000b4     msp432p4xx_driverlib.lib : adc14.o (.text:ADC14_configureConversionMemory)
                  00006be4    000000b4                              : adc14.o (.text:ADC14_configureMultiSequenceMode)
                  00006c98    000000b1     rtsv7M4_T_le_v4SPD16_eabi.lib : _printfi.c.obj (.text:_ltostr)
                  00006d49    00000001     --HOLE-- [fill = 0]
                  00006d4a    000000b0     msp432p4xx_driverlib.lib : spi.o (.text:SPI_initMaster)
                  00006dfa    000000a2     grlib.a : rectangle.obj (.text:Graphics_drawRectangle)
                  00006e9c    0000009c             : line.obj (.text:Graphics_drawLineH)
                  00006f38    0000009c             : line.obj (.text:Graphics_drawLineV)
                  00006fd4    0000009c     rtsv7M4_T_le_v4SPD16_eabi.lib : memcpy_t2.asm.obj (.text)
                  00007070    00000096                                   : ull_div_t2.asm.obj (.text)
                  00007106    00000002     --HOLE-- [fill = 0]
                  00007108    0000008c                                   : fputc.c.obj (.text:fputc)
                  00007194    00000088     msp432p4xx_driverlib.lib : gpio.o (.text:GPIO_setAsPeripheralModuleFunctionInputPin)
                  0000721c    00000088                              : gpio.o (.text:GPIO_setAsPeripheralModuleFunctionOutputPin)
                  000072a4    00000086     rtsv7M4_T_le_v4SPD16_eabi.lib : fd_cmp_t2.asm.obj (.text:__aeabi_cdcmple)
                  0000732a    00000086                                   : fd_cmp_t2.asm.obj (.text:__aeabi_cdrcmple)
                  000073b0    00000084     msp432p4xx_driverlib.lib : gpio.o (.text:GPIO_getEnabledInterruptStatus)
                  00007434    00000084                              : i2c.o (.text:I2C_masterSendSingleByte)
                  000074b8    00000080                              : interrupt.o (.text:Interrupt_enableInterrupt)
                  00007538    0000007a     rtsv7M4_T_le_v4SPD16_eabi.lib : memset_t2.asm.obj (.text)
                  000075b2    00000002     --HOLE-- [fill = 0]
                  000075b4    00000074                                   : fclose.c.obj (.text:__TI_closefile)
                  00007628    00000070     msp432p4xx_driverlib.lib : i2c.o (.text:I2C_masterReceiveSingleByte)
                  00007698    00000070     rtsv7M4_T_le_v4SPD16_eabi.lib : memory.c.obj (.text:split)
                  00007708    0000006e                                   : _printfi.c.obj (.text:_mcpy)
                  00007776    0000006e                                   : fd_tos_t2.asm.obj (.text)
                  000077e4    0000006c     grlib.a : image.obj (.text:Graphics_convertPalette)
                  00007850    0000006c     rtsv7M4_T_le_v4SPD16_eabi.lib : hostrename.c.obj (.text:HOSTrename)
                  000078bc    0000006c     msp432p4xx_driverlib.lib : i2c.o (.text:I2C_masterSendMultiByteFinish)
                  00007928    00000068     rtsv7M4_T_le_v4SPD16_eabi.lib : hostlseek.c.obj (.text:HOSTlseek)
                  00007990    00000068     msp432p4xx_driverlib.lib : i2c.o (.text:I2C_masterSendMultiByteStart)
                  000079f8    00000068                              : timer_a.o (.text:Timer_A_configureUpMode)
                  00007a60    00000068     rtsv7M4_T_le_v4SPD16_eabi.lib : sscanf.c.obj (.text:_chkmbc)
                  00007ac8    00000068                                   : copy_decompress_lzss.c.obj (.text:decompress:lzss:__TI_decompress_lzss)
                  00007b30    00000068                                   : printf.c.obj (.text:printf)
                  00007b98    00000064     msp432p4xx_driverlib.lib : uart.o (.text:UART_getEnabledInterruptStatus)
                  00007bfc    00000064     rtsv7M4_T_le_v4SPD16_eabi.lib : s_frexp.c.obj (.text:frexp)
                  00007c60    00000064                                   : fseek.c.obj (.text:fseek)
                  00007cc4    00000062     msp432p4xx_driverlib.lib : i2c.o (.text:I2C_initMaster)
                  00007d26    00000062     rtsv7M4_T_le_v4SPD16_eabi.lib : _io_perm.c.obj (.text:__TI_wrt_ok)
                  00007d88    00000060                                   : hostopen.c.obj (.text:HOSTopen)
                  00007de8    0000005e     msp432p4xx_driverlib.lib : pcm.o (.text:PCM_getCoreVoltageLevel)
                  00007e46    0000005e     rtsv7M4_T_le_v4SPD16_eabi.lib : i_divt2.asm.obj (.text)
                  00007ea4    0000005c                                   : close.c.obj (.text:close)
                  00007f00    0000005a     msp432p4xx_driverlib.lib : pcm.o (.text:PCM_getPowerMode)
                  00007f5a    00000002     --HOLE-- [fill = 0]
                  00007f5c    00000058                              : gpio.o (.text:GPIO_setAsInputPinWithPullUpResistor)
                  00007fb4    00000058     rtsv7M4_T_le_v4SPD16_eabi.lib : hostread.c.obj (.text:HOSTread)
                  0000800c    00000058                                   : hostwrite.c.obj (.text:HOSTwrite)
                  00008064    00000056                                   : _printfi.c.obj (.text:_pconv_f)
                  000080ba    00000002     --HOLE-- [fill = 0]
                  000080bc    00000054     msp432p4xx_driverlib.lib : adc14.o (.text:ADC14_initModule)
                  00008110    00000054     rtsv7M4_T_le_v4SPD16_eabi.lib : _ltoa.c.obj (.text:__TI_ltoa)
                  00008164    00000052     grlib.a : context.obj (.text:Graphics_initContext)
                  000081b6    00000052     rtsv7M4_T_le_v4SPD16_eabi.lib : _printfi.c.obj (.text:_ecpy)
                  00008208    0000004c                                   : fflush.c.obj (.text:__TI_doflush)
                  00008254    0000004c                                   : atoi.c.obj (.text:atoi)
                  000082a0    00000048     msp432p4xx_driverlib.lib : flash.o (.text:FlashCtl_setWaitState)
                  000082e8    00000048     grlib.a : string.obj (.text:Graphics_drawStringCentered)
                  00008330    00000048     rtsv7M4_T_le_v4SPD16_eabi.lib : exit.c.obj (.text:exit)
                  00008378    00000048                                   : fd_toi_t2.asm.obj (.text)
                  000083c0    00000046     grlib.a : display.obj (.text:Graphics_drawMultiplePixelsOnDisplay)
                  00008406    00000002     --HOLE-- [fill = 0]
                  00008408    00000044     rtsv7M4_T_le_v4SPD16_eabi.lib : hostclose.c.obj (.text:HOSTclose)
                  0000844c    00000044                                   : hostunlink.c.obj (.text:HOSTunlink)
                  00008490    00000044                                   : autoinit.c.obj (.text:__TI_auto_init_nobinit_nopinit:__TI_auto_init_nobinit_nopinit)
                  000084d4    00000044                                   : getdevice.c.obj (.text:getdevice)
                  00008518    00000040     msp432p4xx_driverlib.lib : gpio.o (.text:GPIO_setAsOutputPin)
                  00008558    00000040     grlib.a : string.obj (.text:Graphics_getNumberOfLeadingZeros)
                  00008598    00000040     msp432p4xx_driverlib.lib : i2c.o (.text:I2C_masterReceiveMultiByteFinish)
                  000085d8    00000040                              : spi.o (.text:is_A_Module)
                  00008618    00000040     rtsv7M4_T_le_v4SPD16_eabi.lib : sprintf.c.obj (.text:sprintf)
                  00008658    0000003e                                   : _printfi.c.obj (.text:_fcpy)
                  00008696    00000002     --HOLE-- [fill = 0]
                  00008698    00000038     msp432p4xx_driverlib.lib : adc14.o (.text:ADC14_getEnabledInterruptStatus)
                  000086d0    00000038                              : i2c.o (.text:I2C_masterSendMultiByteStop)
                  00008708    00000038     rtsv7M4_T_le_v4SPD16_eabi.lib : trgmsg.c.obj (.text:__TI_writemsg)
                  00008740    00000038                                   : sscanf.c.obj (.text:sscanf)
                  00008778    00000038     status.obj (.text)
                  000087b0    00000036     grlib.a : display.obj (.text:Graphics_drawHorizontalLineOnDisplay)
                  000087e6    00000036             : display.obj (.text:Graphics_drawVerticalLineOnDisplay)
                  0000881c    00000036     rtsv7M4_T_le_v4SPD16_eabi.lib : strncpy.c.obj (.text:strncpy)
                  00008852    00000002     --HOLE-- [fill = 0]
                  00008854    00000034     msp432p4xx_driverlib.lib : adc14.o (.text:ADC14_enableSampleTimer)
                  00008888    00000034                              : cs.o (.text:CS_setDCOCenteredFrequency)
                  000088bc    00000034                              : i2c.o (.text:I2C_masterSendMultiByteNext)
                  000088f0    00000034                              : uart.o (.text:UART_transmitData)
                  00008924    00000034     rtsv7M4_T_le_v4SPD16_eabi.lib : fopen.c.obj (.text:__TI_cleanup)
                  00008958    00000034                                   : trgmsg.c.obj (.text:__TI_readmsg)
                  0000898c    00000034                                   : boot_cortex_m.c.obj (.text:_c_int00_noargs:_c_int00_noargs)
                  000089c0    00000030     msp432p4xx_driverlib.lib : adc14.o (.text:ADC14_clearInterruptFlag)
                  000089f0    00000030                              : adc14.o (.text:ADC14_enableInterrupt)
                  00008a20    00000030                              : uart.o (.text:UART_enableInterrupt)
                  00008a50    00000030                              : uart.o (.text:UART_receiveData)
                  00008a80    00000030     rtsv7M4_T_le_v4SPD16_eabi.lib : getdevice.c.obj (.text:finddevice)
                  00008ab0    0000002e                                   : i_tofd_t2.asm.obj (.text)
                  00008ade    00000002     --HOLE-- [fill = 0]
                  00008ae0    0000002c     msp432p4xx_driverlib.lib : adc14.o (.text:ADC14_getInterruptStatus)
                  00008b0c    0000002c                              : adc14.o (.text:ADC14_toggleConversionTrigger)
                  00008b38    0000002c     grlib.a : display.obj (.text:Graphics_drawPixelOnDisplay)
                  00008b64    0000002c     rtsv7M4_T_le_v4SPD16_eabi.lib : strncmp.c.obj (.text:strncmp)
                  00008b90    0000002c                                   : unlink.c.obj (.text:unlink)
                  00008bbc    00000028     msp432p4xx_driverlib.lib : adc14.o (.text:ADC14_enableConversion)
                  00008be4    00000028                              : adc14.o (.text:ADC14_getResult)
                  00008c0c    00000028                              : gpio.o (.text:GPIO_clearInterruptFlag)
                  00008c34    00000028                              : gpio.o (.text:GPIO_enableInterrupt)
                  00008c5c    00000028                              : gpio.o (.text:GPIO_setOutputHighOnPin)
                  00008c84    00000028                              : gpio.o (.text:GPIO_setOutputLowOnPin)
                  00008cac    00000028                              : pcm.o (.text:PCM_gotoLPM0)
                  00008cd4    00000028     rtsv7M4_T_le_v4SPD16_eabi.lib : memory.c.obj (.text:free_list_insert)
                  00008cfc    00000028                                   : lseek.c.obj (.text:lseek)
                  00008d24    00000028                                   : write.c.obj (.text:write)
                  00008d4c    00000024     msp432p4xx_driverlib.lib : gpio.o (.text:GPIO_getInterruptStatus)
                  00008d70    00000024                              : wdt_a.o (.text:WDT_A_holdTimer)
                  00008d94    00000020     rtsv7M4_T_le_v4SPD16_eabi.lib : memchr.c.obj (.text:memchr)
                  00008db4    0000001c     msp432p4xx_driverlib.lib : i2c.o (.text:I2C_setMode)
                  00008dd0    0000001c                              : pcm.o (.text:PCM_gotoLPM0InterruptSafe)
                  00008dec    0000001c                              : spi.o (.text:SPI_enableModule)
                  00008e08    0000001c     rtsv7M4_T_le_v4SPD16_eabi.lib : memory.c.obj (.text:free_list_remove)
                  00008e24    0000001c                                   : memccpy.c.obj (.text:memccpy)
                  00008e40    0000001a     grlib.a : display.obj (.text:Graphics_clearDisplayOnDisplay)
                  00008e5a    0000001a             : context.obj (.text:Graphics_setBackgroundColor)
                  00008e74    0000001a             : context.obj (.text:Graphics_setFont)
                  00008e8e    0000001a     msp432p4xx_driverlib.lib : i2c.o (.text:I2C_masterReceiveStart)
                  00008ea8    0000001a     rtsv7M4_T_le_v4SPD16_eabi.lib : s_copysign.c.obj (.text:copysign)
                  00008ec2    00000018     msp432p4xx_driverlib.lib : i2c.o (.text:I2C_getInterruptStatus)
                  00008eda    00000002     --HOLE-- [fill = 0]
                  00008edc    00000018                              : i2c.o (.text:I2C_isBusBusy)
                  00008ef4    00000018                              : uart.o (.text:UART_getInterruptStatus)
                  00008f0c    00000018     rtsv7M4_T_le_v4SPD16_eabi.lib : sprintf.c.obj (.text:_outs)
                  00008f24    00000018                                   : ll_mul_t2.asm.obj (.text)
                  00008f3c    00000018                                   : strcmp.c.obj (.text:strcmp)
                  00008f54    00000018                                   : strrchr.c.obj (.text:strrchr)
                  00008f6c    00000016     msp432p4xx_driverlib.lib : spi.o (.text:EUSCI_A_SPI_enable)
                  00008f82    00000016                              : spi.o (.text:EUSCI_B_SPI_enable)
                  00008f98    00000016     grlib.a : context.obj (.text:Graphics_setForegroundColor)
                  00008fae    00000016             : display.obj (.text:Graphics_translateColorOnDisplay)
                  00008fc4    00000016     msp432p4xx_driverlib.lib : i2c.o (.text:I2C_clearInterruptFlag)
                  00008fda    00000016                              : i2c.o (.text:I2C_disableModule)
                  00008ff0    00000016                              : i2c.o (.text:I2C_enableModule)
                  00009006    00000016                              : timer_a.o (.text:Timer_A_clearInterruptFlag)
                  0000901c    00000016                              : timer_a.o (.text:Timer_A_startCounter)
                  00009032    00000016                              : uart.o (.text:UART_enableModule)
                  00009048    00000016     rtsv7M4_T_le_v4SPD16_eabi.lib : strchr.c.obj (.text:strchr)
                  0000905e    00000014     msp432p4xx_driverlib.lib : i2c.o (.text:I2C_masterReceiveMultiByteNext)
                  00009072    00000014                              : i2c.o (.text:I2C_setSlaveAddress)
                  00009086    00000002     --HOLE-- [fill = 0]
                  00009088    00000014                              : pcm.o (.text:PCM_getPowerState)
                  0000909c    00000014     rtsv7M4_T_le_v4SPD16_eabi.lib : strcpy.c.obj (.text:strcpy)
                  000090b0    00000014                                   : strlen.c.obj (.text:strlen)
                  000090c4    00000012     grlib.a : context.obj (.text:Graphics_clearDisplay)
                  000090d6    00000012     rtsv7M4_T_le_v4SPD16_eabi.lib : sscanf.c.obj (.text:_inpchar)
                  000090e8    00000012                                   : wcslen.c.obj (.text:wcslen)
                  000090fa    00000002     --HOLE-- [fill = 0]
                  000090fc    00000010     msp432p4xx_driverlib.lib : adc14.o (.text:ADCIsConversionRunning)
                  0000910c    00000010                              : interrupt.o (.text:Interrupt_disableMaster)
                  0000911c    00000010                              : interrupt.o (.text:Interrupt_disableSleepOnIsrExit)
                  0000912c    00000010                              : interrupt.o (.text:Interrupt_enableMaster)
                  0000913c    00000010                              : interrupt.o (.text:Interrupt_enableSleepOnIsrExit)
                  0000914c    00000010                              : pcm.o (.text:PCM_setCoreVoltageLevel)
                  0000915c    00000010                              : pcm.o (.text:PCM_setPowerMode)
                  0000916c    0000000e     rtsv7M4_T_le_v4SPD16_eabi.lib : copy_decompress_none.c.obj (.text:decompress:none:__TI_decompress_none)
                  0000917a    0000000e     startup_msp432p401r_ccs.obj (.text)
                  00009188    0000000c     msp432p4xx_driverlib.lib : adc14.o (.text:ADC14_enableModule)
                  00009194    0000000c                              : cpu.o (.text:CPU_cpsid)
                  000091a0    0000000c                              : cpu.o (.text:CPU_cpsie)
                  000091ac    0000000c     rtsv7M4_T_le_v4SPD16_eabi.lib : copy_zero_init.c.obj (.text:decompress:ZI:__TI_zero_init)
                  000091b8    0000000a                                   : sprintf.c.obj (.text:_outc)
                  000091c2    00000002     --HOLE-- [fill = 0]
                  000091c4    00000008                                   : errno.c.obj (.text:__aeabi_errno_addr)
                  000091cc    00000008                                   : sscanf.c.obj (.text:_uninpchar)
                  000091d4    00000008                                   : memory.c.obj (.text:malloc)
                  000091dc    00000004     msp432p4xx_driverlib.lib : cpu.o (.text:CPU_wfi)
                  000091e0    00000004     rtsv7M4_T_le_v4SPD16_eabi.lib : printf.c.obj (.text:_outc)
                  000091e4    00000004                                   : printf.c.obj (.text:_outs)
                  000091e8    00000004                                   : pre_init.c.obj (.text:_system_pre_init)
                  000091ec    00000004                                   : exit.c.obj (.text:abort:abort)

.const     0    000091f0    000009e4     
                  000091f0    000002f8     grlib.a : fontfixed6x8.obj (.const:.string:g_pucFontFixed6x8Data)
                  000094e8    00000101     rtsv7M4_T_le_v4SPD16_eabi.lib : ctype.c.obj (.const:.string:_ctypes_)
                  000095e9    00000003     --HOLE-- [fill = 0]
                  000095ec    00000100     menu_graphics.obj (.const:ARROW_1BPP_UNCOMP)
                  000096ec    00000004     menu_graphics.obj (.const:palette_BLACK_1BPP_UNCOMP)
                  000096f0    000000c8     rtsv7M4_T_le_v4SPD16_eabi.lib : strtod.c.obj (.const:$O1$$)
                  000097b8    000000c8     grlib.a : fontfixed6x8.obj (.const:g_sFontFixed6x8)
                  00009880    00000080     msp432p4xx_driverlib.lib : adc14.o (.const:_ctlRegs)
                  00009900    00000040     menu_graphics.obj (.const:CELL_1BPP_UNCOMP)
                  00009940    0000003f     menu_graphics.obj (.const:.string:pixel_CELL_1BPP_UNCOMP)
                  0000997f    0000003c     menu_graphics.obj (.const:status_mqtt)
                  000099bb    00000001     --HOLE-- [fill = 0]
                  000099bc    00000030     msp432p4xx_driverlib.lib : gpio.o (.const:GPIO_PORT_TO_BASE)
                  000099ec    00000030     menu_graphics.obj (.const:MONTH)
                  00009a1c    00000028     hardware_init.obj (.const:uartConfig)
                  00009a44    00000020     menu_graphics.obj (.const:.string:pixel_DOWN_1BPP_UNCOMP)
                  00009a64    00000020     menu_graphics.obj (.const:.string:pixel_DX_1BPP_UNCOMP)
                  00009a84    00000020     menu_graphics.obj (.const:.string:pixel_SX_1BPP_UNCOMP)
                  00009aa4    00000020     menu_graphics.obj (.const:.string:pixel_UP_1BPP_UNCOMP)
                  00009ac4    00000020     Crystalfontz128x128_ST7735.obj (.const:g_sCrystalfontz128x128_funcs)
                  00009ae4    0000001c     HAL_MSP_EXP432P401R_Crystalfontz128x128_ST7735.obj (.const:$P$T0$1)
                  00009b00    00000018     hardware_init.obj (.const:upConfigTimerA0)
                  00009b18    00000014     HAL_I2C.obj (.const:i2cConfig)
                  00009b2c    00000010     rtsv7M4_T_le_v4SPD16_eabi.lib : _scanfi.c.obj (.const:$O1$$)
                  00009b3c    00000010     menu_graphics.obj (.const:BLACK_CELL_1BPP_UNCOMP)
                  00009b4c    00000010     menu_graphics.obj (.const:GRAPHICS_COLOR)
                  00009b5c    00000008     Crystalfontz128x128_ST7735.obj (.const:$P$T0$1)
                  00009b64    00000008     menu_graphics.obj (.const:$P$T0$1)
                  00009b6c    00000008     menu_graphics.obj (.const:$P$T2$2)
                  00009b74    00000008     menu_graphics.obj (.const:$P$T6$3)
                  00009b7c    00000008     menu_graphics.obj (.const:$P$T7$4)
                  00009b84    00000008     menu_graphics.obj (.const:$P$T8$5)
                  00009b8c    00000008     main.obj (.const:Time_agg_int)
                  00009b94    00000008     msp432p4xx_driverlib.lib : interrupt.o (.const:g_pulEnRegs)
                  00009b9c    00000008     menu_graphics.obj (.const:palette_BLUE_BLACK_1BPP_UNCOMP)
                  00009ba4    00000008     menu_graphics.obj (.const:palette_GREEN_BLACK_1BPP_UNCOMP)
                  00009bac    00000008     menu_graphics.obj (.const:palette_PURPLE_BLACK_1BPP_UNCOMP)
                  00009bb4    00000008     menu_graphics.obj (.const:palette_WHITE_BLACK_1BPP_UNCOMP)
                  00009bbc    00000006     main.obj (.const)
                  00009bc2    00000002     --HOLE-- [fill = 0]
                  00009bc4    00000004     menu_graphics.obj (.const:palette_BLUE_1BPP_UNCOMP)
                  00009bc8    00000004     menu_graphics.obj (.const:palette_GREEN_1BPP_UNCOMP)
                  00009bcc    00000004     menu_graphics.obj (.const:palette_PURPLE_1BPP_UNCOMP)
                  00009bd0    00000004     menu_graphics.obj (.const:palette_WHITE_1BPP_UNCOMP)

.cinit     0    00009bd8    000000b0     
                  00009bd8    00000089     (.cinit..data.load) [load image, compression = lzss]
                  00009c61    00000003     --HOLE-- [fill = 0]
                  00009c64    0000000c     (__TI_handler_table)
                  00009c70    00000008     (.cinit..bss.load) [load image, compression = zero_init]
                  00009c78    00000010     (__TI_cinit_table)

.init_array 
*          0    00000000    00000000     UNINITIALIZED

.binit     0    00000000    00000000     

.bss       0    20000000    00000636     UNINITIALIZED
                  20000000    00000400     grlib.a : image.obj (.bss:g_pulConvertedPalette)
                  20000400    00000120     rtsv7M4_T_le_v4SPD16_eabi.lib : trgmsg.c.obj (.bss:_CIOBUF_)
                  20000520    000000a0     (.common:__TI_tmpnams)
                  200005c0    0000001c     (.common:g_sContext)
                  200005dc    00000018     (.common:sumSamplingBuffer)
                  200005f4    00000014     (.common:mqttBuffer)
                  20000608    0000000c     (.common:samplingBuffer)
                  20000614    0000000c     (.common:sensorsBuffer)
                  20000620    00000008     (.common:parmbuf)
                  20000628    00000004     (.common:joystickBuffer)
                  2000062c    00000002     (.common:Lcd_ScreenHeigth)
                  2000062e    00000002     (.common:Lcd_ScreenWidth)
                  20000630    00000002     (.common:Lcd_TouchTrim)
                  20000632    00000001     (.common:Lcd_FlagRead)
                  20000633    00000001     (.common:Lcd_FontSolid)
                  20000634    00000001     (.common:Lcd_Orientation)
                  20000635    00000001     (.common:Lcd_PenSolid)

.sysmem    0    20000638    00000400     UNINITIALIZED
                  20000638    00000010     rtsv7M4_T_le_v4SPD16_eabi.lib : memory.c.obj (.sysmem)
                  20000648    000003f0     --HOLE--

.data      0    20000a38    0000026c     UNINITIALIZED
                  20000a38    000000f0     rtsv7M4_T_le_v4SPD16_eabi.lib : defs.c.obj (.data:_ftable)
                  20000b28    00000078                                   : host_device.c.obj (.data:_device)
                  20000ba0    00000050                                   : host_device.c.obj (.data:_stream)
                  20000bf0    00000040     main.obj (.data:esp_data)
                  20000c30    00000020     main.obj (.data:fsm)
                  20000c50    00000010     Crystalfontz128x128_ST7735.obj (.data:g_sCrystalfontz128x128)
                  20000c60    00000010     main.obj (.data)
                  20000c70    00000010     rtsv7M4_T_le_v4SPD16_eabi.lib : defs.c.obj (.data)
                  20000c80    0000000c                                   : exit.c.obj (.data:$O1$$)
                  20000c8c    00000008                                   : _lock.c.obj (.data:$O1$$)
                  20000c94    00000008                                   : memory.c.obj (.data:$O1$$)
                  20000c9c    00000004                                   : errno.c.obj (.data)
                  20000ca0    00000004     system_msp432p401r.obj (.data)

.stack     0    2000fe00    00000200     UNINITIALIZED
                  2000fe00    00000004     rtsv7M4_T_le_v4SPD16_eabi.lib : boot_cortex_m.c.obj (.stack)
                  2000fe04    000001fc     --HOLE--

__llvm_prf_cnts 
*          0    20000000    00000000     UNINITIALIZED

MODULE SUMMARY

       Module                                               code    ro data   rw data
       ------                                               ----    -------   -------
    .\
       main.obj                                             3752    14        424    
       system_msp432p401r.obj                               820     0         8      
       startup_msp432p401r_ccs.obj                          14      228       0      
    +--+----------------------------------------------------+-------+---------+---------+
       Total:                                               4586    242       432    
                                                                                     
    .\Hardware\
       hardware_init.obj                                    568     64        0      
       status.obj                                           56      0         0      
    +--+----------------------------------------------------+-------+---------+---------+
       Total:                                               624     64        0      
                                                                                     
    .\Hardware\Graphics\
       menu_graphics.obj                                    2712    743       0      
    +--+----------------------------------------------------+-------+---------+---------+
       Total:                                               2712    743       0      
                                                                                     
    .\Hardware\HumTempDriver\
       HAL_DHT20.obj                                        520     0         0      
    +--+----------------------------------------------------+-------+---------+---------+
       Total:                                               520     0         0      
                                                                                     
    .\Hardware\I2cDriver\
       HAL_I2C.obj                                          280     20        0      
    +--+----------------------------------------------------+-------+---------+---------+
       Total:                                               280     20        0      
                                                                                     
    .\Hardware\LcdDriver\
       Crystalfontz128x128_ST7735.obj                       1664    40        52     
       HAL_MSP_EXP432P401R_Crystalfontz128x128_ST7735.obj   204     28        0      
    +--+----------------------------------------------------+-------+---------+---------+
       Total:                                               1868    68        52     
                                                                                     
    .\Hardware\LuxDriver\
       HAL_OPT3001.obj                                      316     0         0      
    +--+----------------------------------------------------+-------+---------+---------+
       Total:                                               316     0         0      
                                                                                     
    .\Hardware\PowerDriver\
       HAL_INA219.obj                                       236     0         0      
    +--+----------------------------------------------------+-------+---------+---------+
       Total:                                               236     0         0      
                                                                                     
    C:/ti/simplelink_msp432p4_sdk_3_40_01_02/simplelink_msp432p4_sdk_3_40_01_02/source/ti/devices/msp432p4xx/driverlib/ccs/msp432p4xx_driverlib.lib
       adc14.o                                              1196    128       0      
       i2c.o                                                934     0         0      
       pcm.o                                                916     0         0      
       gpio.o                                               752     48        0      
       uart.o                                               578     0         0      
       timer_a.o                                            472     0         0      
       cs.o                                                 356     0         0      
       spi.o                                                312     0         0      
       interrupt.o                                          192     8         0      
       flash.o                                              72      0         0      
       wdt_a.o                                              36      0         0      
       cpu.o                                                28      0         0      
    +--+----------------------------------------------------+-------+---------+---------+
       Total:                                               5844    184       0      
                                                                                     
    C:/ti/simplelink_msp432p4_sdk_3_40_01_02/simplelink_msp432p4_sdk_3_40_01_02/source/ti/grlib/lib/ccs/m4/grlib.a
       image.obj                                            1020    0         2048   
       string.obj                                           1536    0         0      
       fontfixed6x8.obj                                     0       960       0      
       line.obj                                             312     0         0      
       display.obj                                          270     0         0      
       context.obj                                          174     0         0      
       rectangle.obj                                        162     0         0      
    +--+----------------------------------------------------+-------+---------+---------+
       Total:                                               3474    960       2048   
                                                                                     
    C:\ti\ccs1260\ccs\tools\compiler\ti-cgt-arm_20.2.7.LTS\lib\rtsv7M4_T_le_v4SPD16_eabi.lib
       _printfi.c.obj                                       4851    0         0      
       _scanfi.c.obj                                        2836    16        0      
       strtod.c.obj                                         1120    200       0      
       defs.c.obj                                           0       0         832    
       memory.c.obj                                         672     0         16     
       trgmsg.c.obj                                         108     0         576    
       strtoll.c.obj                                        476     0         0      
       fd_add_t2.asm.obj                                    438     0         0      
       host_device.c.obj                                    0       0         400    
       strtoull.c.obj                                       348     0         0      
       fd_div_t2.asm.obj                                    310     0         0      
       strtol.c.obj                                         304     0         0      
       fputs.c.obj                                          276     0         0      
       s_scalbn.c.obj                                       272     0         0      
       strtoul.c.obj                                        272     0         0      
       fd_cmp_t2.asm.obj                                    268     0         0      
       ctype.c.obj                                          0       257       0      
       fd_mul_t2.asm.obj                                    252     0         0      
       setvbuf.c.obj                                        220     0         0      
       sscanf.c.obj                                         186     0         0      
       memcpy_t2.asm.obj                                    156     0         0      
       ull_div_t2.asm.obj                                   150     0         0      
       fputc.c.obj                                          140     0         0      
       memset_t2.asm.obj                                    122     0         0      
       fclose.c.obj                                         116     0         0      
       getdevice.c.obj                                      116     0         0      
       hostopen.c.obj                                       96      0         16     
       printf.c.obj                                         112     0         0      
       fd_tos_t2.asm.obj                                    110     0         0      
       hostrename.c.obj                                     108     0         0      
       copy_decompress_lzss.c.obj                           104     0         0      
       hostlseek.c.obj                                      104     0         0      
       exit.c.obj                                           76      0         24     
       fseek.c.obj                                          100     0         0      
       s_frexp.c.obj                                        100     0         0      
       _io_perm.c.obj                                       98      0         0      
       sprintf.c.obj                                        98      0         0      
       i_divt2.asm.obj                                      94      0         0      
       close.c.obj                                          92      0         0      
       hostread.c.obj                                       88      0         0      
       hostwrite.c.obj                                      88      0         0      
       _ltoa.c.obj                                          84      0         0      
       atoi.c.obj                                           76      0         0      
       fflush.c.obj                                         76      0         0      
       fd_toi_t2.asm.obj                                    72      0         0      
       autoinit.c.obj                                       68      0         0      
       hostclose.c.obj                                      68      0         0      
       hostunlink.c.obj                                     68      0         0      
       strncpy.c.obj                                        54      0         0      
       boot_cortex_m.c.obj                                  52      0         0      
       fopen.c.obj                                          52      0         0      
       i_tofd_t2.asm.obj                                    46      0         0      
       strncmp.c.obj                                        44      0         0      
       unlink.c.obj                                         44      0         0      
       lseek.c.obj                                          40      0         0      
       write.c.obj                                          40      0         0      
       memchr.c.obj                                         32      0         0      
       memccpy.c.obj                                        28      0         0      
       s_copysign.c.obj                                     26      0         0      
       ll_mul_t2.asm.obj                                    24      0         0      
       strcmp.c.obj                                         24      0         0      
       strrchr.c.obj                                        24      0         0      
       strchr.c.obj                                         22      0         0      
       strcpy.c.obj                                         20      0         0      
       strlen.c.obj                                         20      0         0      
       _lock.c.obj                                          2       0         16     
       wcslen.c.obj                                         18      0         0      
       errno.c.obj                                          8       0         8      
       copy_decompress_none.c.obj                           14      0         0      
       copy_zero_init.c.obj                                 12      0         0      
       pre_init.c.obj                                       4       0         0      
       div0.asm.obj                                         2       0         0      
    +--+----------------------------------------------------+-------+---------+---------+
       Total:                                               16641   473       1888   
                                                                                     
       Heap:                                                0       0         2048   
       Stack:                                               0       0         1024   
       Linker Generated:                                    0       173       0      
    +--+----------------------------------------------------+-------+---------+---------+
       Grand Total:                                         37101   2927      7492   


LINKER GENERATED COPY TABLES

__TI_cinit_table @ 00009c78 records: 2, size/record: 8, table size: 16
	.data: load addr=00009bd8, load size=00000089 bytes, run addr=20000a38, run size=0000026c bytes, compression=lzss
	.bss: load addr=00009c70, load size=00000008 bytes, run addr=20000000, run size=00000636 bytes, compression=zero_init


LINKER GENERATED HANDLER TABLE

__TI_handler_table @ 00009c64 records: 3, size/record: 4, table size: 12
	index: 0, handler: __TI_decompress_lzss
	index: 1, handler: __TI_decompress_none
	index: 2, handler: __TI_zero_init


GLOBAL SYMBOLS: SORTED ALPHABETICALLY BY Name 

address   name                                       
-------   ----                                       
00009bbc  A                                          
00000929  ADC14_IRQHandler                           
00000929  ADC14_IRQHandler                           
000089c1  ADC14_clearInterruptFlag                   
00006b31  ADC14_configureConversionMemory            
00006be5  ADC14_configureMultiSequenceMode           
00008bbd  ADC14_enableConversion                     
000089f1  ADC14_enableInterrupt                      
00009189  ADC14_enableModule                         
00008855  ADC14_enableSampleTimer                    
00008699  ADC14_getEnabledInterruptStatus            
00008ae1  ADC14_getInterruptStatus                   
00008be5  ADC14_getResult                            
000080bd  ADC14_initModule                           
00008b0d  ADC14_toggleConversionTrigger              
00009187  AES256_IRQHandler                          
000095ec  ARROW_1BPP_UNCOMP                          
00009bbe  B                                          
00009b3c  BLACK_CELL_1BPP_UNCOMP                     
00009187  BusFault_Handler                           
00009bc0  C                                          
000091ed  C$$EXIT                                    
00008737  C$$IO$$                                    
00009900  CELL_1BPP_UNCOMP                           
00009187  COMP_E0_IRQHandler                         
00009187  COMP_E1_IRQHandler                         
00009195  CPU_cpsid                                  
000091a1  CPU_cpsie                                  
000091dd  CPU_wfi                                    
00009187  CS_IRQHandler                              
00005acd  CS_initClockSignal                         
00008889  CS_setDCOCenteredFrequency                 
00002f89  Crystalfontz128x128_Init                   
0000309d  Crystalfontz128x128_SetDrawFrame           
000031cb  Crystalfontz128x128_SetOrientation         
00004adf  DHT20_getTempHumid                         
00009187  DMA_ERR_IRQHandler                         
00009187  DMA_INT0_IRQHandler                        
00009187  DMA_INT1_IRQHandler                        
00009187  DMA_INT2_IRQHandler                        
00009187  DMA_INT3_IRQHandler                        
0000010d  DOWN_funz                                  
00009187  DebugMon_Handler                           
00009187  Default_Handler                            
00009187  EUSCIA0_IRQHandler                         
00009187  EUSCIA1_IRQHandler                         
0000043d  EUSCIA2_IRQHandler                         
0000043d  EUSCIA2_IRQHandler                         
00009187  EUSCIA3_IRQHandler                         
00009187  EUSCIB0_IRQHandler                         
00009187  EUSCIB1_IRQHandler                         
00009187  EUSCIB2_IRQHandler                         
00009187  EUSCIB3_IRQHandler                         
00008f6d  EUSCI_A_SPI_enable                         
00008f83  EUSCI_B_SPI_enable                         
00009187  FLCTL_IRQHandler                           
00009187  FPU_IRQHandler                             
000082a1  FlashCtl_setWaitState                      
00008c0d  GPIO_clearInterruptFlag                    
00008c35  GPIO_enableInterrupt                       
000073b1  GPIO_getEnabledInterruptStatus             
00008d4d  GPIO_getInterruptStatus                    
00007f5d  GPIO_setAsInputPinWithPullUpResistor       
00008519  GPIO_setAsOutputPin                        
00007195  GPIO_setAsPeripheralModuleFunctionInputPin 
0000721d  GPIO_setAsPeripheralModuleFunctionOutputPin
00008c5d  GPIO_setOutputHighOnPin                    
00008c85  GPIO_setOutputLowOnPin                     
00009b4c  GRAPHICS_COLOR                             
000090c5  Graphics_clearDisplay                      
00008e41  Graphics_clearDisplayOnDisplay             
000087b1  Graphics_drawHorizontalLineOnDisplay       
00003ee9  Graphics_drawImage                         
00006e9d  Graphics_drawLineH                         
00006f39  Graphics_drawLineV                         
000083c1  Graphics_drawMultiplePixelsOnDisplay       
00008b39  Graphics_drawPixelOnDisplay                
00006dfb  Graphics_drawRectangle                     
00003609  Graphics_drawString                        
000082e9  Graphics_drawStringCentered                
000087e7  Graphics_drawVerticalLineOnDisplay         
000066bd  Graphics_getStringWidth                    
00008165  Graphics_initContext                       
00008e5b  Graphics_setBackgroundColor                
00008e75  Graphics_setFont                           
00008f99  Graphics_setForegroundColor                
00008faf  Graphics_translateColorOnDisplay           
00006a65  HAL_LCD_PortInit                           
00006a95  HAL_LCD_SpiInit                            
00006acb  HAL_LCD_writeCommand                       
00006afb  HAL_LCD_writeData                          
00008409  HOSTclose                                  
00007929  HOSTlseek                                  
00007d89  HOSTopen                                   
00007fb5  HOSTread                                   
00007851  HOSTrename                                 
0000844d  HOSTunlink                                 
0000800d  HOSTwrite                                  
00009187  HardFault_Handler                          
00008fc5  I2C_clearInterruptFlag                     
00008fdb  I2C_disableModule                          
00008ff1  I2C_enableModule                           
00008ec3  I2C_getInterruptStatus                     
00005f85  I2C_init                                   
00007cc5  I2C_initMaster                             
00008edd  I2C_isBusBusy                              
00008599  I2C_masterReceiveMultiByteFinish           
0000905f  I2C_masterReceiveMultiByteNext             
00007629  I2C_masterReceiveSingleByte                
00008e8f  I2C_masterReceiveStart                     
000078bd  I2C_masterSendMultiByteFinish              
000088bd  I2C_masterSendMultiByteNext                
00007991  I2C_masterSendMultiByteStart               
000086d1  I2C_masterSendMultiByteStop                
00007435  I2C_masterSendSingleByte                   
00005f9d  I2C_read16                                 
00008db5  I2C_setMode                                
00009073  I2C_setSlaveAddress                        
00006067  I2C_setslave                               
00006023  I2C_write16                                
00005f6d  Init_I2C_GPIO                              
0000910d  Interrupt_disableMaster                    
0000911d  Interrupt_disableSleepOnIsrExit            
000074b9  Interrupt_enableInterrupt                  
0000912d  Interrupt_enableMaster                     
0000913d  Interrupt_enableSleepOnIsrExit             
000000ed  LEFT_funz                                  
20000632  Lcd_FlagRead                               
20000633  Lcd_FontSolid                              
20000634  Lcd_Orientation                            
20000635  Lcd_PenSolid                               
2000062c  Lcd_ScreenHeigth                           
2000062e  Lcd_ScreenWidth                            
20000630  Lcd_TouchTrim                              
000099ec  MONTH                                      
00009187  MemManage_Handler                          
00009187  NMI_Handler                                
00005781  OPT3001_getLux                             
0000571d  OPT3001_init                               
00005751  OPT3001_readConfigReg                      
00005741  OPT3001_readDeviceId                       
00005771  OPT3001_readHighLimitReg                   
00005761  OPT3001_readLowLimitReg                    
00005731  OPT3001_readManufacturerId                 
00009187  PCM_IRQHandler                             
00007de9  PCM_getCoreVoltageLevel                    
00007f01  PCM_getPowerMode                           
00009089  PCM_getPowerState                          
00008cad  PCM_gotoLPM0                               
00008dd1  PCM_gotoLPM0InterruptSafe                  
0000914d  PCM_setCoreVoltageLevel                    
0000915d  PCM_setPowerMode                           
00000f11  PORT1_IRQHandler                           
00000f11  PORT1_IRQHandler                           
00009187  PORT2_IRQHandler                           
00000a4d  PORT3_IRQHandler                           
00000a4d  PORT3_IRQHandler                           
00000ba5  PORT4_IRQHandler                           
00000ba5  PORT4_IRQHandler                           
00000db9  PORT5_IRQHandler                           
00000db9  PORT5_IRQHandler                           
00009187  PORT6_IRQHandler                           
00009187  PSS_IRQHandler                             
00009187  PendSV_Handler                             
00000115  RIGHT_funz                                 
00009187  RTC_C_IRQHandler                           
20000c6d  RXData                                     
0000917b  Reset_Handler                              
00008ded  SPI_enableModule                           
00006d4b  SPI_initMaster                             
00009187  SVC_Handler                                
00009187  SysTick_Handler                            
20000ca0  SystemCoreClock                            
00004279  SystemCoreClockUpdate                      
000044f1  SystemInit                                 
00009187  T32_INT1_IRQHandler                        
00009187  T32_INT2_IRQHandler                        
00009187  T32_INTC_IRQHandler                        
00009187  TA0_0_IRQHandler                           
00000779  TA0_N_IRQHandler                           
00000779  TA0_N_IRQHandler                           
00009187  TA1_0_IRQHandler                           
00009187  TA1_N_IRQHandler                           
00009187  TA2_0_IRQHandler                           
00009187  TA2_N_IRQHandler                           
00009187  TA3_0_IRQHandler                           
00009187  TA3_N_IRQHandler                           
00009b8c  Time_agg_int                               
00009007  Timer_A_clearInterruptFlag                 
000079f9  Timer_A_configureUpMode                    
0000901d  Timer_A_startCounter                       
00008a21  UART_enableInterrupt                       
00009033  UART_enableModule                          
00007b99  UART_getEnabledInterruptStatus             
00008ef5  UART_getInterruptStatus                    
00005e51  UART_initModule                            
00008a51  UART_receiveData                           
000088f1  UART_transmitData                          
000000e5  UP_funz                                    
00009187  UsageFault_Handler                         
4000480c  WDTCTL_SYM                                 
00009187  WDT_A_IRQHandler                           
00008d71  WDT_A_holdTimer                            
20000400  __CIOBUF_                                  
20010000  __STACK_END                                
00000200  __STACK_SIZE                               
00000400  __SYSMEM_SIZE                              
00009c78  __TI_CINIT_Base                            
00009c88  __TI_CINIT_Limit                           
00009c64  __TI_Handler_Table_Base                    
00009c70  __TI_Handler_Table_Limit                   
00008491  __TI_auto_init_nobinit_nopinit             
00008925  __TI_cleanup                               
20000c80  __TI_cleanup_ptr                           
000075b5  __TI_closefile                             
00007ac9  __TI_decompress_lzss                       
0000916d  __TI_decompress_none                       
00008209  __TI_doflush                               
20000c84  __TI_dtors_ptr                             
20000c88  __TI_enable_exit_profile_output            
20000c70  __TI_ft_end                                
00008111  __TI_ltoa                                  
ffffffff  __TI_pprof_out_hndl                        
00002539  __TI_printfi                               
ffffffff  __TI_prof_data_size                        
ffffffff  __TI_prof_data_start                       
00008959  __TI_readmsg                               
00000f8d  __TI_scanfi                                
00000000  __TI_static_base__                         
20000520  __TI_tmpnams                               
00008709  __TI_writemsg                              
00007d27  __TI_wrt_ok                                
000091ad  __TI_zero_init                             
000072a5  __aeabi_cdcmpeq                            
000072a5  __aeabi_cdcmple                            
0000732b  __aeabi_cdrcmple                           
00007777  __aeabi_d2f                                
00008379  __aeabi_d2iz                               
00005013  __aeabi_dadd                               
00005995  __aeabi_ddiv                               
000065c1  __aeabi_dmul                               
00005009  __aeabi_dsub                               
000091c5  __aeabi_errno_addr                         
00008ab1  __aeabi_i2d                                
00007e47  __aeabi_idiv                               
00003a87  __aeabi_idiv0                              
00007e47  __aeabi_idivmod                            
00003a87  __aeabi_ldiv0                              
00008f25  __aeabi_lmul                               
00007539  __aeabi_memclr                             
00007539  __aeabi_memclr4                            
00007539  __aeabi_memclr8                            
00006fd5  __aeabi_memcpy                             
00006fd5  __aeabi_memcpy4                            
00006fd5  __aeabi_memcpy8                            
0000753b  __aeabi_memset                             
0000753b  __aeabi_memset4                            
0000753b  __aeabi_memset8                            
20000c7c  __aeabi_stderr                             
20000c74  __aeabi_stdin                              
20000c78  __aeabi_stdout                             
00007071  __aeabi_uldivmod                           
ffffffff  __binit__                                  
ffffffff  __c_args__                                 
UNDEFED   __mpu_init                                 
2000fe00  __stack                                    
20000000  __start___llvm_prf_cnts                    
20000000  __stop___llvm_prf_cnts                     
0000898d  _c_int00_noargs                            
000094e8  _ctypes_                                   
20000b28  _device                                    
20000a38  _ftable                                    
20000c8c  _lock                                      
00002f87  _nop                                       
20000ba0  _stream                                    
20000638  _sys_memory                                
UNDEFED   _system_post_cinit                         
000091e9  _system_pre_init                           
20000c90  _unlock                                    
000091ed  abort                                      
20000c6f  ack                                        
00004953  adcInit                                    
20000c6b  alarm_active                               
20000c69  alarm_led                                  
20000c6a  alarm_mqtt                                 
20000c6c  alarm_running                              
00002451  alarm_screen                               
000064c1  aligned_alloc                              
00008255  atoi                                       
0000481d  basicInit                                  
ffffffff  binit                                      
000048b5  buttonsInit                                
00007ea5  close                                      
20000c66  color                                      
00001aed  color_cells                                
00008ea9  copysign                                   
00008ea9  copysignl                                  
20000c6e  count                                      
20000c60  curr_tf                                    
20000c62  curr_tf_mqtt                               
000049d5  currentSensorInit                          
20000c64  current_state                              
20000c65  current_state_mqtt                         
00004c13  dht20_init                                 
000022c9  draw_alarm_menu                            
00001aa1  draw_cells                                 
00001dd9  draw_current_menu                          
00001b71  draw_letters                               
00001ec1  draw_mqtt_menu                             
00001d71  draw_sel_cell                              
0000214d  draw_sensors_menu                          
20000c9c  errno                                      
20000bf0  esp_data                                   
00008331  exit                                       
00008a81  finddevice                                 
00007109  fputc                                      
00006085  fputs                                      
000068a5  free                                       
00007bfd  frexp                                      
00007bfd  frexpl                                     
00007c61  fseek                                      
20000c30  fsm                                        
200005c0  g_sContext                                 
20000c50  g_sCrystalfontz128x128                     
00009ac4  g_sCrystalfontz128x128_funcs               
000097b8  g_sFontFixed6x8                            
000084d5  getdevice                                  
00004981  graphicsInit                               
20000c68  hour_counter                               
000049cd  humiditytemperatureSensorInit              
00004a07  hwInit                                     
00009b18  i2cConfig                                  
000049b9  i2cInit                                    
000067b9  ina219_getCurrent                          
0000680f  ina219_init                                
00000000  interruptVectors                           
20000628  joystickBuffer                             
00004911  joystickInit                               
00006199  ldexp                                      
00006199  ldexpl                                     
00004891  ledInit                                    
00000351  led_alarm                                  
000049c5  lightSensorInit                            
00008cfd  lseek                                      
0000011d  main                                       
000091d5  malloc                                     
000064c1  memalign                                   
00008e25  memccpy                                    
00008d95  memchr                                     
00006fd5  memcpy                                     
00007541  memset                                     
00008779  minCurrent                                 
200005f4  mqttBuffer                                 
0000013b  mqtt_sensor_send                           
00002431  newBackGround                              
0000033b  new_state                                  
20000620  parmbuf                                    
00007b31  printf                                     
00007109  putc                                       
00008b91  remove                                     
20000608  samplingBuffer                             
00006199  scalbn                                     
00006199  scalbnl                                    
20000c61  sel_tf                                     
20000c63  sel_tf_mqtt                                
20000614  sensorsBuffer                              
00006989  setvbuf                                    
00008619  sprintf                                    
00008741  sscanf                                     
00000383  start_alarm                                
0000997f  status_mqtt                                
000003c5  stop_alarm                                 
00009049  strchr                                     
00008f3d  strcmp                                     
0000909d  strcpy                                     
000090b1  strlen                                     
00008b65  strncmp                                    
0000881d  strncpy                                    
00008f55  strrchr                                    
00003a89  strtod                                     
00005bfd  strtol                                     
00003a89  strtold                                    
00004c5d  strtoll                                    
000062a9  strtoul                                    
0000547d  strtoull                                   
200005dc  sumSamplingBuffer                          
00001db9  table_draw                                 
00004843  timerInit                                  
20000c67  timer_counter                              
00009a1c  uartConfig                                 
000049dd  uartInit                                   
00008b91  unlink                                     
00009b00  upConfigTimerA0                            
000090e9  wcslen                                     
00008d25  write                                      


GLOBAL SYMBOLS: SORTED BY Symbol Address 

address   name                                       
-------   ----                                       
00000000  __TI_static_base__                         
00000000  interruptVectors                           
000000e5  UP_funz                                    
000000ed  LEFT_funz                                  
0000010d  DOWN_funz                                  
00000115  RIGHT_funz                                 
0000011d  main                                       
0000013b  mqtt_sensor_send                           
00000200  __STACK_SIZE                               
0000033b  new_state                                  
00000351  led_alarm                                  
00000383  start_alarm                                
000003c5  stop_alarm                                 
00000400  __SYSMEM_SIZE                              
0000043d  EUSCIA2_IRQHandler                         
0000043d  EUSCIA2_IRQHandler                         
00000779  TA0_N_IRQHandler                           
00000779  TA0_N_IRQHandler                           
00000929  ADC14_IRQHandler                           
00000929  ADC14_IRQHandler                           
00000a4d  PORT3_IRQHandler                           
00000a4d  PORT3_IRQHandler                           
00000ba5  PORT4_IRQHandler                           
00000ba5  PORT4_IRQHandler                           
00000db9  PORT5_IRQHandler                           
00000db9  PORT5_IRQHandler                           
00000f11  PORT1_IRQHandler                           
00000f11  PORT1_IRQHandler                           
00000f8d  __TI_scanfi                                
00001aa1  draw_cells                                 
00001aed  color_cells                                
00001b71  draw_letters                               
00001d71  draw_sel_cell                              
00001db9  table_draw                                 
00001dd9  draw_current_menu                          
00001ec1  draw_mqtt_menu                             
0000214d  draw_sensors_menu                          
000022c9  draw_alarm_menu                            
00002431  newBackGround                              
00002451  alarm_screen                               
00002539  __TI_printfi                               
00002f87  _nop                                       
00002f89  Crystalfontz128x128_Init                   
0000309d  Crystalfontz128x128_SetDrawFrame           
000031cb  Crystalfontz128x128_SetOrientation         
00003609  Graphics_drawString                        
00003a87  __aeabi_idiv0                              
00003a87  __aeabi_ldiv0                              
00003a89  strtod                                     
00003a89  strtold                                    
00003ee9  Graphics_drawImage                         
00004279  SystemCoreClockUpdate                      
000044f1  SystemInit                                 
0000481d  basicInit                                  
00004843  timerInit                                  
00004891  ledInit                                    
000048b5  buttonsInit                                
00004911  joystickInit                               
00004953  adcInit                                    
00004981  graphicsInit                               
000049b9  i2cInit                                    
000049c5  lightSensorInit                            
000049cd  humiditytemperatureSensorInit              
000049d5  currentSensorInit                          
000049dd  uartInit                                   
00004a07  hwInit                                     
00004adf  DHT20_getTempHumid                         
00004c13  dht20_init                                 
00004c5d  strtoll                                    
00005009  __aeabi_dsub                               
00005013  __aeabi_dadd                               
0000547d  strtoull                                   
0000571d  OPT3001_init                               
00005731  OPT3001_readManufacturerId                 
00005741  OPT3001_readDeviceId                       
00005751  OPT3001_readConfigReg                      
00005761  OPT3001_readLowLimitReg                    
00005771  OPT3001_readHighLimitReg                   
00005781  OPT3001_getLux                             
00005995  __aeabi_ddiv                               
00005acd  CS_initClockSignal                         
00005bfd  strtol                                     
00005e51  UART_initModule                            
00005f6d  Init_I2C_GPIO                              
00005f85  I2C_init                                   
00005f9d  I2C_read16                                 
00006023  I2C_write16                                
00006067  I2C_setslave                               
00006085  fputs                                      
00006199  ldexp                                      
00006199  ldexpl                                     
00006199  scalbn                                     
00006199  scalbnl                                    
000062a9  strtoul                                    
000064c1  aligned_alloc                              
000064c1  memalign                                   
000065c1  __aeabi_dmul                               
000066bd  Graphics_getStringWidth                    
000067b9  ina219_getCurrent                          
0000680f  ina219_init                                
000068a5  free                                       
00006989  setvbuf                                    
00006a65  HAL_LCD_PortInit                           
00006a95  HAL_LCD_SpiInit                            
00006acb  HAL_LCD_writeCommand                       
00006afb  HAL_LCD_writeData                          
00006b31  ADC14_configureConversionMemory            
00006be5  ADC14_configureMultiSequenceMode           
00006d4b  SPI_initMaster                             
00006dfb  Graphics_drawRectangle                     
00006e9d  Graphics_drawLineH                         
00006f39  Graphics_drawLineV                         
00006fd5  __aeabi_memcpy                             
00006fd5  __aeabi_memcpy4                            
00006fd5  __aeabi_memcpy8                            
00006fd5  memcpy                                     
00007071  __aeabi_uldivmod                           
00007109  fputc                                      
00007109  putc                                       
00007195  GPIO_setAsPeripheralModuleFunctionInputPin 
0000721d  GPIO_setAsPeripheralModuleFunctionOutputPin
000072a5  __aeabi_cdcmpeq                            
000072a5  __aeabi_cdcmple                            
0000732b  __aeabi_cdrcmple                           
000073b1  GPIO_getEnabledInterruptStatus             
00007435  I2C_masterSendSingleByte                   
000074b9  Interrupt_enableInterrupt                  
00007539  __aeabi_memclr                             
00007539  __aeabi_memclr4                            
00007539  __aeabi_memclr8                            
0000753b  __aeabi_memset                             
0000753b  __aeabi_memset4                            
0000753b  __aeabi_memset8                            
00007541  memset                                     
000075b5  __TI_closefile                             
00007629  I2C_masterReceiveSingleByte                
00007777  __aeabi_d2f                                
00007851  HOSTrename                                 
000078bd  I2C_masterSendMultiByteFinish              
00007929  HOSTlseek                                  
00007991  I2C_masterSendMultiByteStart               
000079f9  Timer_A_configureUpMode                    
00007ac9  __TI_decompress_lzss                       
00007b31  printf                                     
00007b99  UART_getEnabledInterruptStatus             
00007bfd  frexp                                      
00007bfd  frexpl                                     
00007c61  fseek                                      
00007cc5  I2C_initMaster                             
00007d27  __TI_wrt_ok                                
00007d89  HOSTopen                                   
00007de9  PCM_getCoreVoltageLevel                    
00007e47  __aeabi_idiv                               
00007e47  __aeabi_idivmod                            
00007ea5  close                                      
00007f01  PCM_getPowerMode                           
00007f5d  GPIO_setAsInputPinWithPullUpResistor       
00007fb5  HOSTread                                   
0000800d  HOSTwrite                                  
000080bd  ADC14_initModule                           
00008111  __TI_ltoa                                  
00008165  Graphics_initContext                       
00008209  __TI_doflush                               
00008255  atoi                                       
000082a1  FlashCtl_setWaitState                      
000082e9  Graphics_drawStringCentered                
00008331  exit                                       
00008379  __aeabi_d2iz                               
000083c1  Graphics_drawMultiplePixelsOnDisplay       
00008409  HOSTclose                                  
0000844d  HOSTunlink                                 
00008491  __TI_auto_init_nobinit_nopinit             
000084d5  getdevice                                  
00008519  GPIO_setAsOutputPin                        
00008599  I2C_masterReceiveMultiByteFinish           
00008619  sprintf                                    
00008699  ADC14_getEnabledInterruptStatus            
000086d1  I2C_masterSendMultiByteStop                
00008709  __TI_writemsg                              
00008737  C$$IO$$                                    
00008741  sscanf                                     
00008779  minCurrent                                 
000087b1  Graphics_drawHorizontalLineOnDisplay       
000087e7  Graphics_drawVerticalLineOnDisplay         
0000881d  strncpy                                    
00008855  ADC14_enableSampleTimer                    
00008889  CS_setDCOCenteredFrequency                 
000088bd  I2C_masterSendMultiByteNext                
000088f1  UART_transmitData                          
00008925  __TI_cleanup                               
00008959  __TI_readmsg                               
0000898d  _c_int00_noargs                            
000089c1  ADC14_clearInterruptFlag                   
000089f1  ADC14_enableInterrupt                      
00008a21  UART_enableInterrupt                       
00008a51  UART_receiveData                           
00008a81  finddevice                                 
00008ab1  __aeabi_i2d                                
00008ae1  ADC14_getInterruptStatus                   
00008b0d  ADC14_toggleConversionTrigger              
00008b39  Graphics_drawPixelOnDisplay                
00008b65  strncmp                                    
00008b91  remove                                     
00008b91  unlink                                     
00008bbd  ADC14_enableConversion                     
00008be5  ADC14_getResult                            
00008c0d  GPIO_clearInterruptFlag                    
00008c35  GPIO_enableInterrupt                       
00008c5d  GPIO_setOutputHighOnPin                    
00008c85  GPIO_setOutputLowOnPin                     
00008cad  PCM_gotoLPM0                               
00008cfd  lseek                                      
00008d25  write                                      
00008d4d  GPIO_getInterruptStatus                    
00008d71  WDT_A_holdTimer                            
00008d95  memchr                                     
00008db5  I2C_setMode                                
00008dd1  PCM_gotoLPM0InterruptSafe                  
00008ded  SPI_enableModule                           
00008e25  memccpy                                    
00008e41  Graphics_clearDisplayOnDisplay             
00008e5b  Graphics_setBackgroundColor                
00008e75  Graphics_setFont                           
00008e8f  I2C_masterReceiveStart                     
00008ea9  copysign                                   
00008ea9  copysignl                                  
00008ec3  I2C_getInterruptStatus                     
00008edd  I2C_isBusBusy                              
00008ef5  UART_getInterruptStatus                    
00008f25  __aeabi_lmul                               
00008f3d  strcmp                                     
00008f55  strrchr                                    
00008f6d  EUSCI_A_SPI_enable                         
00008f83  EUSCI_B_SPI_enable                         
00008f99  Graphics_setForegroundColor                
00008faf  Graphics_translateColorOnDisplay           
00008fc5  I2C_clearInterruptFlag                     
00008fdb  I2C_disableModule                          
00008ff1  I2C_enableModule                           
00009007  Timer_A_clearInterruptFlag                 
0000901d  Timer_A_startCounter                       
00009033  UART_enableModule                          
00009049  strchr                                     
0000905f  I2C_masterReceiveMultiByteNext             
00009073  I2C_setSlaveAddress                        
00009089  PCM_getPowerState                          
0000909d  strcpy                                     
000090b1  strlen                                     
000090c5  Graphics_clearDisplay                      
000090e9  wcslen                                     
0000910d  Interrupt_disableMaster                    
0000911d  Interrupt_disableSleepOnIsrExit            
0000912d  Interrupt_enableMaster                     
0000913d  Interrupt_enableSleepOnIsrExit             
0000914d  PCM_setCoreVoltageLevel                    
0000915d  PCM_setPowerMode                           
0000916d  __TI_decompress_none                       
0000917b  Reset_Handler                              
00009187  AES256_IRQHandler                          
00009187  BusFault_Handler                           
00009187  COMP_E0_IRQHandler                         
00009187  COMP_E1_IRQHandler                         
00009187  CS_IRQHandler                              
00009187  DMA_ERR_IRQHandler                         
00009187  DMA_INT0_IRQHandler                        
00009187  DMA_INT1_IRQHandler                        
00009187  DMA_INT2_IRQHandler                        
00009187  DMA_INT3_IRQHandler                        
00009187  DebugMon_Handler                           
00009187  Default_Handler                            
00009187  EUSCIA0_IRQHandler                         
00009187  EUSCIA1_IRQHandler                         
00009187  EUSCIA3_IRQHandler                         
00009187  EUSCIB0_IRQHandler                         
00009187  EUSCIB1_IRQHandler                         
00009187  EUSCIB2_IRQHandler                         
00009187  EUSCIB3_IRQHandler                         
00009187  FLCTL_IRQHandler                           
00009187  FPU_IRQHandler                             
00009187  HardFault_Handler                          
00009187  MemManage_Handler                          
00009187  NMI_Handler                                
00009187  PCM_IRQHandler                             
00009187  PORT2_IRQHandler                           
00009187  PORT6_IRQHandler                           
00009187  PSS_IRQHandler                             
00009187  PendSV_Handler                             
00009187  RTC_C_IRQHandler                           
00009187  SVC_Handler                                
00009187  SysTick_Handler                            
00009187  T32_INT1_IRQHandler                        
00009187  T32_INT2_IRQHandler                        
00009187  T32_INTC_IRQHandler                        
00009187  TA0_0_IRQHandler                           
00009187  TA1_0_IRQHandler                           
00009187  TA1_N_IRQHandler                           
00009187  TA2_0_IRQHandler                           
00009187  TA2_N_IRQHandler                           
00009187  TA3_0_IRQHandler                           
00009187  TA3_N_IRQHandler                           
00009187  UsageFault_Handler                         
00009187  WDT_A_IRQHandler                           
00009189  ADC14_enableModule                         
00009195  CPU_cpsid                                  
000091a1  CPU_cpsie                                  
000091ad  __TI_zero_init                             
000091c5  __aeabi_errno_addr                         
000091d5  malloc                                     
000091dd  CPU_wfi                                    
000091e9  _system_pre_init                           
000091ed  C$$EXIT                                    
000091ed  abort                                      
000094e8  _ctypes_                                   
000095ec  ARROW_1BPP_UNCOMP                          
000097b8  g_sFontFixed6x8                            
00009900  CELL_1BPP_UNCOMP                           
0000997f  status_mqtt                                
000099ec  MONTH                                      
00009a1c  uartConfig                                 
00009ac4  g_sCrystalfontz128x128_funcs               
00009b00  upConfigTimerA0                            
00009b18  i2cConfig                                  
00009b3c  BLACK_CELL_1BPP_UNCOMP                     
00009b4c  GRAPHICS_COLOR                             
00009b8c  Time_agg_int                               
00009bbc  A                                          
00009bbe  B                                          
00009bc0  C                                          
00009c64  __TI_Handler_Table_Base                    
00009c70  __TI_Handler_Table_Limit                   
00009c78  __TI_CINIT_Base                            
00009c88  __TI_CINIT_Limit                           
20000000  __start___llvm_prf_cnts                    
20000000  __stop___llvm_prf_cnts                     
20000400  __CIOBUF_                                  
20000520  __TI_tmpnams                               
200005c0  g_sContext                                 
200005dc  sumSamplingBuffer                          
200005f4  mqttBuffer                                 
20000608  samplingBuffer                             
20000614  sensorsBuffer                              
20000620  parmbuf                                    
20000628  joystickBuffer                             
2000062c  Lcd_ScreenHeigth                           
2000062e  Lcd_ScreenWidth                            
20000630  Lcd_TouchTrim                              
20000632  Lcd_FlagRead                               
20000633  Lcd_FontSolid                              
20000634  Lcd_Orientation                            
20000635  Lcd_PenSolid                               
20000638  _sys_memory                                
20000a38  _ftable                                    
20000b28  _device                                    
20000ba0  _stream                                    
20000bf0  esp_data                                   
20000c30  fsm                                        
20000c50  g_sCrystalfontz128x128                     
20000c60  curr_tf                                    
20000c61  sel_tf                                     
20000c62  curr_tf_mqtt                               
20000c63  sel_tf_mqtt                                
20000c64  current_state                              
20000c65  current_state_mqtt                         
20000c66  color                                      
20000c67  timer_counter                              
20000c68  hour_counter                               
20000c69  alarm_led                                  
20000c6a  alarm_mqtt                                 
20000c6b  alarm_active                               
20000c6c  alarm_running                              
20000c6d  RXData                                     
20000c6e  count                                      
20000c6f  ack                                        
20000c70  __TI_ft_end                                
20000c74  __aeabi_stdin                              
20000c78  __aeabi_stdout                             
20000c7c  __aeabi_stderr                             
20000c80  __TI_cleanup_ptr                           
20000c84  __TI_dtors_ptr                             
20000c88  __TI_enable_exit_profile_output            
20000c8c  _lock                                      
20000c90  _unlock                                    
20000c9c  errno                                      
20000ca0  SystemCoreClock                            
2000fe00  __stack                                    
20010000  __STACK_END                                
4000480c  WDTCTL_SYM                                 
ffffffff  __TI_pprof_out_hndl                        
ffffffff  __TI_prof_data_size                        
ffffffff  __TI_prof_data_start                       
ffffffff  __binit__                                  
ffffffff  __c_args__                                 
ffffffff  binit                                      
UNDEFED   __mpu_init                                 
UNDEFED   _system_post_cinit                         

[395 symbols]
