<?xml version="1.0" encoding="ISO-8859-1" ?>
<link_info>
   <banner>TI ARM Linker PC v20.2.7.LTS</banner>
   <copyright>Copyright (c) 1996-2018 Texas Instruments Incorporated</copyright>
   <link_time>0x65d62005</link_time>
   <link_errors>0x0</link_errors>
   <output_file>prog_kenny_17_02_24.out</output_file>
   <entry_point>
      <name>_c_int00_noargs</name>
      <address>0x845d</address>
   </entry_point>
   <input_file_list>
      <input_file id="fl-2">
         <path>.\</path>
         <kind>object</kind>
         <file>main.obj</file>
         <name>main.obj</name>
      </input_file>
      <input_file id="fl-3">
         <path>.\</path>
         <kind>object</kind>
         <file>startup_msp432p401r_ccs.obj</file>
         <name>startup_msp432p401r_ccs.obj</name>
      </input_file>
      <input_file id="fl-4">
         <path>.\</path>
         <kind>object</kind>
         <file>system_msp432p401r.obj</file>
         <name>system_msp432p401r.obj</name>
      </input_file>
      <input_file id="fl-5">
         <path>.\Hardware\Graphics\</path>
         <kind>object</kind>
         <file>menu_graphics.obj</file>
         <name>menu_graphics.obj</name>
      </input_file>
      <input_file id="fl-6">
         <path>.\Hardware\HumTempDriver\</path>
         <kind>object</kind>
         <file>HAL_DHT20.obj</file>
         <name>HAL_DHT20.obj</name>
      </input_file>
      <input_file id="fl-7">
         <path>.\Hardware\I2cDriver\</path>
         <kind>object</kind>
         <file>HAL_I2C.obj</file>
         <name>HAL_I2C.obj</name>
      </input_file>
      <input_file id="fl-8">
         <path>.\Hardware\LcdDriver\</path>
         <kind>object</kind>
         <file>Crystalfontz128x128_ST7735.obj</file>
         <name>Crystalfontz128x128_ST7735.obj</name>
      </input_file>
      <input_file id="fl-9">
         <path>.\Hardware\LcdDriver\</path>
         <kind>object</kind>
         <file>HAL_MSP_EXP432P401R_Crystalfontz128x128_ST7735.obj</file>
         <name>HAL_MSP_EXP432P401R_Crystalfontz128x128_ST7735.obj</name>
      </input_file>
      <input_file id="fl-a">
         <path>.\Hardware\LuxDriver\</path>
         <kind>object</kind>
         <file>HAL_OPT3001.obj</file>
         <name>HAL_OPT3001.obj</name>
      </input_file>
      <input_file id="fl-b">
         <path>.\Hardware\PowerDriver\</path>
         <kind>object</kind>
         <file>HAL_INA219.obj</file>
         <name>HAL_INA219.obj</name>
      </input_file>
      <input_file id="fl-c">
         <path>.\Hardware\</path>
         <kind>object</kind>
         <file>hardware_init.obj</file>
         <name>hardware_init.obj</name>
      </input_file>
      <input_file id="fl-12">
         <kind>object</kind>
         <file>&lt;internal&gt;</file>
         <name>&lt;internal&gt;</name>
      </input_file>
      <input_file id="fl-c8">
         <path>C:\ti\ccs1260\ccs\tools\compiler\ti-cgt-arm_20.2.7.LTS\lib\</path>
         <kind>archive</kind>
         <file>rtsv7M4_T_le_v4SPD16_eabi.lib</file>
         <name>printf.c.obj</name>
      </input_file>
      <input_file id="fl-c9">
         <path>C:\ti\ccs1260\ccs\tools\compiler\ti-cgt-arm_20.2.7.LTS\lib\</path>
         <kind>archive</kind>
         <file>rtsv7M4_T_le_v4SPD16_eabi.lib</file>
         <name>_printfi.c.obj</name>
      </input_file>
      <input_file id="fl-ca">
         <path>C:\ti\ccs1260\ccs\tools\compiler\ti-cgt-arm_20.2.7.LTS\lib\</path>
         <kind>archive</kind>
         <file>rtsv7M4_T_le_v4SPD16_eabi.lib</file>
         <name>sprintf.c.obj</name>
      </input_file>
      <input_file id="fl-cb">
         <path>C:\ti\ccs1260\ccs\tools\compiler\ti-cgt-arm_20.2.7.LTS\lib\</path>
         <kind>archive</kind>
         <file>rtsv7M4_T_le_v4SPD16_eabi.lib</file>
         <name>sscanf.c.obj</name>
      </input_file>
      <input_file id="fl-cc">
         <path>C:\ti\ccs1260\ccs\tools\compiler\ti-cgt-arm_20.2.7.LTS\lib\</path>
         <kind>archive</kind>
         <file>rtsv7M4_T_le_v4SPD16_eabi.lib</file>
         <name>fputc.c.obj</name>
      </input_file>
      <input_file id="fl-cd">
         <path>C:\ti\ccs1260\ccs\tools\compiler\ti-cgt-arm_20.2.7.LTS\lib\</path>
         <kind>archive</kind>
         <file>rtsv7M4_T_le_v4SPD16_eabi.lib</file>
         <name>fputs.c.obj</name>
      </input_file>
      <input_file id="fl-ce">
         <path>C:\ti\ccs1260\ccs\tools\compiler\ti-cgt-arm_20.2.7.LTS\lib\</path>
         <kind>archive</kind>
         <file>rtsv7M4_T_le_v4SPD16_eabi.lib</file>
         <name>_io_perm.c.obj</name>
      </input_file>
      <input_file id="fl-cf">
         <path>C:\ti\ccs1260\ccs\tools\compiler\ti-cgt-arm_20.2.7.LTS\lib\</path>
         <kind>archive</kind>
         <file>rtsv7M4_T_le_v4SPD16_eabi.lib</file>
         <name>setvbuf.c.obj</name>
      </input_file>
      <input_file id="fl-d0">
         <path>C:\ti\ccs1260\ccs\tools\compiler\ti-cgt-arm_20.2.7.LTS\lib\</path>
         <kind>archive</kind>
         <file>rtsv7M4_T_le_v4SPD16_eabi.lib</file>
         <name>fd_add_t2.asm.obj</name>
      </input_file>
      <input_file id="fl-d1">
         <path>C:\ti\ccs1260\ccs\tools\compiler\ti-cgt-arm_20.2.7.LTS\lib\</path>
         <kind>archive</kind>
         <file>rtsv7M4_T_le_v4SPD16_eabi.lib</file>
         <name>fd_cmp_t2.asm.obj</name>
      </input_file>
      <input_file id="fl-d2">
         <path>C:\ti\ccs1260\ccs\tools\compiler\ti-cgt-arm_20.2.7.LTS\lib\</path>
         <kind>archive</kind>
         <file>rtsv7M4_T_le_v4SPD16_eabi.lib</file>
         <name>fd_div_t2.asm.obj</name>
      </input_file>
      <input_file id="fl-d3">
         <path>C:\ti\ccs1260\ccs\tools\compiler\ti-cgt-arm_20.2.7.LTS\lib\</path>
         <kind>archive</kind>
         <file>rtsv7M4_T_le_v4SPD16_eabi.lib</file>
         <name>fd_mul_t2.asm.obj</name>
      </input_file>
      <input_file id="fl-d4">
         <path>C:\ti\ccs1260\ccs\tools\compiler\ti-cgt-arm_20.2.7.LTS\lib\</path>
         <kind>archive</kind>
         <file>rtsv7M4_T_le_v4SPD16_eabi.lib</file>
         <name>fd_toi_t2.asm.obj</name>
      </input_file>
      <input_file id="fl-d5">
         <path>C:\ti\ccs1260\ccs\tools\compiler\ti-cgt-arm_20.2.7.LTS\lib\</path>
         <kind>archive</kind>
         <file>rtsv7M4_T_le_v4SPD16_eabi.lib</file>
         <name>i_tofd_t2.asm.obj</name>
      </input_file>
      <input_file id="fl-d6">
         <path>C:\ti\ccs1260\ccs\tools\compiler\ti-cgt-arm_20.2.7.LTS\lib\</path>
         <kind>archive</kind>
         <file>rtsv7M4_T_le_v4SPD16_eabi.lib</file>
         <name>memcpy_t2.asm.obj</name>
      </input_file>
      <input_file id="fl-d7">
         <path>C:\ti\ccs1260\ccs\tools\compiler\ti-cgt-arm_20.2.7.LTS\lib\</path>
         <kind>archive</kind>
         <file>rtsv7M4_T_le_v4SPD16_eabi.lib</file>
         <name>memset_t2.asm.obj</name>
      </input_file>
      <input_file id="fl-d8">
         <path>C:\ti\ccs1260\ccs\tools\compiler\ti-cgt-arm_20.2.7.LTS\lib\</path>
         <kind>archive</kind>
         <file>rtsv7M4_T_le_v4SPD16_eabi.lib</file>
         <name>ull_div_t2.asm.obj</name>
      </input_file>
      <input_file id="fl-d9">
         <path>C:\ti\ccs1260\ccs\tools\compiler\ti-cgt-arm_20.2.7.LTS\lib\</path>
         <kind>archive</kind>
         <file>rtsv7M4_T_le_v4SPD16_eabi.lib</file>
         <name>copy_zero_init.c.obj</name>
      </input_file>
      <input_file id="fl-da">
         <path>C:\ti\ccs1260\ccs\tools\compiler\ti-cgt-arm_20.2.7.LTS\lib\</path>
         <kind>archive</kind>
         <file>rtsv7M4_T_le_v4SPD16_eabi.lib</file>
         <name>copy_decompress_none.c.obj</name>
      </input_file>
      <input_file id="fl-db">
         <path>C:\ti\ccs1260\ccs\tools\compiler\ti-cgt-arm_20.2.7.LTS\lib\</path>
         <kind>archive</kind>
         <file>rtsv7M4_T_le_v4SPD16_eabi.lib</file>
         <name>copy_decompress_lzss.c.obj</name>
      </input_file>
      <input_file id="fl-dc">
         <path>C:\ti\ccs1260\ccs\tools\compiler\ti-cgt-arm_20.2.7.LTS\lib\</path>
         <kind>archive</kind>
         <file>rtsv7M4_T_le_v4SPD16_eabi.lib</file>
         <name>exit.c.obj</name>
      </input_file>
      <input_file id="fl-dd">
         <path>C:\ti\ccs1260\ccs\tools\compiler\ti-cgt-arm_20.2.7.LTS\lib\</path>
         <kind>archive</kind>
         <file>rtsv7M4_T_le_v4SPD16_eabi.lib</file>
         <name>_lock.c.obj</name>
      </input_file>
      <input_file id="fl-de">
         <path>C:\ti\ccs1260\ccs\tools\compiler\ti-cgt-arm_20.2.7.LTS\lib\</path>
         <kind>archive</kind>
         <file>rtsv7M4_T_le_v4SPD16_eabi.lib</file>
         <name>_ltoa.c.obj</name>
      </input_file>
      <input_file id="fl-df">
         <path>C:\ti\ccs1260\ccs\tools\compiler\ti-cgt-arm_20.2.7.LTS\lib\</path>
         <kind>archive</kind>
         <file>rtsv7M4_T_le_v4SPD16_eabi.lib</file>
         <name>atoi.c.obj</name>
      </input_file>
      <input_file id="fl-e0">
         <path>C:\ti\ccs1260\ccs\tools\compiler\ti-cgt-arm_20.2.7.LTS\lib\</path>
         <kind>archive</kind>
         <file>rtsv7M4_T_le_v4SPD16_eabi.lib</file>
         <name>ctype.c.obj</name>
      </input_file>
      <input_file id="fl-e1">
         <path>C:\ti\ccs1260\ccs\tools\compiler\ti-cgt-arm_20.2.7.LTS\lib\</path>
         <kind>archive</kind>
         <file>rtsv7M4_T_le_v4SPD16_eabi.lib</file>
         <name>defs.c.obj</name>
      </input_file>
      <input_file id="fl-e2">
         <path>C:\ti\ccs1260\ccs\tools\compiler\ti-cgt-arm_20.2.7.LTS\lib\</path>
         <kind>archive</kind>
         <file>rtsv7M4_T_le_v4SPD16_eabi.lib</file>
         <name>memccpy.c.obj</name>
      </input_file>
      <input_file id="fl-e3">
         <path>C:\ti\ccs1260\ccs\tools\compiler\ti-cgt-arm_20.2.7.LTS\lib\</path>
         <kind>archive</kind>
         <file>rtsv7M4_T_le_v4SPD16_eabi.lib</file>
         <name>memchr.c.obj</name>
      </input_file>
      <input_file id="fl-e4">
         <path>C:\ti\ccs1260\ccs\tools\compiler\ti-cgt-arm_20.2.7.LTS\lib\</path>
         <kind>archive</kind>
         <file>rtsv7M4_T_le_v4SPD16_eabi.lib</file>
         <name>memory.c.obj</name>
      </input_file>
      <input_file id="fl-e5">
         <path>C:\ti\ccs1260\ccs\tools\compiler\ti-cgt-arm_20.2.7.LTS\lib\</path>
         <kind>archive</kind>
         <file>rtsv7M4_T_le_v4SPD16_eabi.lib</file>
         <name>strchr.c.obj</name>
      </input_file>
      <input_file id="fl-e6">
         <path>C:\ti\ccs1260\ccs\tools\compiler\ti-cgt-arm_20.2.7.LTS\lib\</path>
         <kind>archive</kind>
         <file>rtsv7M4_T_le_v4SPD16_eabi.lib</file>
         <name>strcmp.c.obj</name>
      </input_file>
      <input_file id="fl-e7">
         <path>C:\ti\ccs1260\ccs\tools\compiler\ti-cgt-arm_20.2.7.LTS\lib\</path>
         <kind>archive</kind>
         <file>rtsv7M4_T_le_v4SPD16_eabi.lib</file>
         <name>strlen.c.obj</name>
      </input_file>
      <input_file id="fl-e8">
         <path>C:\ti\ccs1260\ccs\tools\compiler\ti-cgt-arm_20.2.7.LTS\lib\</path>
         <kind>archive</kind>
         <file>rtsv7M4_T_le_v4SPD16_eabi.lib</file>
         <name>strncmp.c.obj</name>
      </input_file>
      <input_file id="fl-e9">
         <path>C:\ti\ccs1260\ccs\tools\compiler\ti-cgt-arm_20.2.7.LTS\lib\</path>
         <kind>archive</kind>
         <file>rtsv7M4_T_le_v4SPD16_eabi.lib</file>
         <name>boot_cortex_m.c.obj</name>
      </input_file>
      <input_file id="fl-ea">
         <path>C:\ti\ccs1260\ccs\tools\compiler\ti-cgt-arm_20.2.7.LTS\lib\</path>
         <kind>archive</kind>
         <file>rtsv7M4_T_le_v4SPD16_eabi.lib</file>
         <name>write.c.obj</name>
      </input_file>
      <input_file id="fl-eb">
         <path>C:\ti\ccs1260\ccs\tools\compiler\ti-cgt-arm_20.2.7.LTS\lib\</path>
         <kind>archive</kind>
         <file>rtsv7M4_T_le_v4SPD16_eabi.lib</file>
         <name>host_device.c.obj</name>
      </input_file>
      <input_file id="fl-ec">
         <path>C:\ti\ccs1260\ccs\tools\compiler\ti-cgt-arm_20.2.7.LTS\lib\</path>
         <kind>archive</kind>
         <file>rtsv7M4_T_le_v4SPD16_eabi.lib</file>
         <name>errno.c.obj</name>
      </input_file>
      <input_file id="fl-ed">
         <path>C:\ti\ccs1260\ccs\tools\compiler\ti-cgt-arm_20.2.7.LTS\lib\</path>
         <kind>archive</kind>
         <file>rtsv7M4_T_le_v4SPD16_eabi.lib</file>
         <name>wcslen.c.obj</name>
      </input_file>
      <input_file id="fl-ee">
         <path>C:\ti\ccs1260\ccs\tools\compiler\ti-cgt-arm_20.2.7.LTS\lib\</path>
         <kind>archive</kind>
         <file>rtsv7M4_T_le_v4SPD16_eabi.lib</file>
         <name>s_frexp.c.obj</name>
      </input_file>
      <input_file id="fl-ef">
         <path>C:\ti\ccs1260\ccs\tools\compiler\ti-cgt-arm_20.2.7.LTS\lib\</path>
         <kind>archive</kind>
         <file>rtsv7M4_T_le_v4SPD16_eabi.lib</file>
         <name>s_scalbn.c.obj</name>
      </input_file>
      <input_file id="fl-f0">
         <path>C:\ti\ccs1260\ccs\tools\compiler\ti-cgt-arm_20.2.7.LTS\lib\</path>
         <kind>archive</kind>
         <file>rtsv7M4_T_le_v4SPD16_eabi.lib</file>
         <name>_scanfi.c.obj</name>
      </input_file>
      <input_file id="fl-f1">
         <path>C:\ti\ccs1260\ccs\tools\compiler\ti-cgt-arm_20.2.7.LTS\lib\</path>
         <kind>archive</kind>
         <file>rtsv7M4_T_le_v4SPD16_eabi.lib</file>
         <name>fflush.c.obj</name>
      </input_file>
      <input_file id="fl-f2">
         <path>C:\ti\ccs1260\ccs\tools\compiler\ti-cgt-arm_20.2.7.LTS\lib\</path>
         <kind>archive</kind>
         <file>rtsv7M4_T_le_v4SPD16_eabi.lib</file>
         <name>fopen.c.obj</name>
      </input_file>
      <input_file id="fl-f3">
         <path>C:\ti\ccs1260\ccs\tools\compiler\ti-cgt-arm_20.2.7.LTS\lib\</path>
         <kind>archive</kind>
         <file>rtsv7M4_T_le_v4SPD16_eabi.lib</file>
         <name>fseek.c.obj</name>
      </input_file>
      <input_file id="fl-f4">
         <path>C:\ti\ccs1260\ccs\tools\compiler\ti-cgt-arm_20.2.7.LTS\lib\</path>
         <kind>archive</kind>
         <file>rtsv7M4_T_le_v4SPD16_eabi.lib</file>
         <name>div0.asm.obj</name>
      </input_file>
      <input_file id="fl-f5">
         <path>C:\ti\ccs1260\ccs\tools\compiler\ti-cgt-arm_20.2.7.LTS\lib\</path>
         <kind>archive</kind>
         <file>rtsv7M4_T_le_v4SPD16_eabi.lib</file>
         <name>fd_tos_t2.asm.obj</name>
      </input_file>
      <input_file id="fl-f6">
         <path>C:\ti\ccs1260\ccs\tools\compiler\ti-cgt-arm_20.2.7.LTS\lib\</path>
         <kind>archive</kind>
         <file>rtsv7M4_T_le_v4SPD16_eabi.lib</file>
         <name>autoinit.c.obj</name>
      </input_file>
      <input_file id="fl-f7">
         <path>C:\ti\ccs1260\ccs\tools\compiler\ti-cgt-arm_20.2.7.LTS\lib\</path>
         <kind>archive</kind>
         <file>rtsv7M4_T_le_v4SPD16_eabi.lib</file>
         <name>pre_init.c.obj</name>
      </input_file>
      <input_file id="fl-f8">
         <path>C:\ti\ccs1260\ccs\tools\compiler\ti-cgt-arm_20.2.7.LTS\lib\</path>
         <kind>archive</kind>
         <file>rtsv7M4_T_le_v4SPD16_eabi.lib</file>
         <name>cpy_tbl.c.obj</name>
      </input_file>
      <input_file id="fl-f9">
         <path>C:\ti\ccs1260\ccs\tools\compiler\ti-cgt-arm_20.2.7.LTS\lib\</path>
         <kind>archive</kind>
         <file>rtsv7M4_T_le_v4SPD16_eabi.lib</file>
         <name>args_main.c.obj</name>
      </input_file>
      <input_file id="fl-fa">
         <path>C:\ti\ccs1260\ccs\tools\compiler\ti-cgt-arm_20.2.7.LTS\lib\</path>
         <kind>archive</kind>
         <file>rtsv7M4_T_le_v4SPD16_eabi.lib</file>
         <name>strcpy.c.obj</name>
      </input_file>
      <input_file id="fl-fb">
         <path>C:\ti\ccs1260\ccs\tools\compiler\ti-cgt-arm_20.2.7.LTS\lib\</path>
         <kind>archive</kind>
         <file>rtsv7M4_T_le_v4SPD16_eabi.lib</file>
         <name>strrchr.c.obj</name>
      </input_file>
      <input_file id="fl-fc">
         <path>C:\ti\ccs1260\ccs\tools\compiler\ti-cgt-arm_20.2.7.LTS\lib\</path>
         <kind>archive</kind>
         <file>rtsv7M4_T_le_v4SPD16_eabi.lib</file>
         <name>strtod.c.obj</name>
      </input_file>
      <input_file id="fl-fd">
         <path>C:\ti\ccs1260\ccs\tools\compiler\ti-cgt-arm_20.2.7.LTS\lib\</path>
         <kind>archive</kind>
         <file>rtsv7M4_T_le_v4SPD16_eabi.lib</file>
         <name>strtol.c.obj</name>
      </input_file>
      <input_file id="fl-fe">
         <path>C:\ti\ccs1260\ccs\tools\compiler\ti-cgt-arm_20.2.7.LTS\lib\</path>
         <kind>archive</kind>
         <file>rtsv7M4_T_le_v4SPD16_eabi.lib</file>
         <name>strtoll.c.obj</name>
      </input_file>
      <input_file id="fl-ff">
         <path>C:\ti\ccs1260\ccs\tools\compiler\ti-cgt-arm_20.2.7.LTS\lib\</path>
         <kind>archive</kind>
         <file>rtsv7M4_T_le_v4SPD16_eabi.lib</file>
         <name>strtoul.c.obj</name>
      </input_file>
      <input_file id="fl-100">
         <path>C:\ti\ccs1260\ccs\tools\compiler\ti-cgt-arm_20.2.7.LTS\lib\</path>
         <kind>archive</kind>
         <file>rtsv7M4_T_le_v4SPD16_eabi.lib</file>
         <name>strtoull.c.obj</name>
      </input_file>
      <input_file id="fl-101">
         <path>C:\ti\ccs1260\ccs\tools\compiler\ti-cgt-arm_20.2.7.LTS\lib\</path>
         <kind>archive</kind>
         <file>rtsv7M4_T_le_v4SPD16_eabi.lib</file>
         <name>hostclose.c.obj</name>
      </input_file>
      <input_file id="fl-102">
         <path>C:\ti\ccs1260\ccs\tools\compiler\ti-cgt-arm_20.2.7.LTS\lib\</path>
         <kind>archive</kind>
         <file>rtsv7M4_T_le_v4SPD16_eabi.lib</file>
         <name>hostlseek.c.obj</name>
      </input_file>
      <input_file id="fl-103">
         <path>C:\ti\ccs1260\ccs\tools\compiler\ti-cgt-arm_20.2.7.LTS\lib\</path>
         <kind>archive</kind>
         <file>rtsv7M4_T_le_v4SPD16_eabi.lib</file>
         <name>hostopen.c.obj</name>
      </input_file>
      <input_file id="fl-104">
         <path>C:\ti\ccs1260\ccs\tools\compiler\ti-cgt-arm_20.2.7.LTS\lib\</path>
         <kind>archive</kind>
         <file>rtsv7M4_T_le_v4SPD16_eabi.lib</file>
         <name>hostread.c.obj</name>
      </input_file>
      <input_file id="fl-105">
         <path>C:\ti\ccs1260\ccs\tools\compiler\ti-cgt-arm_20.2.7.LTS\lib\</path>
         <kind>archive</kind>
         <file>rtsv7M4_T_le_v4SPD16_eabi.lib</file>
         <name>hostrename.c.obj</name>
      </input_file>
      <input_file id="fl-106">
         <path>C:\ti\ccs1260\ccs\tools\compiler\ti-cgt-arm_20.2.7.LTS\lib\</path>
         <kind>archive</kind>
         <file>rtsv7M4_T_le_v4SPD16_eabi.lib</file>
         <name>hostunlink.c.obj</name>
      </input_file>
      <input_file id="fl-107">
         <path>C:\ti\ccs1260\ccs\tools\compiler\ti-cgt-arm_20.2.7.LTS\lib\</path>
         <kind>archive</kind>
         <file>rtsv7M4_T_le_v4SPD16_eabi.lib</file>
         <name>hostwrite.c.obj</name>
      </input_file>
      <input_file id="fl-108">
         <path>C:\ti\ccs1260\ccs\tools\compiler\ti-cgt-arm_20.2.7.LTS\lib\</path>
         <kind>archive</kind>
         <file>rtsv7M4_T_le_v4SPD16_eabi.lib</file>
         <name>trgmsg.c.obj</name>
      </input_file>
      <input_file id="fl-109">
         <path>C:\ti\ccs1260\ccs\tools\compiler\ti-cgt-arm_20.2.7.LTS\lib\</path>
         <kind>archive</kind>
         <file>rtsv7M4_T_le_v4SPD16_eabi.lib</file>
         <name>open.c.obj</name>
      </input_file>
      <input_file id="fl-10a">
         <path>C:\ti\ccs1260\ccs\tools\compiler\ti-cgt-arm_20.2.7.LTS\lib\</path>
         <kind>archive</kind>
         <file>rtsv7M4_T_le_v4SPD16_eabi.lib</file>
         <name>lseek.c.obj</name>
      </input_file>
      <input_file id="fl-10b">
         <path>C:\ti\ccs1260\ccs\tools\compiler\ti-cgt-arm_20.2.7.LTS\lib\</path>
         <kind>archive</kind>
         <file>rtsv7M4_T_le_v4SPD16_eabi.lib</file>
         <name>s_copysign.c.obj</name>
      </input_file>
      <input_file id="fl-10c">
         <path>C:\ti\ccs1260\ccs\tools\compiler\ti-cgt-arm_20.2.7.LTS\lib\</path>
         <kind>archive</kind>
         <file>rtsv7M4_T_le_v4SPD16_eabi.lib</file>
         <name>fclose.c.obj</name>
      </input_file>
      <input_file id="fl-10d">
         <path>C:\ti\ccs1260\ccs\tools\compiler\ti-cgt-arm_20.2.7.LTS\lib\</path>
         <kind>archive</kind>
         <file>rtsv7M4_T_le_v4SPD16_eabi.lib</file>
         <name>getdevice.c.obj</name>
      </input_file>
      <input_file id="fl-10e">
         <path>C:\ti\ccs1260\ccs\tools\compiler\ti-cgt-arm_20.2.7.LTS\lib\</path>
         <kind>archive</kind>
         <file>rtsv7M4_T_le_v4SPD16_eabi.lib</file>
         <name>ll_mul_t2.asm.obj</name>
      </input_file>
      <input_file id="fl-10f">
         <path>C:\ti\ccs1260\ccs\tools\compiler\ti-cgt-arm_20.2.7.LTS\lib\</path>
         <kind>archive</kind>
         <file>rtsv7M4_T_le_v4SPD16_eabi.lib</file>
         <name>strncpy.c.obj</name>
      </input_file>
      <input_file id="fl-110">
         <path>C:\ti\ccs1260\ccs\tools\compiler\ti-cgt-arm_20.2.7.LTS\lib\</path>
         <kind>archive</kind>
         <file>rtsv7M4_T_le_v4SPD16_eabi.lib</file>
         <name>remove.c.obj</name>
      </input_file>
      <input_file id="fl-111">
         <path>C:\ti\ccs1260\ccs\tools\compiler\ti-cgt-arm_20.2.7.LTS\lib\</path>
         <kind>archive</kind>
         <file>rtsv7M4_T_le_v4SPD16_eabi.lib</file>
         <name>close.c.obj</name>
      </input_file>
      <input_file id="fl-112">
         <path>C:\ti\ccs1260\ccs\tools\compiler\ti-cgt-arm_20.2.7.LTS\lib\</path>
         <kind>archive</kind>
         <file>rtsv7M4_T_le_v4SPD16_eabi.lib</file>
         <name>unlink.c.obj</name>
      </input_file>
      <input_file id="fl-113">
         <path>C:\ti\simplelink_msp432p4_sdk_3_40_01_02\simplelink_msp432p4_sdk_3_40_01_02\source\ti\grlib\lib\ccs\m4\</path>
         <kind>archive</kind>
         <file>grlib.a</file>
         <name>context.obj</name>
      </input_file>
      <input_file id="fl-114">
         <path>C:\ti\simplelink_msp432p4_sdk_3_40_01_02\simplelink_msp432p4_sdk_3_40_01_02\source\ti\grlib\lib\ccs\m4\</path>
         <kind>archive</kind>
         <file>grlib.a</file>
         <name>display.obj</name>
      </input_file>
      <input_file id="fl-115">
         <path>C:\ti\simplelink_msp432p4_sdk_3_40_01_02\simplelink_msp432p4_sdk_3_40_01_02\source\ti\grlib\lib\ccs\m4\</path>
         <kind>archive</kind>
         <file>grlib.a</file>
         <name>fontfixed6x8.obj</name>
      </input_file>
      <input_file id="fl-116">
         <path>C:\ti\simplelink_msp432p4_sdk_3_40_01_02\simplelink_msp432p4_sdk_3_40_01_02\source\ti\grlib\lib\ccs\m4\</path>
         <kind>archive</kind>
         <file>grlib.a</file>
         <name>image.obj</name>
      </input_file>
      <input_file id="fl-117">
         <path>C:\ti\simplelink_msp432p4_sdk_3_40_01_02\simplelink_msp432p4_sdk_3_40_01_02\source\ti\grlib\lib\ccs\m4\</path>
         <kind>archive</kind>
         <file>grlib.a</file>
         <name>line.obj</name>
      </input_file>
      <input_file id="fl-118">
         <path>C:\ti\simplelink_msp432p4_sdk_3_40_01_02\simplelink_msp432p4_sdk_3_40_01_02\source\ti\grlib\lib\ccs\m4\</path>
         <kind>archive</kind>
         <file>grlib.a</file>
         <name>rectangle.obj</name>
      </input_file>
      <input_file id="fl-119">
         <path>C:\ti\simplelink_msp432p4_sdk_3_40_01_02\simplelink_msp432p4_sdk_3_40_01_02\source\ti\grlib\lib\ccs\m4\</path>
         <kind>archive</kind>
         <file>grlib.a</file>
         <name>string.obj</name>
      </input_file>
      <input_file id="fl-11a">
         <path>C:\ti\simplelink_msp432p4_sdk_3_40_01_02\simplelink_msp432p4_sdk_3_40_01_02\source\ti\devices\msp432p4xx\driverlib\ccs\</path>
         <kind>archive</kind>
         <file>msp432p4xx_driverlib.lib</file>
         <name>adc14.o</name>
      </input_file>
      <input_file id="fl-11b">
         <path>C:\ti\simplelink_msp432p4_sdk_3_40_01_02\simplelink_msp432p4_sdk_3_40_01_02\source\ti\devices\msp432p4xx\driverlib\ccs\</path>
         <kind>archive</kind>
         <file>msp432p4xx_driverlib.lib</file>
         <name>cs.o</name>
      </input_file>
      <input_file id="fl-11c">
         <path>C:\ti\simplelink_msp432p4_sdk_3_40_01_02\simplelink_msp432p4_sdk_3_40_01_02\source\ti\devices\msp432p4xx\driverlib\ccs\</path>
         <kind>archive</kind>
         <file>msp432p4xx_driverlib.lib</file>
         <name>flash.o</name>
      </input_file>
      <input_file id="fl-11d">
         <path>C:\ti\simplelink_msp432p4_sdk_3_40_01_02\simplelink_msp432p4_sdk_3_40_01_02\source\ti\devices\msp432p4xx\driverlib\ccs\</path>
         <kind>archive</kind>
         <file>msp432p4xx_driverlib.lib</file>
         <name>gpio.o</name>
      </input_file>
      <input_file id="fl-11e">
         <path>C:\ti\simplelink_msp432p4_sdk_3_40_01_02\simplelink_msp432p4_sdk_3_40_01_02\source\ti\devices\msp432p4xx\driverlib\ccs\</path>
         <kind>archive</kind>
         <file>msp432p4xx_driverlib.lib</file>
         <name>i2c.o</name>
      </input_file>
      <input_file id="fl-11f">
         <path>C:\ti\simplelink_msp432p4_sdk_3_40_01_02\simplelink_msp432p4_sdk_3_40_01_02\source\ti\devices\msp432p4xx\driverlib\ccs\</path>
         <kind>archive</kind>
         <file>msp432p4xx_driverlib.lib</file>
         <name>interrupt.o</name>
      </input_file>
      <input_file id="fl-120">
         <path>C:\ti\simplelink_msp432p4_sdk_3_40_01_02\simplelink_msp432p4_sdk_3_40_01_02\source\ti\devices\msp432p4xx\driverlib\ccs\</path>
         <kind>archive</kind>
         <file>msp432p4xx_driverlib.lib</file>
         <name>pcm.o</name>
      </input_file>
      <input_file id="fl-121">
         <path>C:\ti\simplelink_msp432p4_sdk_3_40_01_02\simplelink_msp432p4_sdk_3_40_01_02\source\ti\devices\msp432p4xx\driverlib\ccs\</path>
         <kind>archive</kind>
         <file>msp432p4xx_driverlib.lib</file>
         <name>rtc_c.o</name>
      </input_file>
      <input_file id="fl-122">
         <path>C:\ti\simplelink_msp432p4_sdk_3_40_01_02\simplelink_msp432p4_sdk_3_40_01_02\source\ti\devices\msp432p4xx\driverlib\ccs\</path>
         <kind>archive</kind>
         <file>msp432p4xx_driverlib.lib</file>
         <name>spi.o</name>
      </input_file>
      <input_file id="fl-123">
         <path>C:\ti\simplelink_msp432p4_sdk_3_40_01_02\simplelink_msp432p4_sdk_3_40_01_02\source\ti\devices\msp432p4xx\driverlib\ccs\</path>
         <kind>archive</kind>
         <file>msp432p4xx_driverlib.lib</file>
         <name>sysctl.o</name>
      </input_file>
      <input_file id="fl-124">
         <path>C:\ti\simplelink_msp432p4_sdk_3_40_01_02\simplelink_msp432p4_sdk_3_40_01_02\source\ti\devices\msp432p4xx\driverlib\ccs\</path>
         <kind>archive</kind>
         <file>msp432p4xx_driverlib.lib</file>
         <name>sysctl_a.o</name>
      </input_file>
      <input_file id="fl-125">
         <path>C:\ti\simplelink_msp432p4_sdk_3_40_01_02\simplelink_msp432p4_sdk_3_40_01_02\source\ti\devices\msp432p4xx\driverlib\ccs\</path>
         <kind>archive</kind>
         <file>msp432p4xx_driverlib.lib</file>
         <name>timer_a.o</name>
      </input_file>
      <input_file id="fl-126">
         <path>C:\ti\simplelink_msp432p4_sdk_3_40_01_02\simplelink_msp432p4_sdk_3_40_01_02\source\ti\devices\msp432p4xx\driverlib\ccs\</path>
         <kind>archive</kind>
         <file>msp432p4xx_driverlib.lib</file>
         <name>uart.o</name>
      </input_file>
      <input_file id="fl-127">
         <path>C:\ti\simplelink_msp432p4_sdk_3_40_01_02\simplelink_msp432p4_sdk_3_40_01_02\source\ti\devices\msp432p4xx\driverlib\ccs\</path>
         <kind>archive</kind>
         <file>msp432p4xx_driverlib.lib</file>
         <name>wdt_a.o</name>
      </input_file>
      <input_file id="fl-128">
         <path>C:\ti\simplelink_msp432p4_sdk_3_40_01_02\simplelink_msp432p4_sdk_3_40_01_02\source\ti\devices\msp432p4xx\driverlib\ccs\</path>
         <kind>archive</kind>
         <file>msp432p4xx_driverlib.lib</file>
         <name>cpu.o</name>
      </input_file>
   </input_file_list>
   <object_component_list>
      <object_component id="oc-26">
         <name>.intvecs:retain</name>
         <load_address>0x0</load_address>
         <run_address>0x0</run_address>
         <size>0xe4</size>
         <input_file_ref idref="fl-3"/>
      </object_component>
      <object_component id="oc-70">
         <name>.text</name>
         <load_address>0xe4</load_address>
         <run_address>0xe4</run_address>
         <size>0xb58</size>
         <input_file_ref idref="fl-2"/>
      </object_component>
      <object_component id="oc-35b">
         <name>.text:__TI_scanfi</name>
         <load_address>0xc3c</load_address>
         <run_address>0xc3c</run_address>
         <size>0xb14</size>
         <input_file_ref idref="fl-f0"/>
      </object_component>
      <object_component id="oc-338">
         <name>.text:__TI_printfi</name>
         <load_address>0x1750</load_address>
         <run_address>0x1750</run_address>
         <size>0xa4e</size>
         <input_file_ref idref="fl-c9"/>
      </object_component>
      <object_component id="oc-584">
         <name>.text:_nop</name>
         <load_address>0x219e</load_address>
         <run_address>0x219e</run_address>
         <size>0x2</size>
         <input_file_ref idref="fl-dd"/>
      </object_component>
      <object_component id="oc-b3">
         <name>.text</name>
         <load_address>0x21a0</load_address>
         <run_address>0x21a0</run_address>
         <size>0xa40</size>
         <input_file_ref idref="fl-5"/>
      </object_component>
      <object_component id="oc-29c">
         <name>.text</name>
         <load_address>0x2be0</load_address>
         <run_address>0x2be0</run_address>
         <size>0x680</size>
         <input_file_ref idref="fl-8"/>
      </object_component>
      <object_component id="oc-42b">
         <name>.text:Graphics_drawString</name>
         <load_address>0x3260</load_address>
         <run_address>0x3260</run_address>
         <size>0x47e</size>
         <input_file_ref idref="fl-119"/>
      </object_component>
      <object_component id="oc-7c1">
         <name>.text</name>
         <load_address>0x36de</load_address>
         <run_address>0x36de</run_address>
         <size>0x2</size>
         <input_file_ref idref="fl-f4"/>
      </object_component>
      <object_component id="oc-5bd">
         <name>.text:strtod</name>
         <load_address>0x36e0</load_address>
         <run_address>0x36e0</run_address>
         <size>0x460</size>
         <input_file_ref idref="fl-fc"/>
      </object_component>
      <object_component id="oc-1ca">
         <name>.text:Graphics_drawImage</name>
         <load_address>0x3b40</load_address>
         <run_address>0x3b40</run_address>
         <size>0x390</size>
         <input_file_ref idref="fl-116"/>
      </object_component>
      <object_component id="oc-ac">
         <name>.text</name>
         <load_address>0x3ed0</load_address>
         <run_address>0x3ed0</run_address>
         <size>0x334</size>
         <input_file_ref idref="fl-4"/>
      </object_component>
      <object_component id="oc-560">
         <name>.text:_pconv_a</name>
         <load_address>0x4204</load_address>
         <run_address>0x4204</run_address>
         <size>0x270</size>
         <input_file_ref idref="fl-c9"/>
      </object_component>
      <object_component id="oc-b9">
         <name>.text</name>
         <load_address>0x4474</load_address>
         <run_address>0x4474</run_address>
         <size>0x230</size>
         <input_file_ref idref="fl-c"/>
      </object_component>
      <object_component id="oc-11d">
         <name>.text</name>
         <load_address>0x46a4</load_address>
         <run_address>0x46a4</run_address>
         <size>0x208</size>
         <input_file_ref idref="fl-6"/>
      </object_component>
      <object_component id="oc-5ce">
         <name>.text:strtoll</name>
         <load_address>0x48ac</load_address>
         <run_address>0x48ac</run_address>
         <size>0x1dc</size>
         <input_file_ref idref="fl-fe"/>
      </object_component>
      <object_component id="oc-54e">
         <name>.text:_pconv_g</name>
         <load_address>0x4a88</load_address>
         <run_address>0x4a88</run_address>
         <size>0x1d0</size>
         <input_file_ref idref="fl-c9"/>
      </object_component>
      <object_component id="oc-6ef">
         <name>.text</name>
         <load_address>0x4c58</load_address>
         <run_address>0x4c58</run_address>
         <size>0x1b6</size>
         <input_file_ref idref="fl-d0"/>
      </object_component>
      <object_component id="oc-3c8">
         <name>.text:_getIndexForMemRegister</name>
         <load_address>0x4e10</load_address>
         <run_address>0x4e10</run_address>
         <size>0x160</size>
         <input_file_ref idref="fl-11a"/>
      </object_component>
      <object_component id="oc-78e">
         <name>.text:__PCM_setPowerModeAdvanced</name>
         <load_address>0x4f70</load_address>
         <run_address>0x4f70</run_address>
         <size>0x15c</size>
         <input_file_ref idref="fl-120"/>
      </object_component>
      <object_component id="oc-5b1">
         <name>.text:strtoull</name>
         <load_address>0x50cc</load_address>
         <run_address>0x50cc</run_address>
         <size>0x15c</size>
         <input_file_ref idref="fl-100"/>
      </object_component>
      <object_component id="oc-49d">
         <name>.text:privateTimer_AProcessClockSourceDivider</name>
         <load_address>0x5228</load_address>
         <run_address>0x5228</run_address>
         <size>0x144</size>
         <input_file_ref idref="fl-125"/>
      </object_component>
      <object_component id="oc-123">
         <name>.text</name>
         <load_address>0x536c</load_address>
         <run_address>0x536c</run_address>
         <size>0x13c</size>
         <input_file_ref idref="fl-a"/>
      </object_component>
      <object_component id="oc-55a">
         <name>.text:_pconv_e</name>
         <load_address>0x54a8</load_address>
         <run_address>0x54a8</run_address>
         <size>0x13c</size>
         <input_file_ref idref="fl-c9"/>
      </object_component>
      <object_component id="oc-6d5">
         <name>.text</name>
         <load_address>0x55e4</load_address>
         <run_address>0x55e4</run_address>
         <size>0x136</size>
         <input_file_ref idref="fl-d2"/>
      </object_component>
      <object_component id="oc-23c">
         <name>.text:CS_initClockSignal</name>
         <load_address>0x571c</load_address>
         <run_address>0x571c</run_address>
         <size>0x130</size>
         <input_file_ref idref="fl-11b"/>
      </object_component>
      <object_component id="oc-5c8">
         <name>.text:strtol</name>
         <load_address>0x584c</load_address>
         <run_address>0x584c</run_address>
         <size>0x130</size>
         <input_file_ref idref="fl-fd"/>
      </object_component>
      <object_component id="oc-701">
         <name>.text:fcvt</name>
         <load_address>0x597c</load_address>
         <run_address>0x597c</run_address>
         <size>0x124</size>
         <input_file_ref idref="fl-c9"/>
      </object_component>
      <object_component id="oc-2b4">
         <name>.text:UART_initModule</name>
         <load_address>0x5aa0</load_address>
         <run_address>0x5aa0</run_address>
         <size>0x11c</size>
         <input_file_ref idref="fl-126"/>
      </object_component>
      <object_component id="oc-2ae">
         <name>.text</name>
         <load_address>0x5bbc</load_address>
         <run_address>0x5bbc</run_address>
         <size>0x118</size>
         <input_file_ref idref="fl-7"/>
      </object_component>
      <object_component id="oc-592">
         <name>.text:fputs</name>
         <load_address>0x5cd4</load_address>
         <run_address>0x5cd4</run_address>
         <size>0x114</size>
         <input_file_ref idref="fl-cd"/>
      </object_component>
      <object_component id="oc-715">
         <name>.text:scalbn</name>
         <load_address>0x5de8</load_address>
         <run_address>0x5de8</run_address>
         <size>0x110</size>
         <input_file_ref idref="fl-ef"/>
      </object_component>
      <object_component id="oc-5b7">
         <name>.text:strtoul</name>
         <load_address>0x5ef8</load_address>
         <run_address>0x5ef8</run_address>
         <size>0x110</size>
         <input_file_ref idref="fl-ff"/>
      </object_component>
      <object_component id="oc-493">
         <name>.text:__PCM_setCoreVoltageLevelAdvanced</name>
         <load_address>0x6008</load_address>
         <run_address>0x6008</run_address>
         <size>0x108</size>
         <input_file_ref idref="fl-120"/>
      </object_component>
      <object_component id="oc-888">
         <name>.text:aligned_alloc</name>
         <load_address>0x6110</load_address>
         <run_address>0x6110</run_address>
         <size>0x100</size>
         <input_file_ref idref="fl-e4"/>
      </object_component>
      <object_component id="oc-6d0">
         <name>.text</name>
         <load_address>0x6210</load_address>
         <run_address>0x6210</run_address>
         <size>0xfc</size>
         <input_file_ref idref="fl-d3"/>
      </object_component>
      <object_component id="oc-425">
         <name>.text:Graphics_getStringWidth</name>
         <load_address>0x630c</load_address>
         <run_address>0x630c</run_address>
         <size>0xfa</size>
         <input_file_ref idref="fl-119"/>
      </object_component>
      <object_component id="oc-846">
         <name>.text:free</name>
         <load_address>0x6408</load_address>
         <run_address>0x6408</run_address>
         <size>0xe4</size>
         <input_file_ref idref="fl-e4"/>
      </object_component>
      <object_component id="oc-7fa">
         <name>.text:setvbuf</name>
         <load_address>0x64ec</load_address>
         <run_address>0x64ec</run_address>
         <size>0xdc</size>
         <input_file_ref idref="fl-cf"/>
      </object_component>
      <object_component id="oc-4bd">
         <name>.text</name>
         <load_address>0x65c8</load_address>
         <run_address>0x65c8</run_address>
         <size>0xcc</size>
         <input_file_ref idref="fl-9"/>
      </object_component>
      <object_component id="oc-272">
         <name>.text:ADC14_configureConversionMemory</name>
         <load_address>0x6694</load_address>
         <run_address>0x6694</run_address>
         <size>0xb4</size>
         <input_file_ref idref="fl-11a"/>
      </object_component>
      <object_component id="oc-26c">
         <name>.text:ADC14_configureMultiSequenceMode</name>
         <load_address>0x6748</load_address>
         <run_address>0x6748</run_address>
         <size>0xb4</size>
         <input_file_ref idref="fl-11a"/>
      </object_component>
      <object_component id="oc-543">
         <name>.text:_ltostr</name>
         <load_address>0x67fc</load_address>
         <run_address>0x67fc</run_address>
         <size>0xb1</size>
         <input_file_ref idref="fl-c9"/>
      </object_component>
      <object_component id="oc-68b">
         <name>.text:SPI_initMaster</name>
         <load_address>0x68ae</load_address>
         <run_address>0x68ae</run_address>
         <size>0xb0</size>
         <input_file_ref idref="fl-122"/>
      </object_component>
      <object_component id="oc-1c4">
         <name>.text:Graphics_drawRectangle</name>
         <load_address>0x695e</load_address>
         <run_address>0x695e</run_address>
         <size>0xa2</size>
         <input_file_ref idref="fl-118"/>
      </object_component>
      <object_component id="oc-400">
         <name>.text:Graphics_drawLineH</name>
         <load_address>0x6a00</load_address>
         <run_address>0x6a00</run_address>
         <size>0x9c</size>
         <input_file_ref idref="fl-117"/>
      </object_component>
      <object_component id="oc-1e8">
         <name>.text:Graphics_drawLineV</name>
         <load_address>0x6a9c</load_address>
         <run_address>0x6a9c</run_address>
         <size>0x9c</size>
         <input_file_ref idref="fl-117"/>
      </object_component>
      <object_component id="oc-3a">
         <name>.text</name>
         <load_address>0x6b38</load_address>
         <run_address>0x6b38</run_address>
         <size>0x9c</size>
         <input_file_ref idref="fl-d6"/>
      </object_component>
      <object_component id="oc-6c9">
         <name>.text</name>
         <load_address>0x6bd4</load_address>
         <run_address>0x6bd4</run_address>
         <size>0x96</size>
         <input_file_ref idref="fl-d8"/>
      </object_component>
      <object_component id="oc-599">
         <name>.text:fputc</name>
         <load_address>0x6c6c</load_address>
         <run_address>0x6c6c</run_address>
         <size>0x8c</size>
         <input_file_ref idref="fl-cc"/>
      </object_component>
      <object_component id="oc-266">
         <name>.text:GPIO_setAsPeripheralModuleFunctionInputPin</name>
         <load_address>0x6cf8</load_address>
         <run_address>0x6cf8</run_address>
         <size>0x88</size>
         <input_file_ref idref="fl-11d"/>
      </object_component>
      <object_component id="oc-4d2">
         <name>.text:GPIO_setAsPeripheralModuleFunctionOutputPin</name>
         <load_address>0x6d80</load_address>
         <run_address>0x6d80</run_address>
         <size>0x88</size>
         <input_file_ref idref="fl-11d"/>
      </object_component>
      <object_component id="oc-549">
         <name>.text:__aeabi_cdcmple</name>
         <load_address>0x6e08</load_address>
         <run_address>0x6e08</run_address>
         <size>0x86</size>
         <input_file_ref idref="fl-d1"/>
      </object_component>
      <object_component id="oc-6da">
         <name>.text:__aeabi_cdrcmple</name>
         <load_address>0x6e8e</load_address>
         <run_address>0x6e8e</run_address>
         <size>0x86</size>
         <input_file_ref idref="fl-d1"/>
      </object_component>
      <object_component id="oc-142">
         <name>.text:GPIO_getEnabledInterruptStatus</name>
         <load_address>0x6f14</load_address>
         <run_address>0x6f14</run_address>
         <size>0x84</size>
         <input_file_ref idref="fl-11d"/>
      </object_component>
      <object_component id="oc-3b1">
         <name>.text:I2C_masterSendSingleByte</name>
         <load_address>0x6f98</load_address>
         <run_address>0x6f98</run_address>
         <size>0x84</size>
         <input_file_ref idref="fl-11e"/>
      </object_component>
      <object_component id="oc-248">
         <name>.text:Interrupt_enableInterrupt</name>
         <load_address>0x701c</load_address>
         <run_address>0x701c</run_address>
         <size>0x80</size>
         <input_file_ref idref="fl-11f"/>
      </object_component>
      <object_component id="oc-94">
         <name>.text</name>
         <load_address>0x709c</load_address>
         <run_address>0x709c</run_address>
         <size>0x7a</size>
         <input_file_ref idref="fl-d7"/>
      </object_component>
      <object_component id="oc-88f">
         <name>.text:__TI_closefile</name>
         <load_address>0x7118</load_address>
         <run_address>0x7118</run_address>
         <size>0x74</size>
         <input_file_ref idref="fl-10c"/>
      </object_component>
      <object_component id="oc-3b7">
         <name>.text:I2C_masterReceiveSingleByte</name>
         <load_address>0x718c</load_address>
         <run_address>0x718c</run_address>
         <size>0x70</size>
         <input_file_ref idref="fl-11e"/>
      </object_component>
      <object_component id="oc-8d0">
         <name>.text:split</name>
         <load_address>0x71fc</load_address>
         <run_address>0x71fc</run_address>
         <size>0x70</size>
         <input_file_ref idref="fl-e4"/>
      </object_component>
      <object_component id="oc-6fa">
         <name>.text:_mcpy</name>
         <load_address>0x726c</load_address>
         <run_address>0x726c</run_address>
         <size>0x6e</size>
         <input_file_ref idref="fl-c9"/>
      </object_component>
      <object_component id="oc-5c3">
         <name>.text</name>
         <load_address>0x72da</load_address>
         <run_address>0x72da</run_address>
         <size>0x6e</size>
         <input_file_ref idref="fl-f5"/>
      </object_component>
      <object_component id="oc-408">
         <name>.text:Graphics_convertPalette</name>
         <load_address>0x7348</load_address>
         <run_address>0x7348</run_address>
         <size>0x6c</size>
         <input_file_ref idref="fl-116"/>
      </object_component>
      <object_component id="oc-8bf">
         <name>.text:HOSTrename</name>
         <load_address>0x73b4</load_address>
         <run_address>0x73b4</run_address>
         <size>0x6c</size>
         <input_file_ref idref="fl-105"/>
      </object_component>
      <object_component id="oc-38d">
         <name>.text:I2C_masterSendMultiByteFinish</name>
         <load_address>0x7420</load_address>
         <run_address>0x7420</run_address>
         <size>0x6c</size>
         <input_file_ref idref="fl-11e"/>
      </object_component>
      <object_component id="oc-8b3">
         <name>.text:HOSTlseek</name>
         <load_address>0x748c</load_address>
         <run_address>0x748c</run_address>
         <size>0x68</size>
         <input_file_ref idref="fl-102"/>
      </object_component>
      <object_component id="oc-381">
         <name>.text:I2C_masterSendMultiByteStart</name>
         <load_address>0x74f4</load_address>
         <run_address>0x74f4</run_address>
         <size>0x68</size>
         <input_file_ref idref="fl-11e"/>
      </object_component>
      <object_component id="oc-242">
         <name>.text:Timer_A_configureUpMode</name>
         <load_address>0x755c</load_address>
         <run_address>0x755c</run_address>
         <size>0x68</size>
         <input_file_ref idref="fl-125"/>
      </object_component>
      <object_component id="oc-36d">
         <name>.text:_chkmbc</name>
         <load_address>0x75c4</load_address>
         <run_address>0x75c4</run_address>
         <size>0x68</size>
         <input_file_ref idref="fl-cb"/>
      </object_component>
      <object_component id="oc-17">
         <name>.text:decompress:lzss:__TI_decompress_lzss</name>
         <load_address>0x762c</load_address>
         <run_address>0x762c</run_address>
         <size>0x68</size>
         <input_file_ref idref="fl-db"/>
      </object_component>
      <object_component id="oc-f3">
         <name>.text:printf</name>
         <load_address>0x7694</load_address>
         <run_address>0x7694</run_address>
         <size>0x68</size>
         <input_file_ref idref="fl-c8"/>
      </object_component>
      <object_component id="oc-e7">
         <name>.text:UART_getEnabledInterruptStatus</name>
         <load_address>0x76fc</load_address>
         <run_address>0x76fc</run_address>
         <size>0x64</size>
         <input_file_ref idref="fl-126"/>
      </object_component>
      <object_component id="oc-70f">
         <name>.text:frexp</name>
         <load_address>0x7760</load_address>
         <run_address>0x7760</run_address>
         <size>0x64</size>
         <input_file_ref idref="fl-ee"/>
      </object_component>
      <object_component id="oc-7f4">
         <name>.text:fseek</name>
         <load_address>0x77c4</load_address>
         <run_address>0x77c4</run_address>
         <size>0x64</size>
         <input_file_ref idref="fl-f3"/>
      </object_component>
      <object_component id="oc-4d8">
         <name>.text:I2C_initMaster</name>
         <load_address>0x7828</load_address>
         <run_address>0x7828</run_address>
         <size>0x62</size>
         <input_file_ref idref="fl-11e"/>
      </object_component>
      <object_component id="oc-740">
         <name>.text:__TI_wrt_ok</name>
         <load_address>0x788a</load_address>
         <run_address>0x788a</run_address>
         <size>0x62</size>
         <input_file_ref idref="fl-ce"/>
      </object_component>
      <object_component id="oc-89b">
         <name>.text:HOSTopen</name>
         <load_address>0x78ec</load_address>
         <run_address>0x78ec</run_address>
         <size>0x60</size>
         <input_file_ref idref="fl-103"/>
      </object_component>
      <object_component id="oc-660">
         <name>.text:PCM_getCoreVoltageLevel</name>
         <load_address>0x794c</load_address>
         <run_address>0x794c</run_address>
         <size>0x5e</size>
         <input_file_ref idref="fl-120"/>
      </object_component>
      <object_component id="oc-8d7">
         <name>.text:close</name>
         <load_address>0x79ac</load_address>
         <run_address>0x79ac</run_address>
         <size>0x5c</size>
         <input_file_ref idref="fl-111"/>
      </object_component>
      <object_component id="oc-65a">
         <name>.text:PCM_getPowerMode</name>
         <load_address>0x7a08</load_address>
         <run_address>0x7a08</run_address>
         <size>0x5a</size>
         <input_file_ref idref="fl-120"/>
      </object_component>
      <object_component id="oc-25a">
         <name>.text:GPIO_setAsInputPinWithPullUpResistor</name>
         <load_address>0x7a64</load_address>
         <run_address>0x7a64</run_address>
         <size>0x58</size>
         <input_file_ref idref="fl-11d"/>
      </object_component>
      <object_component id="oc-8a7">
         <name>.text:HOSTread</name>
         <load_address>0x7abc</load_address>
         <run_address>0x7abc</run_address>
         <size>0x58</size>
         <input_file_ref idref="fl-104"/>
      </object_component>
      <object_component id="oc-8ad">
         <name>.text:HOSTwrite</name>
         <load_address>0x7b14</load_address>
         <run_address>0x7b14</run_address>
         <size>0x58</size>
         <input_file_ref idref="fl-107"/>
      </object_component>
      <object_component id="oc-554">
         <name>.text:_pconv_f</name>
         <load_address>0x7b6c</load_address>
         <run_address>0x7b6c</run_address>
         <size>0x56</size>
         <input_file_ref idref="fl-c9"/>
      </object_component>
      <object_component id="oc-284">
         <name>.text:ADC14_initModule</name>
         <load_address>0x7bc4</load_address>
         <run_address>0x7bc4</run_address>
         <size>0x54</size>
         <input_file_ref idref="fl-11a"/>
      </object_component>
      <object_component id="oc-6e4">
         <name>.text:__TI_ltoa</name>
         <load_address>0x7c18</load_address>
         <run_address>0x7c18</run_address>
         <size>0x54</size>
         <input_file_ref idref="fl-de"/>
      </object_component>
      <object_component id="oc-2a2">
         <name>.text:Graphics_initContext</name>
         <load_address>0x7c6c</load_address>
         <run_address>0x7c6c</run_address>
         <size>0x52</size>
         <input_file_ref idref="fl-113"/>
      </object_component>
      <object_component id="oc-6f4">
         <name>.text:_ecpy</name>
         <load_address>0x7cbe</load_address>
         <run_address>0x7cbe</run_address>
         <size>0x52</size>
         <input_file_ref idref="fl-c9"/>
      </object_component>
      <object_component id="oc-74c">
         <name>.text:__TI_doflush</name>
         <load_address>0x7d10</load_address>
         <run_address>0x7d10</run_address>
         <size>0x4c</size>
         <input_file_ref idref="fl-f1"/>
      </object_component>
      <object_component id="oc-53d">
         <name>.text:atoi</name>
         <load_address>0x7d5c</load_address>
         <run_address>0x7d5c</run_address>
         <size>0x4c</size>
         <input_file_ref idref="fl-df"/>
      </object_component>
      <object_component id="oc-230">
         <name>.text:FlashCtl_setWaitState</name>
         <load_address>0x7da8</load_address>
         <run_address>0x7da8</run_address>
         <size>0x48</size>
         <input_file_ref idref="fl-11c"/>
      </object_component>
      <object_component id="oc-1d9">
         <name>.text:Graphics_drawStringCentered</name>
         <load_address>0x7df0</load_address>
         <run_address>0x7df0</run_address>
         <size>0x48</size>
         <input_file_ref idref="fl-119"/>
      </object_component>
      <object_component id="oc-188">
         <name>.text:exit</name>
         <load_address>0x7e38</load_address>
         <run_address>0x7e38</run_address>
         <size>0x48</size>
         <input_file_ref idref="fl-dc"/>
      </object_component>
      <object_component id="oc-6df">
         <name>.text</name>
         <load_address>0x7e80</load_address>
         <run_address>0x7e80</run_address>
         <size>0x48</size>
         <input_file_ref idref="fl-d4"/>
      </object_component>
      <object_component id="oc-40e">
         <name>.text:Graphics_drawMultiplePixelsOnDisplay</name>
         <load_address>0x7ec8</load_address>
         <run_address>0x7ec8</run_address>
         <size>0x46</size>
         <input_file_ref idref="fl-114"/>
      </object_component>
      <object_component id="oc-8a1">
         <name>.text:HOSTclose</name>
         <load_address>0x7f10</load_address>
         <run_address>0x7f10</run_address>
         <size>0x44</size>
         <input_file_ref idref="fl-101"/>
      </object_component>
      <object_component id="oc-8b9">
         <name>.text:HOSTunlink</name>
         <load_address>0x7f54</load_address>
         <run_address>0x7f54</run_address>
         <size>0x44</size>
         <input_file_ref idref="fl-106"/>
      </object_component>
      <object_component id="oc-18e">
         <name>.text:__TI_auto_init_nobinit_nopinit:__TI_auto_init_nobinit_nopinit</name>
         <load_address>0x7f98</load_address>
         <run_address>0x7f98</run_address>
         <size>0x44</size>
         <input_file_ref idref="fl-f6"/>
      </object_component>
      <object_component id="oc-909">
         <name>.text:getdevice</name>
         <load_address>0x7fdc</load_address>
         <run_address>0x7fdc</run_address>
         <size>0x44</size>
         <input_file_ref idref="fl-10d"/>
      </object_component>
      <object_component id="oc-254">
         <name>.text:GPIO_setAsOutputPin</name>
         <load_address>0x8020</load_address>
         <run_address>0x8020</run_address>
         <size>0x40</size>
         <input_file_ref idref="fl-11d"/>
      </object_component>
      <object_component id="oc-62d">
         <name>.text:Graphics_getNumberOfLeadingZeros</name>
         <load_address>0x8060</load_address>
         <run_address>0x8060</run_address>
         <size>0x40</size>
         <input_file_ref idref="fl-119"/>
      </object_component>
      <object_component id="oc-3ab">
         <name>.text:I2C_masterReceiveMultiByteFinish</name>
         <load_address>0x80a0</load_address>
         <run_address>0x80a0</run_address>
         <size>0x40</size>
         <input_file_ref idref="fl-11e"/>
      </object_component>
      <object_component id="oc-797">
         <name>.text:is_A_Module</name>
         <load_address>0x80e0</load_address>
         <run_address>0x80e0</run_address>
         <size>0x40</size>
         <input_file_ref idref="fl-122"/>
      </object_component>
      <object_component id="oc-1f1">
         <name>.text:sprintf</name>
         <load_address>0x8120</load_address>
         <run_address>0x8120</run_address>
         <size>0x40</size>
         <input_file_ref idref="fl-ca"/>
      </object_component>
      <object_component id="oc-707">
         <name>.text:_fcpy</name>
         <load_address>0x8160</load_address>
         <run_address>0x8160</run_address>
         <size>0x3e</size>
         <input_file_ref idref="fl-c9"/>
      </object_component>
      <object_component id="oc-12a">
         <name>.text:ADC14_getEnabledInterruptStatus</name>
         <load_address>0x81a0</load_address>
         <run_address>0x81a0</run_address>
         <size>0x38</size>
         <input_file_ref idref="fl-11a"/>
      </object_component>
      <object_component id="oc-4f0">
         <name>.text:I2C_masterSendMultiByteStop</name>
         <load_address>0x81d8</load_address>
         <run_address>0x81d8</run_address>
         <size>0x38</size>
         <input_file_ref idref="fl-11e"/>
      </object_component>
      <object_component id="oc-8e8">
         <name>.text:__TI_writemsg</name>
         <load_address>0x8210</load_address>
         <run_address>0x8210</run_address>
         <size>0x38</size>
         <input_file_ref idref="fl-108"/>
      </object_component>
      <object_component id="oc-105">
         <name>.text:sscanf</name>
         <load_address>0x8248</load_address>
         <run_address>0x8248</run_address>
         <size>0x38</size>
         <input_file_ref idref="fl-cb"/>
      </object_component>
      <object_component id="oc-61a">
         <name>.text:Graphics_drawHorizontalLineOnDisplay</name>
         <load_address>0x8280</load_address>
         <run_address>0x8280</run_address>
         <size>0x36</size>
         <input_file_ref idref="fl-114"/>
      </object_component>
      <object_component id="oc-44b">
         <name>.text:Graphics_drawVerticalLineOnDisplay</name>
         <load_address>0x82b6</load_address>
         <run_address>0x82b6</run_address>
         <size>0x36</size>
         <input_file_ref idref="fl-114"/>
      </object_component>
      <object_component id="oc-929">
         <name>.text:strncpy</name>
         <load_address>0x82ec</load_address>
         <run_address>0x82ec</run_address>
         <size>0x36</size>
         <input_file_ref idref="fl-10f"/>
      </object_component>
      <object_component id="oc-28a">
         <name>.text:ADC14_enableSampleTimer</name>
         <load_address>0x8324</load_address>
         <run_address>0x8324</run_address>
         <size>0x34</size>
         <input_file_ref idref="fl-11a"/>
      </object_component>
      <object_component id="oc-236">
         <name>.text:CS_setDCOCenteredFrequency</name>
         <load_address>0x8358</load_address>
         <run_address>0x8358</run_address>
         <size>0x34</size>
         <input_file_ref idref="fl-11b"/>
      </object_component>
      <object_component id="oc-387">
         <name>.text:I2C_masterSendMultiByteNext</name>
         <load_address>0x838c</load_address>
         <run_address>0x838c</run_address>
         <size>0x34</size>
         <input_file_ref idref="fl-11e"/>
      </object_component>
      <object_component id="oc-d7">
         <name>.text:UART_transmitData</name>
         <load_address>0x83c0</load_address>
         <run_address>0x83c0</run_address>
         <size>0x34</size>
         <input_file_ref idref="fl-126"/>
      </object_component>
      <object_component id="oc-852">
         <name>.text:__TI_cleanup</name>
         <load_address>0x83f4</load_address>
         <run_address>0x83f4</run_address>
         <size>0x34</size>
         <input_file_ref idref="fl-f2"/>
      </object_component>
      <object_component id="oc-8ee">
         <name>.text:__TI_readmsg</name>
         <load_address>0x8428</load_address>
         <run_address>0x8428</run_address>
         <size>0x34</size>
         <input_file_ref idref="fl-108"/>
      </object_component>
      <object_component id="oc-58">
         <name>.text:_c_int00_noargs:_c_int00_noargs</name>
         <load_address>0x845c</load_address>
         <run_address>0x845c</run_address>
         <size>0x34</size>
         <input_file_ref idref="fl-e9"/>
      </object_component>
      <object_component id="oc-130">
         <name>.text:ADC14_clearInterruptFlag</name>
         <load_address>0x8490</load_address>
         <run_address>0x8490</run_address>
         <size>0x30</size>
         <input_file_ref idref="fl-11a"/>
      </object_component>
      <object_component id="oc-278">
         <name>.text:ADC14_enableInterrupt</name>
         <load_address>0x84c0</load_address>
         <run_address>0x84c0</run_address>
         <size>0x30</size>
         <input_file_ref idref="fl-11a"/>
      </object_component>
      <object_component id="oc-2c0">
         <name>.text:UART_enableInterrupt</name>
         <load_address>0x84f0</load_address>
         <run_address>0x84f0</run_address>
         <size>0x30</size>
         <input_file_ref idref="fl-126"/>
      </object_component>
      <object_component id="oc-ed">
         <name>.text:UART_receiveData</name>
         <load_address>0x8520</load_address>
         <run_address>0x8520</run_address>
         <size>0x30</size>
         <input_file_ref idref="fl-126"/>
      </object_component>
      <object_component id="oc-92f">
         <name>.text:finddevice</name>
         <load_address>0x8550</load_address>
         <run_address>0x8550</run_address>
         <size>0x30</size>
         <input_file_ref idref="fl-10d"/>
      </object_component>
      <object_component id="oc-6ea">
         <name>.text</name>
         <load_address>0x8580</load_address>
         <run_address>0x8580</run_address>
         <size>0x2e</size>
         <input_file_ref idref="fl-d5"/>
      </object_component>
      <object_component id="oc-3c0">
         <name>.text:ADC14_getInterruptStatus</name>
         <load_address>0x85b0</load_address>
         <run_address>0x85b0</run_address>
         <size>0x2c</size>
         <input_file_ref idref="fl-11a"/>
      </object_component>
      <object_component id="oc-296">
         <name>.text:ADC14_toggleConversionTrigger</name>
         <load_address>0x85dc</load_address>
         <run_address>0x85dc</run_address>
         <size>0x2c</size>
         <input_file_ref idref="fl-11a"/>
      </object_component>
      <object_component id="oc-414">
         <name>.text:Graphics_drawPixelOnDisplay</name>
         <load_address>0x8608</load_address>
         <run_address>0x8608</run_address>
         <size>0x2c</size>
         <input_file_ref idref="fl-114"/>
      </object_component>
      <object_component id="oc-ff">
         <name>.text:strncmp</name>
         <load_address>0x8634</load_address>
         <run_address>0x8634</run_address>
         <size>0x2c</size>
         <input_file_ref idref="fl-e8"/>
      </object_component>
      <object_component id="oc-8dd">
         <name>.text:unlink</name>
         <load_address>0x8660</load_address>
         <run_address>0x8660</run_address>
         <size>0x2c</size>
         <input_file_ref idref="fl-112"/>
      </object_component>
      <object_component id="oc-290">
         <name>.text:ADC14_enableConversion</name>
         <load_address>0x868c</load_address>
         <run_address>0x868c</run_address>
         <size>0x28</size>
         <input_file_ref idref="fl-11a"/>
      </object_component>
      <object_component id="oc-136">
         <name>.text:ADC14_getResult</name>
         <load_address>0x86b4</load_address>
         <run_address>0x86b4</run_address>
         <size>0x28</size>
         <input_file_ref idref="fl-11a"/>
      </object_component>
      <object_component id="oc-148">
         <name>.text:GPIO_clearInterruptFlag</name>
         <load_address>0x86dc</load_address>
         <run_address>0x86dc</run_address>
         <size>0x28</size>
         <input_file_ref idref="fl-11d"/>
      </object_component>
      <object_component id="oc-260">
         <name>.text:GPIO_enableInterrupt</name>
         <load_address>0x8704</load_address>
         <run_address>0x8704</run_address>
         <size>0x28</size>
         <input_file_ref idref="fl-11d"/>
      </object_component>
      <object_component id="oc-d1">
         <name>.text:GPIO_setOutputHighOnPin</name>
         <load_address>0x872c</load_address>
         <run_address>0x872c</run_address>
         <size>0x28</size>
         <input_file_ref idref="fl-11d"/>
      </object_component>
      <object_component id="oc-cb">
         <name>.text:GPIO_setOutputLowOnPin</name>
         <load_address>0x8754</load_address>
         <run_address>0x8754</run_address>
         <size>0x28</size>
         <input_file_ref idref="fl-11d"/>
      </object_component>
      <object_component id="oc-2d6">
         <name>.text:PCM_gotoLPM0</name>
         <load_address>0x877c</load_address>
         <run_address>0x877c</run_address>
         <size>0x28</size>
         <input_file_ref idref="fl-120"/>
      </object_component>
      <object_component id="oc-881">
         <name>.text:free_list_insert</name>
         <load_address>0x87a4</load_address>
         <run_address>0x87a4</run_address>
         <size>0x28</size>
         <input_file_ref idref="fl-e4"/>
      </object_component>
      <object_component id="oc-83e">
         <name>.text:lseek</name>
         <load_address>0x87cc</load_address>
         <run_address>0x87cc</run_address>
         <size>0x28</size>
         <input_file_ref idref="fl-10a"/>
      </object_component>
      <object_component id="oc-752">
         <name>.text:write</name>
         <load_address>0x87f4</load_address>
         <run_address>0x87f4</run_address>
         <size>0x28</size>
         <input_file_ref idref="fl-ea"/>
      </object_component>
      <object_component id="oc-3d4">
         <name>.text:GPIO_getInterruptStatus</name>
         <load_address>0x881c</load_address>
         <run_address>0x881c</run_address>
         <size>0x24</size>
         <input_file_ref idref="fl-11d"/>
      </object_component>
      <object_component id="oc-218">
         <name>.text:WDT_A_holdTimer</name>
         <load_address>0x8840</load_address>
         <run_address>0x8840</run_address>
         <size>0x24</size>
         <input_file_ref idref="fl-127"/>
      </object_component>
      <object_component id="oc-746">
         <name>.text:memchr</name>
         <load_address>0x8864</load_address>
         <run_address>0x8864</run_address>
         <size>0x20</size>
         <input_file_ref idref="fl-e3"/>
      </object_component>
      <object_component id="oc-37b">
         <name>.text:I2C_setMode</name>
         <load_address>0x8884</load_address>
         <run_address>0x8884</run_address>
         <size>0x1c</size>
         <input_file_ref idref="fl-11e"/>
      </object_component>
      <object_component id="oc-bf">
         <name>.text:PCM_gotoLPM0InterruptSafe</name>
         <load_address>0x88a0</load_address>
         <run_address>0x88a0</run_address>
         <size>0x1c</size>
         <input_file_ref idref="fl-120"/>
      </object_component>
      <object_component id="oc-691">
         <name>.text:SPI_enableModule</name>
         <load_address>0x88bc</load_address>
         <run_address>0x88bc</run_address>
         <size>0x1c</size>
         <input_file_ref idref="fl-122"/>
      </object_component>
      <object_component id="oc-87b">
         <name>.text:free_list_remove</name>
         <load_address>0x88d8</load_address>
         <run_address>0x88d8</run_address>
         <size>0x1c</size>
         <input_file_ref idref="fl-e4"/>
      </object_component>
      <object_component id="oc-566">
         <name>.text:memccpy</name>
         <load_address>0x88f4</load_address>
         <run_address>0x88f4</run_address>
         <size>0x1c</size>
         <input_file_ref idref="fl-e2"/>
      </object_component>
      <object_component id="oc-2e3">
         <name>.text:Graphics_clearDisplayOnDisplay</name>
         <load_address>0x8910</load_address>
         <run_address>0x8910</run_address>
         <size>0x1a</size>
         <input_file_ref idref="fl-114"/>
      </object_component>
      <object_component id="oc-200">
         <name>.text:Graphics_setBackgroundColor</name>
         <load_address>0x892a</load_address>
         <run_address>0x892a</run_address>
         <size>0x1a</size>
         <input_file_ref idref="fl-113"/>
      </object_component>
      <object_component id="oc-2a8">
         <name>.text:Graphics_setFont</name>
         <load_address>0x8944</load_address>
         <run_address>0x8944</run_address>
         <size>0x1a</size>
         <input_file_ref idref="fl-113"/>
      </object_component>
      <object_component id="oc-399">
         <name>.text:I2C_masterReceiveStart</name>
         <load_address>0x895e</load_address>
         <run_address>0x895e</run_address>
         <size>0x1a</size>
         <input_file_ref idref="fl-11e"/>
      </object_component>
      <object_component id="oc-7da">
         <name>.text:copysign</name>
         <load_address>0x8978</load_address>
         <run_address>0x8978</run_address>
         <size>0x1a</size>
         <input_file_ref idref="fl-10b"/>
      </object_component>
      <object_component id="oc-39f">
         <name>.text:I2C_getInterruptStatus</name>
         <load_address>0x8992</load_address>
         <run_address>0x8992</run_address>
         <size>0x18</size>
         <input_file_ref idref="fl-11e"/>
      </object_component>
      <object_component id="oc-393">
         <name>.text:I2C_isBusBusy</name>
         <load_address>0x89ac</load_address>
         <run_address>0x89ac</run_address>
         <size>0x18</size>
         <input_file_ref idref="fl-11e"/>
      </object_component>
      <object_component id="oc-330">
         <name>.text:UART_getInterruptStatus</name>
         <load_address>0x89c4</load_address>
         <run_address>0x89c4</run_address>
         <size>0x18</size>
         <input_file_ref idref="fl-126"/>
      </object_component>
      <object_component id="oc-455">
         <name>.text:_outs</name>
         <load_address>0x89dc</load_address>
         <run_address>0x89dc</run_address>
         <size>0x18</size>
         <input_file_ref idref="fl-ca"/>
      </object_component>
      <object_component id="oc-75e">
         <name>.text</name>
         <load_address>0x89f4</load_address>
         <run_address>0x89f4</run_address>
         <size>0x18</size>
         <input_file_ref idref="fl-10e"/>
      </object_component>
      <object_component id="oc-f9">
         <name>.text:strcmp</name>
         <load_address>0x8a0c</load_address>
         <run_address>0x8a0c</run_address>
         <size>0x18</size>
         <input_file_ref idref="fl-e6"/>
      </object_component>
      <object_component id="oc-5d7">
         <name>.text:strrchr</name>
         <load_address>0x8a24</load_address>
         <run_address>0x8a24</run_address>
         <size>0x18</size>
         <input_file_ref idref="fl-fb"/>
      </object_component>
      <object_component id="oc-79f">
         <name>.text:EUSCI_A_SPI_enable</name>
         <load_address>0x8a3c</load_address>
         <run_address>0x8a3c</run_address>
         <size>0x16</size>
         <input_file_ref idref="fl-122"/>
      </object_component>
      <object_component id="oc-7a5">
         <name>.text:EUSCI_B_SPI_enable</name>
         <load_address>0x8a52</load_address>
         <run_address>0x8a52</run_address>
         <size>0x16</size>
         <input_file_ref idref="fl-122"/>
      </object_component>
      <object_component id="oc-1d3">
         <name>.text:Graphics_setForegroundColor</name>
         <load_address>0x8a68</load_address>
         <run_address>0x8a68</run_address>
         <size>0x16</size>
         <input_file_ref idref="fl-113"/>
      </object_component>
      <object_component id="oc-41e">
         <name>.text:Graphics_translateColorOnDisplay</name>
         <load_address>0x8a7e</load_address>
         <run_address>0x8a7e</run_address>
         <size>0x16</size>
         <input_file_ref idref="fl-114"/>
      </object_component>
      <object_component id="oc-4ea">
         <name>.text:I2C_clearInterruptFlag</name>
         <load_address>0x8a94</load_address>
         <run_address>0x8a94</run_address>
         <size>0x16</size>
         <input_file_ref idref="fl-11e"/>
      </object_component>
      <object_component id="oc-4de">
         <name>.text:I2C_disableModule</name>
         <load_address>0x8aaa</load_address>
         <run_address>0x8aaa</run_address>
         <size>0x16</size>
         <input_file_ref idref="fl-11e"/>
      </object_component>
      <object_component id="oc-4e4">
         <name>.text:I2C_enableModule</name>
         <load_address>0x8ac0</load_address>
         <run_address>0x8ac0</run_address>
         <size>0x16</size>
         <input_file_ref idref="fl-11e"/>
      </object_component>
      <object_component id="oc-117">
         <name>.text:Timer_A_clearInterruptFlag</name>
         <load_address>0x8ad6</load_address>
         <run_address>0x8ad6</run_address>
         <size>0x16</size>
         <input_file_ref idref="fl-125"/>
      </object_component>
      <object_component id="oc-24e">
         <name>.text:Timer_A_startCounter</name>
         <load_address>0x8aec</load_address>
         <run_address>0x8aec</run_address>
         <size>0x16</size>
         <input_file_ref idref="fl-125"/>
      </object_component>
      <object_component id="oc-2ba">
         <name>.text:UART_enableModule</name>
         <load_address>0x8b02</load_address>
         <run_address>0x8b02</run_address>
         <size>0x16</size>
         <input_file_ref idref="fl-126"/>
      </object_component>
      <object_component id="oc-5dd">
         <name>.text:strchr</name>
         <load_address>0x8b18</load_address>
         <run_address>0x8b18</run_address>
         <size>0x16</size>
         <input_file_ref idref="fl-e5"/>
      </object_component>
      <object_component id="oc-3a5">
         <name>.text:I2C_masterReceiveMultiByteNext</name>
         <load_address>0x8b2e</load_address>
         <run_address>0x8b2e</run_address>
         <size>0x14</size>
         <input_file_ref idref="fl-11e"/>
      </object_component>
      <object_component id="oc-4f6">
         <name>.text:I2C_setSlaveAddress</name>
         <load_address>0x8b42</load_address>
         <run_address>0x8b42</run_address>
         <size>0x14</size>
         <input_file_ref idref="fl-11e"/>
      </object_component>
      <object_component id="oc-666">
         <name>.text:PCM_getPowerState</name>
         <load_address>0x8b58</load_address>
         <run_address>0x8b58</run_address>
         <size>0x14</size>
         <input_file_ref idref="fl-120"/>
      </object_component>
      <object_component id="oc-5ab">
         <name>.text:strcpy</name>
         <load_address>0x8b6c</load_address>
         <run_address>0x8b6c</run_address>
         <size>0x14</size>
         <input_file_ref idref="fl-fa"/>
      </object_component>
      <object_component id="oc-537">
         <name>.text:strlen</name>
         <load_address>0x8b80</load_address>
         <run_address>0x8b80</run_address>
         <size>0x14</size>
         <input_file_ref idref="fl-e7"/>
      </object_component>
      <object_component id="oc-c5">
         <name>.text:Graphics_clearDisplay</name>
         <load_address>0x8b94</load_address>
         <run_address>0x8b94</run_address>
         <size>0x12</size>
         <input_file_ref idref="fl-113"/>
      </object_component>
      <object_component id="oc-361">
         <name>.text:_inpchar</name>
         <load_address>0x8ba6</load_address>
         <run_address>0x8ba6</run_address>
         <size>0x12</size>
         <input_file_ref idref="fl-cb"/>
      </object_component>
      <object_component id="oc-56c">
         <name>.text:wcslen</name>
         <load_address>0x8bb8</load_address>
         <run_address>0x8bb8</run_address>
         <size>0x12</size>
         <input_file_ref idref="fl-ed"/>
      </object_component>
      <object_component id="oc-4ae">
         <name>.text:ADCIsConversionRunning</name>
         <load_address>0x8bcc</load_address>
         <run_address>0x8bcc</run_address>
         <size>0x10</size>
         <input_file_ref idref="fl-11a"/>
      </object_component>
      <object_component id="oc-21e">
         <name>.text:Interrupt_disableMaster</name>
         <load_address>0x8bdc</load_address>
         <run_address>0x8bdc</run_address>
         <size>0x10</size>
         <input_file_ref idref="fl-11f"/>
      </object_component>
      <object_component id="oc-111">
         <name>.text:Interrupt_disableSleepOnIsrExit</name>
         <load_address>0x8bec</load_address>
         <run_address>0x8bec</run_address>
         <size>0x10</size>
         <input_file_ref idref="fl-11f"/>
      </object_component>
      <object_component id="oc-2dc">
         <name>.text:Interrupt_enableMaster</name>
         <load_address>0x8bfc</load_address>
         <run_address>0x8bfc</run_address>
         <size>0x10</size>
         <input_file_ref idref="fl-11f"/>
      </object_component>
      <object_component id="oc-224">
         <name>.text:Interrupt_enableSleepOnIsrExit</name>
         <load_address>0x8c0c</load_address>
         <run_address>0x8c0c</run_address>
         <size>0x10</size>
         <input_file_ref idref="fl-11f"/>
      </object_component>
      <object_component id="oc-22a">
         <name>.text:PCM_setCoreVoltageLevel</name>
         <load_address>0x8c1c</load_address>
         <run_address>0x8c1c</run_address>
         <size>0x10</size>
         <input_file_ref idref="fl-120"/>
      </object_component>
      <object_component id="oc-66c">
         <name>.text:PCM_setPowerMode</name>
         <load_address>0x8c2c</load_address>
         <run_address>0x8c2c</run_address>
         <size>0x10</size>
         <input_file_ref idref="fl-120"/>
      </object_component>
      <object_component id="oc-1d">
         <name>.text:decompress:none:__TI_decompress_none</name>
         <load_address>0x8c3c</load_address>
         <run_address>0x8c3c</run_address>
         <size>0xe</size>
         <input_file_ref idref="fl-da"/>
      </object_component>
      <object_component id="oc-6a">
         <name>.text</name>
         <load_address>0x8c4a</load_address>
         <run_address>0x8c4a</run_address>
         <size>0xe</size>
         <input_file_ref idref="fl-3"/>
      </object_component>
      <object_component id="oc-27e">
[...]
         <object_component_ref idref="oc-1ca"/>
      </symbol>
      <symbol id="sm-ea8">
         <name>Graphics_drawLineH</name>
         <value>0x6a01</value>
         <object_component_ref idref="oc-400"/>
      </symbol>
      <symbol id="sm-ea9">
         <name>Graphics_drawLineV</name>
         <value>0x6a9d</value>
         <object_component_ref idref="oc-1e8"/>
      </symbol>
      <symbol id="sm-eb7">
         <name>Graphics_drawRectangle</name>
         <value>0x695f</value>
         <object_component_ref idref="oc-1c4"/>
      </symbol>
      <symbol id="sm-f0f">
         <name>Graphics_drawStringCentered</name>
         <value>0x7df1</value>
         <object_component_ref idref="oc-1d9"/>
      </symbol>
      <symbol id="sm-f10">
         <name>Graphics_drawString</name>
         <value>0x3261</value>
         <object_component_ref idref="oc-42b"/>
      </symbol>
      <symbol id="sm-f11">
         <name>Graphics_getStringWidth</name>
         <value>0x630d</value>
         <object_component_ref idref="oc-425"/>
      </symbol>
      <symbol id="sm-1008">
         <name>ADC14_enableInterrupt</name>
         <value>0x84c1</value>
         <object_component_ref idref="oc-278"/>
      </symbol>
      <symbol id="sm-1009">
         <name>ADC14_getInterruptStatus</name>
         <value>0x85b1</value>
         <object_component_ref idref="oc-3c0"/>
      </symbol>
      <symbol id="sm-100a">
         <name>ADC14_enableSampleTimer</name>
         <value>0x8325</value>
         <object_component_ref idref="oc-28a"/>
      </symbol>
      <symbol id="sm-100b">
         <name>ADC14_enableConversion</name>
         <value>0x868d</value>
         <object_component_ref idref="oc-290"/>
      </symbol>
      <symbol id="sm-100c">
         <name>ADC14_toggleConversionTrigger</name>
         <value>0x85dd</value>
         <object_component_ref idref="oc-296"/>
      </symbol>
      <symbol id="sm-100d">
         <name>ADC14_getEnabledInterruptStatus</name>
         <value>0x81a1</value>
         <object_component_ref idref="oc-12a"/>
      </symbol>
      <symbol id="sm-100e">
         <name>ADC14_initModule</name>
         <value>0x7bc5</value>
         <object_component_ref idref="oc-284"/>
      </symbol>
      <symbol id="sm-100f">
         <name>ADC14_configureMultiSequenceMode</name>
         <value>0x6749</value>
         <object_component_ref idref="oc-26c"/>
      </symbol>
      <symbol id="sm-1010">
         <name>ADC14_clearInterruptFlag</name>
         <value>0x8491</value>
         <object_component_ref idref="oc-130"/>
      </symbol>
      <symbol id="sm-1011">
         <name>ADC14_configureConversionMemory</name>
         <value>0x6695</value>
         <object_component_ref idref="oc-272"/>
      </symbol>
      <symbol id="sm-1012">
         <name>ADC14_enableModule</name>
         <value>0x8c59</value>
         <object_component_ref idref="oc-27e"/>
      </symbol>
      <symbol id="sm-1013">
         <name>ADC14_getResult</name>
         <value>0x86b5</value>
         <object_component_ref idref="oc-136"/>
      </symbol>
      <symbol id="sm-1042">
         <name>CS_setDCOCenteredFrequency</name>
         <value>0x8359</value>
         <object_component_ref idref="oc-236"/>
      </symbol>
      <symbol id="sm-1043">
         <name>CS_initClockSignal</name>
         <value>0x571d</value>
         <object_component_ref idref="oc-23c"/>
      </symbol>
      <symbol id="sm-1052">
         <name>FlashCtl_setWaitState</name>
         <value>0x7da9</value>
         <object_component_ref idref="oc-230"/>
      </symbol>
      <symbol id="sm-10d5">
         <name>GPIO_setOutputHighOnPin</name>
         <value>0x872d</value>
         <object_component_ref idref="oc-d1"/>
      </symbol>
      <symbol id="sm-10d6">
         <name>GPIO_setAsInputPinWithPullUpResistor</name>
         <value>0x7a65</value>
         <object_component_ref idref="oc-25a"/>
      </symbol>
      <symbol id="sm-10d7">
         <name>GPIO_getInterruptStatus</name>
         <value>0x881d</value>
         <object_component_ref idref="oc-3d4"/>
      </symbol>
      <symbol id="sm-10d8">
         <name>GPIO_enableInterrupt</name>
         <value>0x8705</value>
         <object_component_ref idref="oc-260"/>
      </symbol>
      <symbol id="sm-10d9">
         <name>GPIO_getEnabledInterruptStatus</name>
         <value>0x6f15</value>
         <object_component_ref idref="oc-142"/>
      </symbol>
      <symbol id="sm-10da">
         <name>GPIO_setAsOutputPin</name>
         <value>0x8021</value>
         <object_component_ref idref="oc-254"/>
      </symbol>
      <symbol id="sm-10db">
         <name>GPIO_setOutputLowOnPin</name>
         <value>0x8755</value>
         <object_component_ref idref="oc-cb"/>
      </symbol>
      <symbol id="sm-10dc">
         <name>GPIO_clearInterruptFlag</name>
         <value>0x86dd</value>
         <object_component_ref idref="oc-148"/>
      </symbol>
      <symbol id="sm-10dd">
         <name>GPIO_setAsPeripheralModuleFunctionOutputPin</name>
         <value>0x6d81</value>
         <object_component_ref idref="oc-4d2"/>
      </symbol>
      <symbol id="sm-10de">
         <name>GPIO_setAsPeripheralModuleFunctionInputPin</name>
         <value>0x6cf9</value>
         <object_component_ref idref="oc-266"/>
      </symbol>
      <symbol id="sm-119d">
         <name>I2C_masterSendMultiByteStop</name>
         <value>0x81d9</value>
         <object_component_ref idref="oc-4f0"/>
      </symbol>
      <symbol id="sm-119e">
         <name>I2C_masterSendMultiByteFinish</name>
         <value>0x7421</value>
         <object_component_ref idref="oc-38d"/>
      </symbol>
      <symbol id="sm-119f">
         <name>I2C_masterSendMultiByteNext</name>
         <value>0x838d</value>
         <object_component_ref idref="oc-387"/>
      </symbol>
      <symbol id="sm-11a0">
         <name>I2C_masterSendMultiByteStart</name>
         <value>0x74f5</value>
         <object_component_ref idref="oc-381"/>
      </symbol>
      <symbol id="sm-11a1">
         <name>I2C_masterSendSingleByte</name>
         <value>0x6f99</value>
         <object_component_ref idref="oc-3b1"/>
      </symbol>
      <symbol id="sm-11a2">
         <name>I2C_masterReceiveMultiByteNext</name>
         <value>0x8b2f</value>
         <object_component_ref idref="oc-3a5"/>
      </symbol>
      <symbol id="sm-11a3">
         <name>I2C_getInterruptStatus</name>
         <value>0x8993</value>
         <object_component_ref idref="oc-39f"/>
      </symbol>
      <symbol id="sm-11a4">
         <name>I2C_setMode</name>
         <value>0x8885</value>
         <object_component_ref idref="oc-37b"/>
      </symbol>
      <symbol id="sm-11a5">
         <name>I2C_isBusBusy</name>
         <value>0x89ad</value>
         <object_component_ref idref="oc-393"/>
      </symbol>
      <symbol id="sm-11a6">
         <name>I2C_masterReceiveMultiByteFinish</name>
         <value>0x80a1</value>
         <object_component_ref idref="oc-3ab"/>
      </symbol>
      <symbol id="sm-11a7">
         <name>I2C_enableModule</name>
         <value>0x8ac1</value>
         <object_component_ref idref="oc-4e4"/>
      </symbol>
      <symbol id="sm-11a8">
         <name>I2C_masterReceiveStart</name>
         <value>0x895f</value>
         <object_component_ref idref="oc-399"/>
      </symbol>
      <symbol id="sm-11a9">
         <name>I2C_clearInterruptFlag</name>
         <value>0x8a95</value>
         <object_component_ref idref="oc-4ea"/>
      </symbol>
      <symbol id="sm-11aa">
         <name>I2C_setSlaveAddress</name>
         <value>0x8b43</value>
         <object_component_ref idref="oc-4f6"/>
      </symbol>
      <symbol id="sm-11ab">
         <name>I2C_initMaster</name>
         <value>0x7829</value>
         <object_component_ref idref="oc-4d8"/>
      </symbol>
      <symbol id="sm-11ac">
         <name>I2C_masterReceiveSingleByte</name>
         <value>0x718d</value>
         <object_component_ref idref="oc-3b7"/>
      </symbol>
      <symbol id="sm-11ad">
         <name>I2C_disableModule</name>
         <value>0x8aab</value>
         <object_component_ref idref="oc-4de"/>
      </symbol>
      <symbol id="sm-11f0">
         <name>Interrupt_disableMaster</name>
         <value>0x8bdd</value>
         <object_component_ref idref="oc-21e"/>
      </symbol>
      <symbol id="sm-11f1">
         <name>Interrupt_enableSleepOnIsrExit</name>
         <value>0x8c0d</value>
         <object_component_ref idref="oc-224"/>
      </symbol>
      <symbol id="sm-11f2">
         <name>Interrupt_enableMaster</name>
         <value>0x8bfd</value>
         <object_component_ref idref="oc-2dc"/>
      </symbol>
      <symbol id="sm-11f3">
         <name>Interrupt_enableInterrupt</name>
         <value>0x701d</value>
         <object_component_ref idref="oc-248"/>
      </symbol>
      <symbol id="sm-11f4">
         <name>Interrupt_disableSleepOnIsrExit</name>
         <value>0x8bed</value>
         <object_component_ref idref="oc-111"/>
      </symbol>
      <symbol id="sm-1287">
         <name>PCM_setCoreVoltageLevel</name>
         <value>0x8c1d</value>
         <object_component_ref idref="oc-22a"/>
      </symbol>
      <symbol id="sm-1288">
         <name>PCM_getCoreVoltageLevel</name>
         <value>0x794d</value>
         <object_component_ref idref="oc-660"/>
      </symbol>
      <symbol id="sm-1289">
         <name>PCM_gotoLPM0InterruptSafe</name>
         <value>0x88a1</value>
         <object_component_ref idref="oc-bf"/>
      </symbol>
      <symbol id="sm-128a">
         <name>PCM_getPowerMode</name>
         <value>0x7a09</value>
         <object_component_ref idref="oc-65a"/>
      </symbol>
      <symbol id="sm-128b">
         <name>PCM_getPowerState</name>
         <value>0x8b59</value>
         <object_component_ref idref="oc-666"/>
      </symbol>
      <symbol id="sm-128c">
         <name>PCM_gotoLPM0</name>
         <value>0x877d</value>
         <object_component_ref idref="oc-2d6"/>
      </symbol>
      <symbol id="sm-128d">
         <name>PCM_setPowerMode</name>
         <value>0x8c2d</value>
         <object_component_ref idref="oc-66c"/>
      </symbol>
      <symbol id="sm-12cd">
         <name>EUSCI_B_SPI_enable</name>
         <value>0x8a53</value>
         <object_component_ref idref="oc-7a5"/>
      </symbol>
      <symbol id="sm-12ce">
         <name>SPI_enableModule</name>
         <value>0x88bd</value>
         <object_component_ref idref="oc-691"/>
      </symbol>
      <symbol id="sm-12cf">
         <name>EUSCI_A_SPI_enable</name>
         <value>0x8a3d</value>
         <object_component_ref idref="oc-79f"/>
      </symbol>
      <symbol id="sm-12d0">
         <name>SPI_initMaster</name>
         <value>0x68af</value>
         <object_component_ref idref="oc-68b"/>
      </symbol>
      <symbol id="sm-1310">
         <name>Timer_A_startCounter</name>
         <value>0x8aed</value>
         <object_component_ref idref="oc-24e"/>
      </symbol>
      <symbol id="sm-1311">
         <name>Timer_A_clearInterruptFlag</name>
         <value>0x8ad7</value>
         <object_component_ref idref="oc-117"/>
      </symbol>
      <symbol id="sm-1312">
         <name>Timer_A_configureUpMode</name>
         <value>0x755d</value>
         <object_component_ref idref="oc-242"/>
      </symbol>
      <symbol id="sm-1374">
         <name>UART_enableInterrupt</name>
         <value>0x84f1</value>
         <object_component_ref idref="oc-2c0"/>
      </symbol>
      <symbol id="sm-1375">
         <name>UART_receiveData</name>
         <value>0x8521</value>
         <object_component_ref idref="oc-ed"/>
      </symbol>
      <symbol id="sm-1376">
         <name>UART_enableModule</name>
         <value>0x8b03</value>
         <object_component_ref idref="oc-2ba"/>
      </symbol>
      <symbol id="sm-1377">
         <name>UART_getEnabledInterruptStatus</name>
         <value>0x76fd</value>
         <object_component_ref idref="oc-e7"/>
      </symbol>
      <symbol id="sm-1378">
         <name>UART_transmitData</name>
         <value>0x83c1</value>
         <object_component_ref idref="oc-d7"/>
      </symbol>
      <symbol id="sm-1379">
         <name>UART_getInterruptStatus</name>
         <value>0x89c5</value>
         <object_component_ref idref="oc-330"/>
      </symbol>
      <symbol id="sm-137a">
         <name>UART_initModule</name>
         <value>0x5aa1</value>
         <object_component_ref idref="oc-2b4"/>
      </symbol>
      <symbol id="sm-1386">
         <name>WDT_A_holdTimer</name>
         <value>0x8841</value>
         <object_component_ref idref="oc-218"/>
      </symbol>
      <symbol id="sm-13a0">
         <name>CPU_wfi</name>
         <value>0x8cad</value>
         <object_component_ref idref="oc-512"/>
      </symbol>
      <symbol id="sm-13a1">
         <name>CPU_cpsie</name>
         <value>0x8c71</value>
         <object_component_ref idref="oc-519"/>
      </symbol>
      <symbol id="sm-13a2">
         <name>CPU_cpsid</name>
         <value>0x8c65</value>
         <object_component_ref idref="oc-48b"/>
      </symbol>
      <symbol id="sm-13a3">
         <name>__TI_static_base__</name>
         <value>0x0</value>
      </symbol>
      <symbol id="sm-13a6">
         <name>__mpu_init</name>
         <value>0x0</value>
      </symbol>
      <symbol id="sm-13a7">
         <name>_system_post_cinit</name>
         <value>0x0</value>
      </symbol>
      <symbol id="sm-13a8">
         <name>NMI_Handler</name>
         <value>0x8c57</value>
      </symbol>
      <symbol id="sm-13a9">
         <name>HardFault_Handler</name>
         <value>0x8c57</value>
      </symbol>
      <symbol id="sm-13aa">
         <name>MemManage_Handler</name>
         <value>0x8c57</value>
      </symbol>
      <symbol id="sm-13ab">
         <name>BusFault_Handler</name>
         <value>0x8c57</value>
      </symbol>
      <symbol id="sm-13ac">
         <name>UsageFault_Handler</name>
         <value>0x8c57</value>
      </symbol>
      <symbol id="sm-13ad">
         <name>SVC_Handler</name>
         <value>0x8c57</value>
      </symbol>
      <symbol id="sm-13ae">
         <name>DebugMon_Handler</name>
         <value>0x8c57</value>
      </symbol>
      <symbol id="sm-13af">
         <name>PendSV_Handler</name>
         <value>0x8c57</value>
      </symbol>
      <symbol id="sm-13b0">
         <name>SysTick_Handler</name>
         <value>0x8c57</value>
      </symbol>
      <symbol id="sm-13b1">
         <name>PSS_IRQHandler</name>
         <value>0x8c57</value>
      </symbol>
      <symbol id="sm-13b2">
         <name>CS_IRQHandler</name>
         <value>0x8c57</value>
      </symbol>
      <symbol id="sm-13b3">
         <name>PCM_IRQHandler</name>
         <value>0x8c57</value>
      </symbol>
      <symbol id="sm-13b4">
         <name>WDT_A_IRQHandler</name>
         <value>0x8c57</value>
      </symbol>
      <symbol id="sm-13b5">
         <name>FPU_IRQHandler</name>
         <value>0x8c57</value>
      </symbol>
      <symbol id="sm-13b6">
         <name>FLCTL_IRQHandler</name>
         <value>0x8c57</value>
      </symbol>
      <symbol id="sm-13b7">
         <name>COMP_E0_IRQHandler</name>
         <value>0x8c57</value>
      </symbol>
      <symbol id="sm-13b8">
         <name>COMP_E1_IRQHandler</name>
         <value>0x8c57</value>
      </symbol>
      <symbol id="sm-13b9">
         <name>TA0_0_IRQHandler</name>
         <value>0x8c57</value>
      </symbol>
      <symbol id="sm-13ba">
         <name>TA0_N_IRQHandler</name>
         <value>0x441</value>
      </symbol>
      <symbol id="sm-13bb">
         <name>TA1_0_IRQHandler</name>
         <value>0x8c57</value>
      </symbol>
      <symbol id="sm-13bc">
         <name>TA1_N_IRQHandler</name>
         <value>0x8c57</value>
      </symbol>
      <symbol id="sm-13bd">
         <name>TA2_0_IRQHandler</name>
         <value>0x8c57</value>
      </symbol>
      <symbol id="sm-13be">
         <name>TA2_N_IRQHandler</name>
         <value>0x8c57</value>
      </symbol>
      <symbol id="sm-13bf">
         <name>TA3_0_IRQHandler</name>
         <value>0x8c57</value>
      </symbol>
      <symbol id="sm-13c0">
         <name>TA3_N_IRQHandler</name>
         <value>0x8c57</value>
      </symbol>
      <symbol id="sm-13c1">
         <name>EUSCIA0_IRQHandler</name>
         <value>0x8c57</value>
      </symbol>
      <symbol id="sm-13c2">
         <name>EUSCIA1_IRQHandler</name>
         <value>0x8c57</value>
      </symbol>
      <symbol id="sm-13c3">
         <name>EUSCIA2_IRQHandler</name>
         <value>0x1f9</value>
      </symbol>
      <symbol id="sm-13c4">
         <name>EUSCIA3_IRQHandler</name>
         <value>0x8c57</value>
      </symbol>
      <symbol id="sm-13c5">
         <name>EUSCIB0_IRQHandler</name>
         <value>0x8c57</value>
      </symbol>
      <symbol id="sm-13c6">
         <name>EUSCIB1_IRQHandler</name>
         <value>0x8c57</value>
      </symbol>
      <symbol id="sm-13c7">
         <name>EUSCIB2_IRQHandler</name>
         <value>0x8c57</value>
      </symbol>
      <symbol id="sm-13c8">
         <name>EUSCIB3_IRQHandler</name>
         <value>0x8c57</value>
      </symbol>
      <symbol id="sm-13c9">
         <name>ADC14_IRQHandler</name>
         <value>0x60d</value>
      </symbol>
      <symbol id="sm-13ca">
         <name>T32_INT1_IRQHandler</name>
         <value>0x8c57</value>
      </symbol>
      <symbol id="sm-13cb">
         <name>T32_INT2_IRQHandler</name>
         <value>0x8c57</value>
      </symbol>
      <symbol id="sm-13cc">
         <name>T32_INTC_IRQHandler</name>
         <value>0x8c57</value>
      </symbol>
      <symbol id="sm-13cd">
         <name>AES256_IRQHandler</name>
         <value>0x8c57</value>
      </symbol>
      <symbol id="sm-13ce">
         <name>RTC_C_IRQHandler</name>
         <value>0x8c57</value>
      </symbol>
      <symbol id="sm-13cf">
         <name>DMA_ERR_IRQHandler</name>
         <value>0x8c57</value>
      </symbol>
      <symbol id="sm-13d0">
         <name>DMA_INT3_IRQHandler</name>
         <value>0x8c57</value>
      </symbol>
      <symbol id="sm-13d1">
         <name>DMA_INT2_IRQHandler</name>
         <value>0x8c57</value>
      </symbol>
      <symbol id="sm-13d2">
         <name>DMA_INT1_IRQHandler</name>
         <value>0x8c57</value>
      </symbol>
      <symbol id="sm-13d3">
         <name>DMA_INT0_IRQHandler</name>
         <value>0x8c57</value>
      </symbol>
      <symbol id="sm-13d4">
         <name>PORT1_IRQHandler</name>
         <value>0xbbd</value>
      </symbol>
      <symbol id="sm-13d5">
         <name>PORT2_IRQHandler</name>
         <value>0x8c57</value>
      </symbol>
      <symbol id="sm-13d6">
         <name>PORT3_IRQHandler</name>
         <value>0x741</value>
      </symbol>
      <symbol id="sm-13d7">
         <name>PORT4_IRQHandler</name>
         <value>0x895</value>
      </symbol>
      <symbol id="sm-13d8">
         <name>PORT5_IRQHandler</name>
         <value>0xa71</value>
      </symbol>
      <symbol id="sm-13d9">
         <name>PORT6_IRQHandler</name>
         <value>0x8c57</value>
      </symbol>
      <symbol id="sm-13da">
         <name>remove</name>
         <value>0x8661</value>
      </symbol>
   </symbol_table>
   <title>Link successful</title>
</link_info>
